 ThiefMP

 Timestamp is 4d1022d6 (Mon Dec 20 22:45:26 2010)

 Preferred load address is 10000000

 Start         Length     Name                   Class
 0001:00000000 0001e410H .text                   CODE
 0001:0001e410 00000c81H .text$x                 CODE
 0001:0001f0a0 00000133H .text$yc                CODE
 0001:0001f1e0 0000007cH .text$yd                CODE
 0002:00000000 00000238H .idata$5                DATA
 0002:00000240 00005174H .rdata                  DATA
 0002:000053b4 0000003dH .rdata$debug            DATA
 0002:000053f4 00000044H .rdata$r                DATA
 0002:00005438 00000004H .rtc$IAA                DATA
 0002:0000543c 00000004H .rtc$IZZ                DATA
 0002:00005440 00000004H .rtc$TAA                DATA
 0002:00005444 00000004H .rtc$TZZ                DATA
 0002:00005448 00001334H .xdata$x                DATA
 0002:0000677c 00000078H .idata$2                DATA
 0002:000067f4 00000014H .idata$3                DATA
 0002:00006808 00000238H .idata$4                DATA
 0002:00006a40 00000c7aH .idata$6                DATA
 0002:000076ba 00000000H .edata                  DATA
 0003:00000000 00000004H .CRT$XCA                DATA
 0003:00000004 00000004H .CRT$XCAA               DATA
 0003:00000008 00000024H .CRT$XCU                DATA
 0003:0000002c 00000004H .CRT$XCZ                DATA
 0003:00000030 00000004H .CRT$XIA                DATA
 0003:00000034 00000004H .CRT$XIZ                DATA
 0003:00000040 00002694H .data                   DATA
 0003:000026d8 00002328H .bss                    DATA
 0004:00000000 00000250H .rsrc$01                DATA
 0004:00000250 00001628H .rsrc$02                DATA

  Address         Publics by Value              Rva+Base     Lib:Object

 0000:00000000       ___safe_se_handler_table   00000000     <absolute>
 0000:00000000       __except_list              00000000     <absolute>
 0000:00000000       ___safe_se_handler_count   00000000     <absolute>
 0000:00009876       __ldused                   00009876     <absolute>
 0000:00009876       __fltused                  00009876     <absolute>
 0001:00000000       _cDynArray_ctor            10001000 f   sshock2.obj
 0001:00000010       _cTag_ctor                 10001010 f   sshock2.obj
 0001:00000023       _cDABase_dtor1             10001023 f   sshock2.obj
 0001:00000037       _DarkPlayerActionToSchemaIdx 10001037 f   sshock2.obj
 0001:0000020f       _ShockPlayerActionToSchemaIdx 1000120f f   sshock2.obj
 0001:000003fe       _ShockSetMode              100013fe f   sshock2.obj
 0001:0000062f       _cPhysModels_Get           1000162f f   sshock2.obj
 0001:000006e0       _PlayerAction_GetTagName   100016e0 f   sshock2.obj
 0001:00000700       _PlayerAction_GetAnimName  10001700 f   sshock2.obj
 0001:00000750       ?CreateAI@HookAIManager@@YGHPAUIAIManager@@HPBD@Z 10001750 f   AIManager.obj
 0001:00000760       ?TransferAI@HookAIManager@@YGHPAUIAIManager@@HH@Z 10001760 f   AIManager.obj
 0001:000007a0       ?StartConversation@HookAIManager@@YGHPAUIAIManager@@H@Z 100017a0 f   AIManager.obj
 0001:00000830       ?MakeProxyAI@HookAINetManager@@YGJPAUIAINetManager@@HH@Z 10001830 f   AIManager.obj
 0001:000009f0       ?OnUseWeapon@@YAXH@Z       100019f0 f   Commands.obj
 0001:00000a90       ?OnSimMenu@@YAXXZ          10001a90 f   Commands.obj
 0001:00000ac0       ?OnObjectives@@YAXXZ       10001ac0 f   Commands.obj
 0001:00000b00       ?OnAutomap@@YAXXZ          10001b00 f   Commands.obj
 0001:00000b40       ?OverlayFilter@@YA_NXZ     10001b40 f   Commands.obj
 0001:00000b50       ?PatchCommands@@YAX_N@Z    10001b50 f   Commands.obj
 0001:00000c20       ?OnDropItem@@YAXXZ         10001c20 f   Commands.obj
 0001:00000ce0       ?OnWinMission@@YAXXZ       10001ce0 f   Commands.obj
 0001:00000d60       ?HookDarkCombatDamageListener@@YGKPBUsDamageMsg@@PAX@Z 10001d60 f   Damage.obj
 0001:00000d70       ?DamageObject@HookSimpleDamageModel@@YGJKHHPAUsDamage@@PAUsChainedEvent@@H@Z 10001d70 f   Damage.obj
 0001:00000e10       ?DarkDamageListener@@YGKPBUsDamageMsg@@PAX@Z 10001e10 f   Damage.obj
 0001:00000f00       ?EndMission@HookDarkGameSrv@@YGJK@Z 10001f00 f   DarkGameSrv.obj
 0001:00000f40       ?FadeToBlack@HookDarkGameSrv@@YGJKM@Z 10001f40 f   DarkGameSrv.obj
 0001:00000f70       ?SlotFileName@HookDarkFilePanel@@YGPBDH@Z 10001f70 f   FilePanel.obj
 0001:00000fe0       ?DoFileOp@HookSaveFilePanel@@YIXPAKHH@Z 10001fe0 f   FilePanel.obj
 0001:00001030       ?ReceiveFullHeartbeat@HookGhostReceive@@YAXHHHPAUsGhostHeartbeat@@PAUsGhostMoCap@@@Z 10002030 f   GhostReceive.obj
 0001:00001050       ?CreatePlan@HookGroundActionManeuverFactory@@YGPAVcMotionPlan@@PBVcMotionSchema@@AAUsMcMotorState@@AAUsMcMoveState@@AAUsMcMoveParams@@PAVIMotor@@PAVcMotionCoordinator@@@Z 10002050 f   Motions.obj
 0001:00001100       ?CreatePlan@HookPlayerManeuverFactory@@YGPAVcMotionPlan@@PBVcMotionSchema@@AAUsMcMotorState@@AAUsMcMoveState@@AAUsMcMoveParams@@PAVIMotor@@PAVcMotionCoordinator@@@Z 10002100 f   Motions.obj
 0001:00001140       ?CreatePlan@HookGroundLocoManeuverFactory@@YGPAVcMotionPlan@@PBVcMotionSchema@@AAUsMcMotorState@@AAUsMcMoveState@@AAUsMcMoveParams@@PAVIMotor@@PAVcMotionCoordinator@@@Z 10002140 f   Motions.obj
 0001:00001180       ?Join@HookNet@@YGHPAUINet@@PBD11@Z 10002180 f   Net.obj
 0001:00001270       ?SimpleCreatePlayer@HookNet@@YGJPAUINet@@PAD@Z 10002270 f   Net.obj
 0001:000012a0       ?Host@HookNet@@YGHPAUINet@@PAD1@Z 100022a0 f   Net.obj
 0001:00001330       ?Leave@HookNetManager@@YGXPAUINetManager@@@Z 10002330 f   NetManager.obj
 0001:00001360       ?EnumPlayersCallback@HookNetManager@@YGHKKPBUDPNAME@@KPAX@Z 10002360 f   NetManager.obj
 0001:000013c0       ?InitExistingPlayer@HookNetManager@@YGHKKPBUDPNAME@@KPAX@Z 100023c0 f   NetManager.obj
 0001:00001410       ?_DestroyNetPlayerCallback@HookNetManager@@YGHKKPBUDPNAME@@KPAX@Z 10002410 f   NetManager.obj
 0001:00001460       ?GetPlayerAddress@HookNetManager@@YGPBDKH@Z 10002460 f   NetManager.obj
 0001:00001470       ?SuspendMessaging@HookNetManager@@YGXPAUINetManager@@@Z 10002470 f   NetManager.obj
 0001:00001480       ?ResumeMessaging@HookNetManager@@YGXPAUINetManager@@@Z 10002480 f   NetManager.obj
 0001:00001490       ?MyAvatarArchetype@HookDarkNetServices@@YGHK@Z 10002490 f   NetManager.obj
 0001:00001520       ?NetDisconnectListener@@YAXKKPAX@Z 10002520 f   NetManager.obj
 0001:000015b0       ?NetDisconnectListenerInit@@YAXXZ 100025b0 f   NetManager.obj
 0001:000015e0       ?HandleMsg@HookNetMsg@@YIXPAVcNetMsg@@HPBUsNetMsg_Generic@@KH@Z 100025e0 f   NetMsg.obj
 0001:00001620       ?MarshalArguments@HookNetMsg@@YIHPAVcNetMsg@@HPADPAHPAI@Z 10002620 f   NetMsg.obj
 0001:00001660       ?ClearTables@HookObjectNetworking@@YGXPAUIObjectNetworking@@@Z 10002660 f   Objects.obj
 0001:00001670       ?ObjRegisterProxy@HookObjectNetworking@@YGXPAUIObjectNetworking@@HFH@Z 10002670 f   Objects.obj
 0001:00001680       ?ObjGetProxy@HookObjectNetworking@@YGHPAUIObjectNetworking@@HF@Z 10002680 f   Objects.obj
 0001:00001690       ?ObjDeleteProxy@HookObjectNetworking@@YGXPAUIObjectNetworking@@H@Z 10002690 f   Objects.obj
 0001:000016a0       ?ObjIsProxy@HookObjectNetworking@@YGHPAUIObjectNetworking@@H@Z 100026a0 f   Objects.obj
 0001:000016b0       ?ObjHostInfo@HookObjectNetworking@@YGXPAUIObjectNetworking@@HPAHPAF@Z 100026b0 f   Objects.obj
 0001:000016c0       ?ObjTakeOver@HookObjectNetworking@@YGXPAUIObjectNetworking@@H@Z 100026c0 f   Objects.obj
 0001:00001700       ?ObjGiveTo@HookObjectNetworking@@YGXPAUIObjectNetworking@@HHH@Z 10002700 f   Objects.obj
 0001:00001740       ?ObjGiveWithoutObjID@HookObjectNetworking@@YGXPAUIObjectNetworking@@HH@Z 10002740 f   Objects.obj
 0001:00001790       ?StartBeginCreate@HookObjectNetworking@@YGXPAUIObjectNetworking@@HH@Z 10002790 f   Objects.obj
 0001:000017a0       ?FinishBeginCreate@HookObjectNetworking@@YGXPAUIObjectNetworking@@H@Z 100027a0 f   Objects.obj
 0001:000017e0       ?StartEndCreate@HookObjectNetworking@@YGXPAUIObjectNetworking@@H@Z 100027e0 f   Objects.obj
 0001:000017f0       ?FinishEndCreate@HookObjectNetworking@@YGXPAUIObjectNetworking@@H@Z 100027f0 f   Objects.obj
 0001:00001800       ?StartDestroy@HookObjectNetworking@@YGXPAUIObjectNetworking@@H@Z 10002800 f   Objects.obj
 0001:00001840       ?NotifyObjRemapped@HookObjectNetworking@@YGXPAUIObjectNetworking@@HH@Z 10002840 f   Objects.obj
 0001:00001850       ?ObjectIsVisible@@YAHH@Z   10002850 f   Objects.obj
 0001:00001880       ?Add@HookContainSys@@YGJPAUIContainSys@@HHII@Z 10002880 f   Objects.obj
 0001:00001980       ?Select@HookInventory@@YGJPAUIInventory@@H@Z 10002980 f   Objects.obj
 0001:00001a20       ?ClearSelection@HookInventory@@YGJPAUIInventory@@W4eWhichInvObj@@@Z 10002a20 f   Objects.obj
 0001:00001aa0       ?HookFrobPickup@@YAXHH@Z   10002aa0 f   Packets.obj
 0001:00001ae0       ?HookRegSphere@@YAXHHKMPAUmxs_vector@@K@Z 10002ae0 f   Packets.obj
 0001:00001af0       ?HookHandleCreateQuestData@@YAXPADHHK@Z 10002af0 f   Packets.obj
 0001:00001b30       ?HookHandleSetQuestData@@YAXPADHK@Z 10002b30 f   Packets.obj
 0001:00001b70       ?PatcherTerm@@YAXXZ        10002b70 f   Patcher.obj
 0001:00001b70       ?GhostInstallFireListener@@YAXH@Z 10002b70 f   Ghost.obj
 0001:00001b70       ?SendCreatePlayerNetMsg@HookNetManager@@YGXXZ 10002b70 f   NetManager.obj
 0001:00001b70       ?HookHandleHaltSound@@YAXHH@Z 10002b70 f   Packets.obj
 0001:00001b80       ?HookHandleFinishSynch@@YAXPAUINetManager@@@Z 10002b80 f   Packets.obj
 0001:00001b90       ?HookHandlePlayerInfo@@YAXHPAD0HPAUINetManager@@@Z 10002b90 f   Packets.obj
 0001:00001bf0       ?HookFrobRequest@@YAXHHHHHHH@Z 10002bf0 f   Packets.obj
 0001:00001c00       ?HookHandleRequestDestroy@@YAXH@Z 10002c00 f   Packets.obj
 0001:00001c60       ?HookHandleFireProjectile@@YAXHHKMPAUmxs_vector@@PAUmxs_angvec@@0@Z 10002c60 f   Packets.obj
 0001:00001cc0       ?HookHandleFrobPickup@@YAXHH@Z 10002cc0 f   Packets.obj
 0001:00001eb0       ?OnReact@HookReactions@@QAGXKPAUsReactionEvent@@PAUsReactionParam@@@Z 10002eb0 f   Reactions.obj
 0001:00001f10       ?OnStartAttack@HookBowSrv@@QAGJXZ 10002f10 f   ScriptService.obj
 0001:00001f40       ?OnFinishAttack@HookBowSrv@@QAGJXZ 10002f40 f   ScriptService.obj
 0001:00001f60       ?FinishPicking@HookPickLockSrv@@YGHKH@Z 10002f60 f   ScriptService.obj
 0001:00001f70       ?MPrint@HookDebugScrSrv@@YGJPAKAAVcScrStr@@1111111@Z 10002f70 f   ScriptService.obj
 0001:00001fd0       ?StartPicking@HookPickLockSrv@@YGHKHHH@Z 10002fd0 f   ScriptService.obj
 0001:00002010       ?SendPropertyMsg@HookStoredProperty@@YGHPAUsNetMsg_Generic@@HHK@Z 10003010 f   StoredProperty.obj
 0001:00002060       ?ReceivePropertyMsg@HookStoredProperty@@YGXPBUsNetMsg_Generic@@KKH@Z 10003060 f   StoredProperty.obj
 0001:000020a0       ??1CCriticalSection@@QAE@XZ 100030a0 f i DarkPeer.obj
 0001:000020b0       ??1IDarkNet@@UAE@XZ        100030b0 f i DarkPeer.obj
 0001:000020c0       ??_GIDarkNet@@UAEPAXI@Z    100030c0 f i DarkPeer.obj
 0001:000020c0       ??_EIDarkNet@@UAEPAXI@Z    100030c0 f i DarkPeer.obj
 0001:000020e0       ??1logic_error@std@@UAE@XZ 100030e0 f i DarkPeer.obj
 0001:00002140       ?what@logic_error@std@@UBEPBDXZ 10003140 f i DarkPeer.obj
 0001:00002150       ??_Elogic_error@std@@UAEPAXI@Z 10003150 f i DarkPeer.obj
 0001:00002150       ??_Glogic_error@std@@UAEPAXI@Z 10003150 f i DarkPeer.obj
 0001:00002170       ??_Glength_error@std@@UAEPAXI@Z 10003170 f i DarkPeer.obj
 0001:00002170       ??_Elength_error@std@@UAEPAXI@Z 10003170 f i DarkPeer.obj
 0001:00002190       ??1length_error@std@@UAE@XZ 10003190 f i DarkPeer.obj
 0001:000021a0       ??_Gout_of_range@std@@UAEPAXI@Z 100031a0 f i DarkPeer.obj
 0001:000021a0       ??_Eout_of_range@std@@UAEPAXI@Z 100031a0 f i DarkPeer.obj
 0001:000021c0       ??1out_of_range@std@@UAE@XZ 100031c0 f i DarkPeer.obj
 0001:000021d0       ??0ConnectAttempt@@QAE@XZ  100031d0 f i DarkPeer.obj
 0001:00002220       ??1ConnectAttempt@@QAE@XZ  10003220 f i DarkPeer.obj
 0001:00002270       ?CancelEnumeration@CDarkPeer@@UAEXXZ 10003270 f   DarkPeer.obj
 0001:00002290       ?CancelAllEnumerations@CDarkPeer@@UAEXXZ 10003290 f   DarkPeer.obj
 0001:000022b0       ?Close@CDarkPeer@@UAEXXZ   100032b0 f   DarkPeer.obj
 0001:000022e0       ?CrashCleanup@CDarkPeer@@UAEXXZ 100032e0 f   DarkPeer.obj
 0001:00002310       ?ConnectToServer@CDarkPeer@@UAE_NPBD0@Z 10003310 f   DarkPeer.obj
 0001:00002360       ?DestroyPeer@CDarkPeer@@UAE_NKPBXK@Z 10003360 f   DarkPeer.obj
 0001:00002390       ?GetSendQueues@CDarkPeer@@UAEXXZ 10003390 f   DarkPeer.obj
 0001:00002460       ?GetHostConnectionInfo@CDarkPeer@@UAEJPAU_DPN_CONNECTION_INFO@@@Z 10003460 f   DarkPeer.obj
 0001:00002480       ?GetConnectionInfo@CDarkPeer@@UAEJKPAU_DPN_CONNECTION_INFO@@@Z 10003480 f   DarkPeer.obj
 0001:000024b0       ?GetPeer@CDarkPeer@@UAEPAUIDirectPlay8Peer@@XZ 100034b0 f   DarkPeer.obj
 0001:000024c0       ?GetLocalID@CDarkPeer@@UAEKXZ 100034c0 f   DarkPeer.obj
 0001:000024d0       ?InitGlobalLink@CDarkPeer@@IAE_NXZ 100034d0 f   DarkPeer.obj
 0001:00002620       ?GetConnectEventHandle@CDarkPeer@@UAEPAXXZ 10003620 f   DarkPeer.obj
 0001:00002630       ?GetPeerInfo@CDarkPeer@@UAEPAU_DPN_PLAYER_INFO@@K@Z 10003630 f   DarkPeer.obj
 0001:000026c0       ?SendToAll@CDarkPeer@@UAEXPAXKKK@Z 100036c0 f   DarkPeer.obj
 0001:000026e0       ?SendOP@CDarkPeer@@UAEXKPAXKKK@Z 100036e0 f   DarkPeer.obj
 0001:000027c0       ?Update@CDarkPeer@@UAEXXZ  100037c0 f   DarkPeer.obj
 0001:000027e0       ?SetPlayerInfo@CDarkPeer@@UAEJXZ 100037e0 f   DarkPeer.obj
 0001:00002870       ?Shutdown@CDarkPeer@@UAEXXZ 10003870 f   DarkPeer.obj
 0001:00002920       ?GetSessionManager@CDarkPeer@@UAEPAVCDarkSessionManager@@XZ 10003920 f   DarkPeer.obj
 0001:00002930       ?GetSessionInfo@CDarkPeer@@UBEABUSessionInfo@@XZ 10003930 f   DarkPeer.obj
 0001:00002940       ?GetOldPlayerData@CDarkPeer@@UAEAAV?$map@KPAUDP4Data@@U?$less@K@std@@V?$allocator@U?$pair@$$CBKPAUDP4Data@@@std@@@3@@std@@XZ 10003940 f   DarkPeer.obj
 0001:00002950       ?ReceivedPlayers@CDarkPeer@@UBE_NXZ 10003950 f   DarkPeer.obj
 0001:00002960       ?SetReceivedPlayers@CDarkPeer@@UAEX_N@Z 10003960 f   DarkPeer.obj
 0001:00002970       ?SendHeartbeat@CDarkPeer@@UAEXXZ 10003970 f   DarkPeer.obj
 0001:00002980       ?EnumHosts@CDarkPeer@@UAEXPBD0@Z 10003980 f   DarkPeer.obj
 0001:00002a80       ?OnEnumerationResponse@CDarkPeer@@IAEXPAU_DPNMSG_ENUM_HOSTS_RESPONSE@@@Z 10003a80 f   DarkPeer.obj
 0001:00002c70       ?GetSendQueueStats@CDarkPeer@@UAE_NAAUQueueStats@@@Z 10003c70 f   DarkPeer.obj
 0001:00002c90       ?SendToHost@CDarkPeer@@UAEXPAXKK@Z 10003c90 f   DarkPeer.obj
 0001:00002ce0       ?Send@CDarkPeer@@UAEXKPAXKKK@Z 10003ce0 f   DarkPeer.obj
 0001:00002dd0       ?SendChat@CDarkPeer@@UAEX_NPBD@Z 10003dd0 f   DarkPeer.obj
 0001:00002e90       ?HandleGameModeEntry@CDarkPeer@@IAEXXZ 10003e90 f   DarkPeer.obj
 0001:00002f40       ?EventHandler@CDarkPeer@@UAEXHPAX@Z 10003f40 f   DarkPeer.obj
 0001:00002f70       ?PopQueuedMessage@CDarkPeer@@UAEPAUNetMessage@@XZ 10003f70 f   DarkPeer.obj
 0001:00002fb0       ?Start@ConnectAttempt@@QAEXIPBDPBG@Z 10003fb0 f   DarkPeer.obj
 0001:00003010       ?GetPlayers@@YAXQAH@Z      10004010 f   DarkPeer.obj
 0001:00003070       ??1?$SimpleQueue@H@@QAE@XZ 10004070 f i Gamesys.obj
 0001:00003070       ??1?$SimpleQueue@D@@QAE@XZ 10004070 f i ConsoleGUI.obj
 0001:00003070       ??1?$SimpleQueue@UNetMessage@@@@QAE@XZ 10004070 f i DarkPeer.obj
 0001:00003080       ?Push@?$SimpleQueue@UNetMessage@@@@QAEXPAUNetMessage@@@Z 10004080 f i DarkPeer.obj
 0001:00003080       ?Push@?$SimpleQueue@D@@QAEXPAD@Z 10004080 f i ConsoleGUI.obj
 0001:00003080       ?Push@?$SimpleQueue@H@@QAEXPAH@Z 10004080 f i Gamesys.obj
 0001:000030f0       ?HandleCreatePlayerMsg@CDarkPeer@@IAEXPAU_DPNMSG_CREATE_PLAYER@@@Z 100040f0 f   DarkPeer.obj
 0001:00003330       ?HandleNewPacket@CDarkPeer@@IAEXPAEKK@Z 10004330 f   DarkPeer.obj
 0001:000033a0       ?_Buynode@?$_Tree@V?$_Tmap_traits@HHU?$less@H@std@@V?$allocator@U?$pair@$$CBHH@std@@@2@$0A@@std@@@std@@IAEPAU_Node@?$_Tree_nod@V?$_Tmap_traits@HHU?$less@H@std@@V?$allocator@U?$pair@$$CBHH@std@@@2@$0A@@std@@@2@XZ 100043a0 f i Gamesys.obj
 0001:000033a0       ?_Buynode@?$_Tree@V?$_Tmap_traits@KPAUDP4Data@@U?$less@K@std@@V?$allocator@U?$pair@$$CBKPAUDP4Data@@@std@@@3@$0A@@std@@@std@@IAEPAU_Node@?$_Tree_nod@V?$_Tmap_traits@KPAUDP4Data@@U?$less@K@std@@V?$allocator@U?$pair@$$CBKPAUDP4Data@@@std@@@3@$0A@@std@@@2@XZ 100043a0 f i DarkPeer.obj
 0001:000033e0       ?_Buynode@?$_Tree@V?$_Tmap_traits@HHU?$less@H@std@@V?$allocator@U?$pair@$$CBHH@std@@@2@$0A@@std@@@std@@IAEPAU_Node@?$_Tree_nod@V?$_Tmap_traits@HHU?$less@H@std@@V?$allocator@U?$pair@$$CBHH@std@@@2@$0A@@std@@@2@PAU342@00ABU?$pair@$$CBHH@2@D@Z 100043e0 f i Gamesys.obj
 0001:000033e0       ?_Buynode@?$_Tree@V?$_Tmap_traits@KPAUDP4Data@@U?$less@K@std@@V?$allocator@U?$pair@$$CBKPAUDP4Data@@@std@@@3@$0A@@std@@@std@@IAEPAU_Node@?$_Tree_nod@V?$_Tmap_traits@KPAUDP4Data@@U?$less@K@std@@V?$allocator@U?$pair@$$CBKPAUDP4Data@@@std@@@3@$0A@@std@@@2@PAU342@00ABU?$pair@$$CBKPAUDP4Data@@@2@D@Z 100043e0 f i DarkPeer.obj
 0001:00003420       ?_Erase@?$_Tree@V?$_Tmap_traits@KPAUDP4Data@@U?$less@K@std@@V?$allocator@U?$pair@$$CBKPAUDP4Data@@@std@@@3@$0A@@std@@@std@@IAEXPAU_Node@?$_Tree_nod@V?$_Tmap_traits@KPAUDP4Data@@U?$less@K@std@@V?$allocator@U?$pair@$$CBKPAUDP4Data@@@std@@@3@$0A@@std@@@2@@Z 10004420 f i DarkPeer.obj
 0001:00003460       ?_Insert@?$_Tree@V?$_Tmap_traits@KPAUDP4Data@@U?$less@K@std@@V?$allocator@U?$pair@$$CBKPAUDP4Data@@@std@@@3@$0A@@std@@@std@@IAE?AViterator@12@_NPAU_Node@?$_Tree_nod@V?$_Tmap_traits@KPAUDP4Data@@U?$less@K@std@@V?$allocator@U?$pair@$$CBKPAUDP4Data@@@std@@@3@$0A@@std@@@2@ABU?$pair@$$CBKPAUDP4Data@@@2@@Z 10004460 f i DarkPeer.obj
 0001:00003620       ??0logic_error@std@@QAE@ABV01@@Z 10004620 f i DarkPeer.obj
 0001:00003680       ??0length_error@std@@QAE@ABV01@@Z 10004680 f i DarkPeer.obj
 0001:000036a0       ?erase@?$_Tree@V?$_Tmap_traits@KPAUDP4Data@@U?$less@K@std@@V?$allocator@U?$pair@$$CBKPAUDP4Data@@@std@@@3@$0A@@std@@@std@@QAE?AViterator@12@V312@@Z 100046a0 f i DarkPeer.obj
 0001:00003970       ??0out_of_range@std@@QAE@ABV01@@Z 10004970 f i DarkPeer.obj
 0001:00003990       ?insert@?$_Tree@V?$_Tmap_traits@KPAUDP4Data@@U?$less@K@std@@V?$allocator@U?$pair@$$CBKPAUDP4Data@@@std@@@3@$0A@@std@@@std@@QAE?AU?$pair@Viterator@?$_Tree@V?$_Tmap_traits@KPAUDP4Data@@U?$less@K@std@@V?$allocator@U?$pair@$$CBKPAUDP4Data@@@std@@@3@$0A@@std@@@std@@_N@2@ABU?$pair@$$CBKPAUDP4Data@@@2@@Z 10004990 f i DarkPeer.obj
 0001:00003a50       ?erase@?$_Tree@V?$_Tmap_traits@KPAUDP4Data@@U?$less@K@std@@V?$allocator@U?$pair@$$CBKPAUDP4Data@@@std@@@3@$0A@@std@@@std@@QAE?AViterator@12@V312@0@Z 10004a50 f i DarkPeer.obj
 0001:00003b10       ?insert@?$_Tree@V?$_Tmap_traits@KPAUDP4Data@@U?$less@K@std@@V?$allocator@U?$pair@$$CBKPAUDP4Data@@@std@@@3@$0A@@std@@@std@@QAE?AViterator@12@V312@ABU?$pair@$$CBKPAUDP4Data@@@2@@Z 10004b10 f i DarkPeer.obj
 0001:00003c80       ??A?$map@KPAUDP4Data@@U?$less@K@std@@V?$allocator@U?$pair@$$CBKPAUDP4Data@@@std@@@3@@std@@QAEAAPAUDP4Data@@ABK@Z 10004c80 f i DarkPeer.obj
 0001:00003d00       ??1?$map@KPAUDP4Data@@U?$less@K@std@@V?$allocator@U?$pair@$$CBKPAUDP4Data@@@std@@@3@@std@@QAE@XZ 10004d00 f i DarkPeer.obj
 0001:00003d30       ??1CDarkPeer@@UAE@XZ       10004d30 f   DarkPeer.obj
 0001:00003ed0       ?EventHandler@CDarkPeer@@W3AEXHPAX@Z 10004ed0 f i DarkPeer.obj
 0001:00003ee0       ?MessageHandler@CDarkPeer@@IAEJPAXK0@Z 10004ee0 f   DarkPeer.obj
 0001:00004220       ??_GCDarkPeer@@UAEPAXI@Z   10005220 f i DarkPeer.obj
 0001:00004220       ??_ECDarkPeer@@UAEPAXI@Z   10005220 f i DarkPeer.obj
 0001:00004240       ?StaticMessageHandler@CDarkPeer@@KGJPAXK0@Z 10005240 f   DarkPeer.obj
 0001:00004250       ?InitClient@CDarkPeer@@IAEXXZ 10005250 f   DarkPeer.obj
 0001:00004470       ?InitServer@CDarkPeer@@IAEXXZ 10005470 f   DarkPeer.obj
 0001:00004810       ??0CDarkPeer@@QAE@W4NetState@@@Z 10005810 f   DarkPeer.obj
 0001:000049c0       ?SetApplicationDesc@CDarkSessionManager@@QAEXPBU_DPN_APPLICATION_DESC@@@Z 100059c0 f   DarkSessionManager.obj
 0001:00004a40       ?DPGetApplicationDesc@CDarkSessionManager@@IAEXXZ 10005a40 f   DarkSessionManager.obj
 0001:00004ac0       ?SetSessionInfo@CDarkSessionManager@@QAEXPBU_DPN_APPLICATION_DESC@@@Z 10005ac0 f   DarkSessionManager.obj
 0001:00004b60       ?GetSessionInfo@CDarkSessionManager@@QBEABUSessionInfo@@XZ 10005b60 f   DarkSessionManager.obj
 0001:00004b70       ??0CDarkSessionManager@@QAE@PAUIDirectPlay8Peer@@@Z 10005b70 f   DarkSessionManager.obj
 0001:00004be0       ??1CDarkSessionManager@@UAE@XZ 10005be0 f   DarkSessionManager.obj
 0001:00004c50       ?GetServerName@CDarkSessionManager@@QBEPBDXZ 10005c50 f   DarkSessionManager.obj
 0001:00004c60       ?UpdateSessionInfo@CDarkSessionManager@@QAEXXZ 10005c60 f   DarkSessionManager.obj
 0001:00004d80       ??_GCDarkSessionManager@@UAEPAXI@Z 10005d80 f i DarkSessionManager.obj
 0001:00004d80       ??_ECDarkSessionManager@@UAEPAXI@Z 10005d80 f i DarkSessionManager.obj
 0001:00004da0       ?Rebuild@CMarshalled@@UAEXPAE@Z 10005da0 f   Marshal.obj
 0001:00004de0       ?CopyMultiParm@CDarkMarshalBuffer@@QAEXABUsMultiParm@@@Z 10005de0 f   Marshal.obj
 0001:00004e10       ?CopyChainedEvent@CDarkMarshalBuffer@@QAEXABUsChainedEvent@@@Z 10005e10 f   Marshal.obj
 0001:00004e50       ?GetChainedEvent@CDarkMarshalBuffer@@QAEXAAUsChainedEvent@@@Z 10005e50 f   Marshal.obj
 0001:00004e90       ?GetMultiParm@CDarkMarshalBuffer@@QAEXAAUsMultiParm@@@Z 10005e90 f   Marshal.obj
 0001:00004ec0       ?Send@CMarshalled@@UAEHKK@Z 10005ec0 f   Marshal.obj
 0001:00004f30       ?CopyGlobalFromObj@CDarkMarshalBuffer@@QAEXH@Z 10005f30 f   Marshal.obj
 0001:00004f60       ?CopyReactionEvent@CDarkMarshalBuffer@@QAEXABUsReactionEvent@@@Z 10005f60 f   Marshal.obj
 0001:00004fa0       ?CopyReactionParam@CDarkMarshalBuffer@@QAEXABUsReactionParam@@@Z 10005fa0 f   Marshal.obj
 0001:00005000       ?GetObjFromGlobal@CDarkMarshalBuffer@@QAEHXZ 10006000 f   Marshal.obj
 0001:00005030       ?GetReactionEvent@CDarkMarshalBuffer@@QAEXAAUsReactionEvent@@@Z 10006030 f   Marshal.obj
 0001:00005070       ?GetReactionParam@CDarkMarshalBuffer@@QAEXAAUsReactionParam@@@Z 10006070 f   Marshal.obj
 0001:000050d0       ?SendTimeLimit@@YAXXZ      100060d0 f   Network.obj
 0001:00005110       ?NetSimCallback@@YAXHH@Z   10006110 f   Network.obj
 0001:00005190       ?ObjectSendData@@YAXHHPAXKK@Z 10006190 f   Network.obj
 0001:00005230       ?SendAddLoot@@YAXHK@Z      10006230 f   Network.obj
 0001:000052c0       ?SendEndMission@@YAXXZ     100062c0 f   Network.obj
 0001:00005320       ?SendPlayerStopAnimation@@YAXXZ 10006320 f   Network.obj
 0001:00005390       ??1PlayerData@@QAE@XZ      10006390 f i PlayerDB.obj
 0001:000053a0       ??0PlayerData@@QAE@XZ      100063a0 f i PlayerDB.obj
 0001:000053b0       ?ClearPlayerInfo@PlayerDB@@QAEXXZ 100063b0 f   PlayerDB.obj
 0001:00005470       ??1PlayerDB@@QAE@XZ        10006470 f i PlayerDB.obj
 0001:00005480       ??0PlayerDB@@QAE@XZ        10006480 f   PlayerDB.obj
 0001:000054e0       ?NameFromIndex@PlayerDB@@QAEPBDH@Z 100064e0 f   PlayerDB.obj
 0001:00005550       ?NameFromDPNID@PlayerDB@@QAEPBDK@Z 10006550 f   PlayerDB.obj
 0001:000055d0       ?SetPlayerInfo@PlayerDB@@QAEXHPBDH@Z 100065d0 f   PlayerDB.obj
 0001:000056a0       ??0CNetMsg_GenericReaction@@QAE@FPAUsReactionEvent@@PAUsReactionParam@@@Z 100066a0 f   T2GenericReaction.obj
 0001:00005780       ?Marshal@CNetMsg_GenericReaction@@UAEXAAVCDarkMarshalBuffer@@@Z 10006780 f   T2GenericReaction.obj
 0001:00005850       ?Unmarshal@CNetMsg_GenericReaction@@UAEXAAVCDarkMarshalBuffer@@@Z 10006850 f   T2GenericReaction.obj
 0001:00005920       ??0CNetMsg_PlayerDeath@@QAE@HH@Z 10006920 f   T2PlayerDeath.obj
 0001:00005940       ?Marshal@CNetMsg_PlayerDeath@@UAEXAAVCDarkMarshalBuffer@@@Z 10006940 f   T2PlayerDeath.obj
 0001:00005980       ?Unmarshal@CNetMsg_PlayerDeath@@UAEXAAVCDarkMarshalBuffer@@@Z 10006980 f   T2PlayerDeath.obj
 0001:000059b0       ?Marshal@CNetMsg_ScriptMsg@@UAEXAAVCDarkMarshalBuffer@@@Z 100069b0 f   T2ScriptMsg.obj
 0001:00005a10       ?Unmarshal@CNetMsg_ScriptMsg@@UAEXAAVCDarkMarshalBuffer@@@Z 10006a10 f   T2ScriptMsg.obj
 0001:00005a70       ??0CNetMsg_ScriptMsg@@QAE@HHPBDPAUsMultiParm@@@Z 10006a70 f   T2ScriptMsg.obj
 0001:00005ad0       ??0sScrMsg@@QAE@XZ         10006ad0 f i T2ScriptMsg.obj
 0001:00005af0       ?CreateFrobMsg@CNetMsg_ScriptMsg@@IAEPAUsScrMsg@@XZ 10006af0 f   T2ScriptMsg.obj
 0001:00005b50       ?CreateScrMsg@CNetMsg_ScriptMsg@@IAEPAUsScrMsg@@XZ 10006b50 f   T2ScriptMsg.obj
 0001:00005ba0       ?ScriptMessageCreate@CNetMsg_ScriptMsg@@QAEPAUsScrMsg@@XZ 10006ba0 f   T2ScriptMsg.obj
 0001:00005bd0       ?GetInt@CEControl@EngCtrls@@UAEHXZ 10006bd0 f i ConnectDialog.obj
 0001:00005bf0       ?OnInitDialog@CConnectDialog@@QAEXPAUHWND__@@@Z 10006bf0 f   ConnectDialog.obj
 0001:00005c70       ?SaveSettings@CConnectDialog@@QAEXXZ 10006c70 f   ConnectDialog.obj
 0001:00005d00       ??0CConnectDialog@@QAE@XZ  10006d00 f   ConnectDialog.obj
 0001:00005d50       ?DialogProc@CConnectDialog@@QAGHPAUHWND__@@IIJ@Z 10006d50 f   ConnectDialog.obj
 0001:00005e80       ?OnConnect@CConnectDialog@@QAEXXZ 10006e80 f   ConnectDialog.obj
 0001:00005ee0       ?StaticDialogProc@CConnectDialog@@SGHPAUHWND__@@IIJ@Z 10006ee0 f   ConnectDialog.obj
 0001:00005f10       ?DisplayPage@CConnectDialog@@QAEXXZ 10006f10 f   ConnectDialog.obj
 0001:00006010       ??0HistoryItem@@QAE@PBD@Z  10007010 f i ConsoleGUI.obj
 0001:00006060       ??_EHistoryItem@@UAEPAXI@Z 10007060 f i ConsoleGUI.obj
 0001:00006060       ??_GHistoryItem@@UAEPAXI@Z 10007060 f i ConsoleGUI.obj
 0001:00006090       ?FindCommand@CConsoleBase@@QAEHPBD@Z 10007090 f   ConsoleGUI.obj
 0001:00006110       ?OnInit@CConsoleBase@@UAEXXZ 10007110 f   ConsoleGUI.obj
 0001:00006130       ?SetWindowTitle@CConsoleBase@@QAEXPBD@Z 10007130 f   ConsoleGUI.obj
 0001:00006150       ?SetCommands@CConsoleBase@@QAEXPAUConsoleCommand@@H@Z 10007150 f   ConsoleGUI.obj
 0001:00006170       ?SetAcceleratorTable@CConsoleBase@@QAEXH@Z 10007170 f   ConsoleGUI.obj
 0001:000061b0       ?ExecuteCommand@CConsoleBase@@QAEXHPBD@Z 100071b0 f   ConsoleGUI.obj
 0001:000062c0       ?ExecuteRaw@CConsoleBase@@QAE_NPAD@Z 100072c0 f   ConsoleGUI.obj
 0001:00006310       ?Update@CConsoleBase@@QAEXXZ 10007310 f   ConsoleGUI.obj
 0001:00006400       ?PostMessageA@CConsoleBase@@QAEXPBD@Z 10007400 f   ConsoleGUI.obj
 0001:00006450       ?_Buynode@?$list@PAVCServerListEntry@@V?$allocator@PAVCServerListEntry@@@std@@@std@@IAEPAU_Node@?$_List_nod@PAVCServerListEntry@@V?$allocator@PAVCServerListEntry@@@std@@@2@PAU342@0ABQAVCServerListEntry@@@Z 10007450 f i ServerList.obj
 0001:00006450       ?_Buynode@?$list@PAVConfigVar@@V?$allocator@PAVConfigVar@@@std@@@std@@IAEPAU_Node@?$_List_nod@PAVConfigVar@@V?$allocator@PAVConfigVar@@@std@@@2@PAU342@0ABQAVConfigVar@@@Z 10007450 f i Engine:ConfigManager.obj
 0001:00006450       ?_Buynode@?$list@PAVHistoryItem@@V?$allocator@PAVHistoryItem@@@std@@@std@@IAEPAU_Node@?$_List_nod@PAVHistoryItem@@V?$allocator@PAVHistoryItem@@@std@@@2@PAU342@0ABQAVHistoryItem@@@Z 10007450 f i ConsoleGUI.obj
 0001:00006450       ?_Buynode@?$list@PAVMessage@@V?$allocator@PAVMessage@@@std@@@std@@IAEPAU_Node@?$_List_nod@PAVMessage@@V?$allocator@PAVMessage@@@std@@@2@PAU342@0ABQAVMessage@@@Z 10007450 f i MessageManager.obj
 0001:00006480       ?_Incsize@?$list@PAVHistoryItem@@V?$allocator@PAVHistoryItem@@@std@@@std@@IAEXI@Z 10007480 f i ConsoleGUI.obj
 0001:00006520       ?Advance@HistoryManager@@QAEX_N@Z 10007520 f   ConsoleGUI.obj
 0001:00006580       ??1?$list@PAVMessage@@V?$allocator@PAVMessage@@@std@@@std@@QAE@XZ 10007580 f i MessageManager.obj
 0001:00006580       ??1?$list@PAVHistoryItem@@V?$allocator@PAVHistoryItem@@@std@@@std@@QAE@XZ 10007580 f i ConsoleGUI.obj
 0001:000065a0       ?OnDownKey@CConsoleBase@@UAEXXZ 100075a0 f   ConsoleGUI.obj
 0001:000065e0       ??1HistoryManager@@QAE@XZ  100075e0 f   ConsoleGUI.obj
 0001:00006680       ??0CConsoleBase@@QAE@PAUHINSTANCE__@@HHHP6GHPAUHWND__@@IIJ@Z@Z 10007680 f   ConsoleGUI.obj
 0001:000067b0       ??1CConsoleBase@@UAE@XZ    100077b0 f   ConsoleGUI.obj
 0001:00006810       ?OnUpKey@CConsoleBase@@UAEXXZ 10007810 f   ConsoleGUI.obj
 0001:00006870       ?AddLine@HistoryManager@@QAEXPBD@Z 10007870 f   ConsoleGUI.obj
 0001:00006930       ??_ECConsoleBase@@UAEPAXI@Z 10007930 f i ConsoleGUI.obj
 0001:00006930       ??_GCConsoleBase@@UAEPAXI@Z 10007930 f i ConsoleGUI.obj
 0001:00006950       ?OnEnterKey@CConsoleBase@@UAEXXZ 10007950 f   ConsoleGUI.obj
 0001:000069f0       ??0CThiefConsole@@QAE@PAUHINSTANCE__@@HHHP6GHPAUHWND__@@IIJ@Z@Z 100079f0 f i DarkWinGui.obj
 0001:00006a30       ?Startup@InterfaceManager@@UAEXXZ 10007a30 f   DarkWinGui.obj
 0001:00006a40       ?Shutdown@InterfaceManager@@UAEXXZ 10007a40 f   DarkWinGui.obj
 0001:00006a80       ?Update@InterfaceManager@@UAEXXZ 10007a80 f   DarkWinGui.obj
 0001:00006a90       ?PromptDisconnect@@YAHXZ   10007a90 f   DarkWinGui.obj
 0001:00006ab0       ?WinGuiTerm@@YAXXZ         10007ab0 f   DarkWinGui.obj
 0001:00006ae0       ??_ECThiefConsole@@UAEPAXI@Z 10007ae0 f i DarkWinGui.obj
 0001:00006ae0       ??_GCThiefConsole@@UAEPAXI@Z 10007ae0 f i DarkWinGui.obj
 0001:00006b00       ??1CThiefConsole@@UAE@XZ   10007b00 f i DarkWinGui.obj
 0001:00006b10       ?DialogProc@CThiefConsole@@QAGHPAUHWND__@@IIJ@Z 10007b10 f   DarkWinGui.obj
 0001:00007010       ?WinGuiInit@@YAXXZ         10008010 f   DarkWinGui.obj
 0001:00007070       ??_GInterfaceManager@@UAEPAXI@Z 10008070 f i DarkWinGui.obj
 0001:00007070       ??_EInterfaceManager@@UAEPAXI@Z 10008070 f i DarkWinGui.obj
 0001:000070d0       ?StaticDialogProc@CThiefConsole@@SGHPAUHWND__@@IIJ@Z 100080d0 f   DarkWinGui.obj
 0001:00007110       ?CreateChildWindow@InterfaceManager@@UAEXH@Z 10008110 f   DarkWinGui.obj
 0001:00007420       ?DbgMenuToggleEcho@@YAXXZ  10008420 f   DbgMenu.obj
 0001:00007430       ?EnableDebugMenuItems@@YAXPAUHMENU__@@@Z 10008430 f   DbgMenu.obj
 0001:00007590       ?Enable@CEEditBox@EngCtrls@@QAE_N_N@Z 10008590 f i HostDialog.obj
 0001:000075b0       ?InitControlStates@CHostDialog@@QAEXXZ 100085b0 f   HostDialog.obj
 0001:00007840       ?SaveSettings@CHostDialog@@QAEXXZ 10008840 f   HostDialog.obj
 0001:00007bc0       ??1?$IPtr@UIStructDescTools@@@@QAE@XZ 10008bc0 f i HostDialog.obj
 0001:00007bc0       ??1?$IPtr@UIResMan@@@@QAE@XZ 10008bc0 f i DarkUIUtils.obj
 0001:00007bc0       ??1?$IPtr@UIQuestData@@@@QAE@XZ 10008bc0 f i Commands.obj
 0001:00007bc0       ??1?$IPtr@UIAINetManager@@@@QAE@XZ 10008bc0 f i ClientPacketHandler.obj
 0001:00007bc0       ??1?$IPtr@UIGameStrings@@@@QAE@XZ 10008bc0 f i HostDialog.obj
 0001:00007bd0       ??0CHostDialog@@QAE@XZ     10008bd0 f   HostDialog.obj
 0001:00007c90       ?OnHost@CHostDialog@@QAEXXZ 10008c90 f   HostDialog.obj
 0001:00007d00       ?GetMissionFlags@CHostDialog@@QAEKH@Z 10008d00 f   HostDialog.obj
 0001:00007e00       ?InitButtons@CHostDialog@@QAEXXZ 10008e00 f   HostDialog.obj
 0001:00008150       ?DialogProc@CHostDialog@@QAGHPAUHWND__@@IIJ@Z 10009150 f   HostDialog.obj
 0001:00008310       ?StaticDialogProc@CHostDialog@@SGHPAUHWND__@@IIJ@Z 10009310 f   HostDialog.obj
 0001:00008340       ?DisplayPage@CHostDialog@@QAEXXZ 10009340 f   HostDialog.obj
 0001:00008400       ?OnInitDialog@CMissionSelectDialog@@QAEXPAUHWND__@@@Z 10009400 f   MissSelect.obj
 0001:00008510       ?DialogProc@CMissionSelectDialog@@QAGHPAUHWND__@@IIJ@Z 10009510 f   MissSelect.obj
 0001:000085b0       ?StaticDialogProc@CMissionSelectDialog@@SGHPAUHWND__@@IIJ@Z 100095b0 f   MissSelect.obj
 0001:000085e0       ?DisplayPage@CMissionSelectDialog@@QAEXXZ 100095e0 f   MissSelect.obj
 0001:00008670       ??0CPasswordDialog@@QAE@XZ 10009670 f   PasswordDialog.obj
 0001:00008690       ?DialogProc@CPasswordDialog@@QAGHPAUHWND__@@IIJ@Z 10009690 f   PasswordDialog.obj
 0001:00008730       ?StaticDialogProc@CPasswordDialog@@SGHPAUHWND__@@IIJ@Z 10009730 f   PasswordDialog.obj
 0001:00008760       ?DisplayPage@CPasswordDialog@@QAEXXZ 10009760 f   PasswordDialog.obj
 0001:000087f0       ?InitButtons@CPlayerSettingsDialog@@QAEXXZ 100097f0 f   PlayerSettings.obj
 0001:00008880       ?InitControlStates@CPlayerSettingsDialog@@QAEXXZ 10009880 f   PlayerSettings.obj
 0001:000088f0       ?SaveSettings@CPlayerSettingsDialog@@QAEXXZ 100098f0 f   PlayerSettings.obj
 0001:00008990       ?DialogProc@CPlayerSettingsDialog@@QAGHPAUHWND__@@IIJ@Z 10009990 f   PlayerSettings.obj
 0001:00008a30       ?StaticDialogProc@CPlayerSettingsDialog@@SGHPAUHWND__@@IIJ@Z 10009a30 f   PlayerSettings.obj
 0001:00008a60       ?DisplayPage@CPlayerSettingsDialog@@QAEXXZ 10009a60 f   PlayerSettings.obj
 0001:00008ac0       ?EquipAIWeaponHook@@YGHHKK@Z 10009ac0 f   AI.obj
 0001:00008b00       ?OnIsValidTarget@@YGHH@Z   10009b00 f   AI.obj
 0001:00008b60       ?DarkChatTerm@@YAXXZ       10009b60 f   Chat.obj
 0001:00008b90       ?ChatboxIsOpen@@YA_NXZ     10009b90 f   Chat.obj
 0001:00008ba0       ?ChatboxOpen@@YAXXZ        10009ba0 f   Chat.obj
 0001:00008c20       ?ChatboxClose@@YAXPAU_LGadTextBox@@@Z 10009c20 f   Chat.obj
 0001:00008cb0       ?ChatboxCallback@@YAXPAU_LGadTextBox@@W4_LGadTextBoxEvent@@HPAX@Z 10009cb0 f   Chat.obj
 0001:00008d40       ?DarkChatInit@@YAXXZ       10009d40 f   Chat.obj
 0001:00008dd0       ?LoadMission@CClient@@QAEXH@Z 10009dd0 f   Client.obj
 0001:00008e00       ?MissionStarted@CClient@@QAE_NXZ 10009e00 f   Client.obj
 0001:00008e10       ?IsSimRunning@CClient@@QAE_NXZ 10009e10 f   Client.obj
 0001:00008e20       ?SetSimRunning@CClient@@QAEX_N@Z 10009e20 f   Client.obj
 0001:00008e30       ?GetTimeRemaining@CClient@@QAEMXZ 10009e30 f   Client.obj
 0001:00008e40       ?SetTimeRemaining@CClient@@QAEXM@Z 10009e40 f   Client.obj
 0001:00008e60       ?IsTimeLimitSet@CClient@@QAE_NXZ 10009e60 f   Client.obj
 0001:00008e80       ?GameIsEnding@CClient@@QAE_NXZ 10009e80 f   Client.obj
 0001:00008ea0       ?StartEndGameTimer@CClient@@QAEXMW4EndReason@@@Z 10009ea0 f   Client.obj
 0001:00008f00       ?EventHandler@CClient@@UAEXHPAX@Z 10009f00 f   Client.obj
 0001:00008f10       ?DrawPlayerNames@CClient@@QAEXXZ 10009f10 f   Client.obj
 0001:00008fb0       ?DebugDrawVisibility@CClient@@QAEXXZ 10009fb0 f   Client.obj
 0001:000090c0       ?DebugDrawNetStats@CClient@@QAEXXZ 1000a0c0 f   Client.obj
 0001:000091f0       ?DebugDrawMiscStats@CClient@@QAEXXZ 1000a1f0 f   Client.obj
 0001:00009350       ?RenderOverlays@CClient@@QAEXXZ 1000a350 f   Client.obj
 0001:00009390       ?OnPlayerCreate@CClient@@SAXXZ 1000a390 f   Client.obj
 0001:000093c0       ?OnJump@CClient@@SAHXZ     1000a3c0 f   Client.obj
 0001:000093f0       ?OnLoadWorld@CClient@@QAEXXZ 1000a3f0 f   Client.obj
 0001:00009470       ?IsClient@CClient@@QAE_NXZ 1000a470 f   Client.obj
 0001:000094a0       ?UpdateTransparency@CClient@@QAEXXZ 1000a4a0 f   Client.obj
 0001:00009610       ?OnDeath@CClient@@QAEXXZ   1000a610 f   Client.obj
 0001:000096f0       ?RespawnPlayer@CClient@@QAEXXZ 1000a6f0 f   Client.obj
 0001:000097e0       ?Update@CClient@@QAEXXZ    1000a7e0 f   Client.obj
 0001:00009960       ?StaticOnDeath@CClient@@SAXXZ 1000a960 f   Client.obj
 0001:00009970       ?StartGameModeCallback@CClient@@SGXK@Z 1000a970 f   Client.obj
 0001:00009a30       ?HandleMissionEnd@PacketHandler@@IAEXXZ 1000aa30 f   ClientPacketHandler.obj
 0001:00009a60       ?HandleLoadGame@PacketHandler@@IAEXXZ 1000aa60 f   ClientPacketHandler.obj
 0001:00009aa0       ?HandleSaveGame@PacketHandler@@IAEXXZ 1000aaa0 f   ClientPacketHandler.obj
 0001:00009ae0       ?HandleObjectData@PacketHandler@@IAEXXZ 1000aae0 f   ClientPacketHandler.obj
 0001:00009c40       ?HandleFrobObject@PacketHandler@@IAEXXZ 1000ac40 f   ClientPacketHandler.obj
 0001:00009ce0       ?HandleGiveObj@PacketHandler@@IAEXXZ 1000ace0 f   ClientPacketHandler.obj
 0001:00009de0       ?HandleAddLoot@PacketHandler@@IAEXXZ 1000ade0 f   ClientPacketHandler.obj
 0001:0000a030       ?HandleSetWeapon@PacketHandler@@IAEXXZ 1000b030 f   ClientPacketHandler.obj
 0001:0000a090       ?HandleMissionStart@PacketHandler@@IAEXXZ 1000b090 f   ClientPacketHandler.obj
 0001:0000a190       ?HandleChat@PacketHandler@@IAEXXZ 1000b190 f   ClientPacketHandler.obj
 0001:0000a310       ?HandleCrcRequest@PacketHandler@@IAEXXZ 1000b310 f   ClientPacketHandler.obj
 0001:0000a420       ?HandleCrcResponse@PacketHandler@@IAEXXZ 1000b420 f   ClientPacketHandler.obj
 0001:0000a5e0       ?HandlePlayerDeath@PacketHandler@@IAEXXZ 1000b5e0 f   ClientPacketHandler.obj
 0001:0000a6b0       ?HandleSpeechHalt@PacketHandler@@IAEXXZ 1000b6b0 f   ClientPacketHandler.obj
 0001:0000a730       ?HandleSpeech@PacketHandler@@IAEXXZ 1000b730 f   ClientPacketHandler.obj
 0001:0000a950       ?HandleGenericReaction@PacketHandler@@IAEXXZ 1000b950 f   ClientPacketHandler.obj
 0001:0000ab30       ?HandleTransferAI@PacketHandler@@IAEXXZ 1000bb30 f   ClientPacketHandler.obj
 0001:0000ac50       ?HandleObjectDamaged@PacketHandler@@IAEXXZ 1000bc50 f   ClientPacketHandler.obj
 0001:0000ad00       ?HandleSnapshotRequest@PacketHandler@@IAEXXZ 1000bd00 f   ClientPacketHandler.obj
 0001:0000ad50       ?HandleCreatePlayer@PacketHandler@@IAEXXZ 1000bd50 f   ClientPacketHandler.obj
 0001:0000b020       ?HandleScriptMsg@PacketHandler@@IAEXXZ 1000c020 f   ClientPacketHandler.obj
 0001:0000b0b0       ?OnPollNetwork@PacketHandler@@QAEXXZ 1000c0b0 f   ClientPacketHandler.obj
 0001:0000b2c0       ?OnLoopMsg@HookLoading@@YIXPAVcLoading@@HHPAUtLoopMessageData__@@@Z 1000c2c0 f   ClientSynch.obj
 0001:0000b4f0       ?DoFileLoad@HookLoading@@YIXPAVcLoading@@HPAUITagFile@@@Z 1000c4f0 f   ClientSynch.obj
 0001:0000b520       ?OnLoopMsg@HookLoadingSaveGame@@YIXPAVcLoadingSaveGame@@HHPAUtLoopMessageData__@@@Z 1000c520 f   ClientSynch.obj
 0001:0000b5c0       ?ApplySettings@Config@@YAXXZ 1000c5c0 f   Config.obj
 0001:0000b610       ?GetSettings@Config@@YAXXZ 1000c610 f   Config.obj
 0001:0000bc10       ?Reload@Config@@YAXXZ      1000cc10 f   Config.obj
 0001:0000bc30       ?ConfigInit@@YAXXZ         1000cc30 f   Config.obj
 0001:0000bc50       ?ConPrintF@@YAXPBDZZ       1000cc50 f   Console.obj
 0001:0000bd10       ?ConPrintEchoF@@YAXPBDZZ   1000cd10 f   Console.obj
 0001:0000bdb0       ?CmdAIPrediction@@YAXXZ    1000cdb0 f   Console.obj
 0001:0000bdc0       ?CmdClear@@YAXXZ           1000cdc0 f   Console.obj
 0001:0000bdd0       ?CmdNetStats@@YAXXZ        1000cdd0 f   Console.obj
 0001:0000bde0       ?CmdVisStats@@YAXXZ        1000cde0 f   Console.obj
 0001:0000bdf0       ?CmdObjPlayers@@YAXXZ      1000cdf0 f   Console.obj
 0001:0000be30       ?CmdSuicide@@YAXXZ         1000ce30 f   Console.obj
 0001:0000be40       ?CmdSimTime@@YAXXZ         1000ce40 f   Console.obj
 0001:0000be60       ?CmdSfxReset@@YAXXZ        1000ce60 f   Console.obj
 0001:0000be80       ?CmdReload@@YAXXZ          1000ce80 f   Console.obj
 0001:0000bea0       ?CmdTeleport@@YAXPAD@Z     1000cea0 f   Console.obj
 0001:0000c1b0       ?CmdTransMax@@YAXN@Z       1000d1b0 f   Console.obj
 0001:0000c1d0       ?CmdTransDistance@@YAXN@Z  1000d1d0 f   Console.obj
 0001:0000c1f0       ?CmdHelp@@YAXXZ            1000d1f0 f   Console.obj
 0001:0000c230       ?CmdObjHighlit@@YAXXZ      1000d230 f   Console.obj
 0001:0000c250       ?CmdTest@@YAXPAUsGhostRemote@@@Z 1000d250 f   Console.obj
 0001:0000c260       ?CmdObjectives@@YAXXZ      1000d260 f   Console.obj
 0001:0000c280       ?CmdNetState@@YAXXZ        1000d280 f   Console.obj
 0001:0000c2f0       ?CmdContainList@@YAXH@Z    1000d2f0 f   Console.obj
 0001:0000c370       ?CmdInvAdd@@YAXPBD@Z       1000d370 f   Console.obj
 0001:0000c3e0       ?CmdInvRem@@YAXH@Z         1000d3e0 f   Console.obj
 0001:0000c430       ?CmdSummonObj@@YAXPBD@Z    1000d430 f   Console.obj
 0001:0000c490       ?CmdObjDetails@@YAXH@Z     1000d490 f   Console.obj
 0001:0000c830       ?CmdObjID@@YAXPBD@Z        1000d830 f   Console.obj
 0001:0000c860       ?CmdQuestGet@@YAXPBD@Z     1000d860 f   Console.obj
 0001:0000c8d0       ?CmdGhostList@@YAXXZ       1000d8d0 f   Console.obj
 0001:0000c980       ?CmdFindAll@@YAXPBD@Z      1000d980 f   Console.obj
 0001:0000ca10       ?CmdOpen@@YAXXZ            1000da10 f   Console.obj
 0001:0000ca70       ?CmdShowPlayers@@YAXXZ     1000da70 f   Console.obj
 0001:0000caa0       ?InitNetCommands@@YAXXZ    1000daa0 f   Console.obj
 0001:0000cac0       ?MainMenuBlistHook@@YIXPAVcDarkPanel@@HGH@Z 1000dac0 f   DarkPanels.obj
 0001:0000cb60       ?DebriefBlistHook@@YIXPAVcDarkPanel@@HGH@Z 1000db60 f   DarkPanels.obj
 0001:0000cba0       ?SimMenuBlistHook@@YIXPAVcDarkPanel@@HGH@Z 1000dba0 f   DarkPanels.obj
 0001:0000cce0       ?DarkStatIntSet@@YAXPADH@Z 1000dce0 f   DarkStat.obj
 0001:0000cd60       ?DarkUIUtilsTerm@@YAXXZ    1000dd60 f   DarkUIUtils.obj
 0001:0000cd90       ?DarkUIUtilsInit@@YAXXZ    1000dd90 f   DarkUIUtils.obj
 0001:0000ce30       ?GetTextWidth@@YAMPAUgrs_font@@PBD@Z 1000de30 f   DarkUIUtils.obj
 0001:0000ce70       ?TextDraw@@YAXPAUgrs_font@@HPBDHH@Z 1000de70 f   DarkUIUtils.obj
 0001:0000ced0       ?TextDrawCentered@@YAXPAUgrs_font@@HPBDMM@Z 1000ded0 f   DarkUIUtils.obj
 0001:0000cf70       ?TextDraw@@YAXPAUgrs_font@@HPBDMM@Z 1000df70 f   DarkUIUtils.obj
 0001:0000cfc0       ?RestoreExceptionFilter@CDebugManager@@QAEXXZ 1000dfc0 f   Debug.obj
 0001:0000cfe0       ?SaveFlags@CDebugManager@@QAEXXZ 1000dfe0 f   Debug.obj
 0001:0000d020       ?ToggleFlag@CDebugManager@@QAEXI@Z 1000e020 f   Debug.obj
 0001:0000d030       ?ClearAllFlags@CDebugManager@@QAEXXZ 1000e030 f   Debug.obj
 0001:0000d040       ?ExceptFilter@CDebugManager@@KGJPAU_EXCEPTION_POINTERS@@@Z 1000e040 f   Debug.obj
 0001:0000d060       ?DebugInit@@YAXXZ          1000e060 f   Debug.obj
 0001:0000d0a0       ?SetExceptionFilter@CDebugManager@@QAEXXZ 1000e0a0 f   Debug.obj
 0001:0000d0c0       ?Difficulty_OnMeleeAttack@@YAXXZ 1000e0c0 f   Difficulty.obj
 0001:0000d0f0       ?Difficulty_GetAIAwarenessDelay@@YGHPAUIProperty@@HPAPAUsAIAwareDelay@@@Z 1000e0f0 f   Difficulty.obj
 0001:0000d1a0       ?Difficulty_SetAIAwarenessDelay@@YGHPAUIProperty@@HPAUsAIAwareDelay@@@Z 1000e1a0 f   Difficulty.obj
 0001:0000d1f0       ?AddRef@CDPWrapper@@UAGKXZ 1000e1f0 f   DP4Wrapper.obj
 0001:0000d220       ?Release@CDPWrapper@@UAGKXZ 1000e220 f   DP4Wrapper.obj
 0001:0000d250       ?QueryInterface@CDPWrapper@@UAGJABU_GUID@@PAPAX@Z 1000e250 f   DP4Wrapper.obj
 0001:0000d270       ?AddGroupToGroup@CDPWrapper@@UAGJKK@Z 1000e270 f   DP4Wrapper.obj
 0001:0000d290       ?AddPlayerToGroup@CDPWrapper@@UAGJKK@Z 1000e290 f   DP4Wrapper.obj
 0001:0000d2b0       ?CancelMessage@CDPWrapper@@UAGJKK@Z 1000e2b0 f   DP4Wrapper.obj
 0001:0000d2d0       ?CancelPriority@CDPWrapper@@UAGJKKK@Z 1000e2d0 f   DP4Wrapper.obj
 0001:0000d2f0       ?Close@CDPWrapper@@UAGJXZ  1000e2f0 f   DP4Wrapper.obj
 0001:0000d320       ?CreateGroup@CDPWrapper@@UAGJPAKPAUDPNAME@@PAXKK@Z 1000e320 f   DP4Wrapper.obj
 0001:0000d340       ?CreateGroupInGroup@CDPWrapper@@UAGJKPAKPAUDPNAME@@PAXKK@Z 1000e340 f   DP4Wrapper.obj
 0001:0000d360       ?CreatePlayer@CDPWrapper@@UAGJPAKPAUDPNAME@@PAX2KK@Z 1000e360 f   DP4Wrapper.obj
 0001:0000d400       ?DeleteGroupFromGroup@CDPWrapper@@UAGJKK@Z 1000e400 f   DP4Wrapper.obj
 0001:0000d420       ?DeletePlayerFromGroup@CDPWrapper@@UAGJKK@Z 1000e420 f   DP4Wrapper.obj
 0001:0000d440       ?DestroyGroup@CDPWrapper@@UAGJK@Z 1000e440 f   DP4Wrapper.obj
 0001:0000d460       ?DestroyPlayer@CDPWrapper@@UAGJK@Z 1000e460 f   DP4Wrapper.obj
 0001:0000d470       ?EnumConnections@CDPWrapper@@UAGJPBU_GUID@@P6GH0PAXKPBUDPNAME@@K1@Z1K@Z 1000e470 f   DP4Wrapper.obj
 0001:0000d490       ?EnumGroupPlayers@CDPWrapper@@UAGJKPAU_GUID@@P6GHKKPBUDPNAME@@KPAX@Z2K@Z 1000e490 f   DP4Wrapper.obj
 0001:0000d4b0       ?EnumGroups@CDPWrapper@@UAGJPAU_GUID@@P6GHKKPBUDPNAME@@KPAX@Z2K@Z 1000e4b0 f   DP4Wrapper.obj
 0001:0000d4d0       ?EnumGroupsInGroup@CDPWrapper@@UAGJKPAU_GUID@@P6GHKKPBUDPNAME@@KPAX@Z2K@Z 1000e4d0 f   DP4Wrapper.obj
 0001:0000d4f0       ?EnumPlayers@CDPWrapper@@UAGJPAU_GUID@@P6GHKKPBUDPNAME@@KPAX@Z2K@Z 1000e4f0 f   DP4Wrapper.obj
 0001:0000d690       ?EnumSessions@CDPWrapper@@UAGJPAUDPSESSIONDESC2@@KP6GHPBU2@PAKKPAX@Z3K@Z 1000e690 f   DP4Wrapper.obj
 0001:0000d6a0       ?GetCaps@CDPWrapper@@UAGJPAUDPCAPS@@K@Z 1000e6a0 f   DP4Wrapper.obj
 0001:0000d6c0       ?GetGroupConnectionSettings@CDPWrapper@@UAGJKKPAXPAK@Z 1000e6c0 f   DP4Wrapper.obj
 0001:0000d6e0       ?GetGroupData@CDPWrapper@@UAGJKPAXPAKK@Z 1000e6e0 f   DP4Wrapper.obj
 0001:0000d700       ?GetGroupFlags@CDPWrapper@@UAGJKPAK@Z 1000e700 f   DP4Wrapper.obj
 0001:0000d720       ?GetGroupName@CDPWrapper@@UAGJKPAXPAK@Z 1000e720 f   DP4Wrapper.obj
 0001:0000d740       ?GetGroupOwner@CDPWrapper@@UAGJKPAK@Z 1000e740 f   DP4Wrapper.obj
 0001:0000d760       ?GetGroupParent@CDPWrapper@@UAGJKPAK@Z 1000e760 f   DP4Wrapper.obj
 0001:0000d780       ?GetMessageCount@CDPWrapper@@UAGJKPAK@Z 1000e780 f   DP4Wrapper.obj
 0001:0000d7a0       ?GetMessageQueue@CDPWrapper@@UAGJKKKPAK0@Z 1000e7a0 f   DP4Wrapper.obj
 0001:0000d7c0       ?GetPlayerAccount@CDPWrapper@@UAGJKKPAXPAK@Z 1000e7c0 f   DP4Wrapper.obj
 0001:0000d7e0       ?GetPlayerAddress@CDPWrapper@@UAGJKPAXPAK@Z 1000e7e0 f   DP4Wrapper.obj
 0001:0000d7f0       ?GetPlayerCaps@CDPWrapper@@UAGJKPAUDPCAPS@@K@Z 1000e7f0 f   DP4Wrapper.obj
 0001:0000d810       ?GetPlayerFlags@CDPWrapper@@UAGJKPAK@Z 1000e810 f   DP4Wrapper.obj
 0001:0000d830       ?GetPlayerName@CDPWrapper@@UAGJKPAXPAK@Z 1000e830 f   DP4Wrapper.obj
 0001:0000d850       ?GetSessionDesc@CDPWrapper@@UAGJPAXPAK@Z 1000e850 f   DP4Wrapper.obj
 0001:0000d870       ?Initialize@CDPWrapper@@UAGJPAU_GUID@@@Z 1000e870 f   DP4Wrapper.obj
 0001:0000d890       ?InitializeConnection@CDPWrapper@@UAGJPAXK@Z 1000e890 f   DP4Wrapper.obj
 0001:0000d8a0       ?Open@CDPWrapper@@UAGJPAUDPSESSIONDESC2@@K@Z 1000e8a0 f   DP4Wrapper.obj
 0001:0000d950       ?SecureOpen@CDPWrapper@@UAGJPBUDPSESSIONDESC2@@KPBUDPSECURITYDESC@@PBUDPCREDENTIALS@@@Z 1000e950 f   DP4Wrapper.obj
 0001:0000d970       ?Send@CDPWrapper@@UAGJKKKPAXK@Z 1000e970 f   DP4Wrapper.obj
 0001:0000d990       ?SendChatMessage@CDPWrapper@@UAGJKKKPAUDPCHAT@@@Z 1000e990 f   DP4Wrapper.obj
 0001:0000d9b0       ?SendEx@CDPWrapper@@UAGJKKKPAXKKK0PAK@Z 1000e9b0 f   DP4Wrapper.obj
 0001:0000d9e0       ?SetGroupConnectionSettings@CDPWrapper@@UAGJKKPAUDPLCONNECTION@@@Z 1000e9e0 f   DP4Wrapper.obj
 0001:0000da00       ?SetGroupData@CDPWrapper@@UAGJKPAXKK@Z 1000ea00 f   DP4Wrapper.obj
 0001:0000da20       ?SetGroupName@CDPWrapper@@UAGJKPAUDPNAME@@K@Z 1000ea20 f   DP4Wrapper.obj
 0001:0000da40       ?SetGroupOwner@CDPWrapper@@UAGJKK@Z 1000ea40 f   DP4Wrapper.obj
 0001:0000da60       ?SetPlayerName@CDPWrapper@@UAGJKPAUDPNAME@@K@Z 1000ea60 f   DP4Wrapper.obj
 0001:0000da80       ?SetSessionDesc@CDPWrapper@@UAGJPAUDPSESSIONDESC2@@K@Z 1000ea80 f   DP4Wrapper.obj
 0001:0000daa0       ?StartSession@CDPWrapper@@UAGJKK@Z 1000eaa0 f   DP4Wrapper.obj
 0001:0000dac0       ?WrapperTerm@@YAXXZ        1000eac0 f   DP4Wrapper.obj
 0001:0000dad0       ?Receive@CDPWrapper@@UAGJPAK0KPAX0@Z 1000ead0 f   DP4Wrapper.obj
 0001:0000dc10       ?FakeCoCreateInstance@@YGJABU_GUID@@PAUIUnknown@@K0PAPAX@Z 1000ec10 f   DP4Wrapper.obj
 0001:0000dca0       ?GetPlayerData@CDPWrapper@@UAGJKPAXPAKK@Z 1000eca0 f   DP4Wrapper.obj
 0001:0000dd30       ?SetPlayerData@CDPWrapper@@UAGJKPAXKK@Z 1000ed30 f   DP4Wrapper.obj
 0001:0000ddc0       ?DoResize@cDABaseSrvFns@@SAHPAPAXII@Z 1000edc0 f   DynArray.obj
 0001:0000de40       ?CollisionResolverHook@@YGXPBUtSpringInfo@@K@Z 1000ee40 f   ErrorHanding.obj
 0001:0000dec0       ?ObjectAnglesFuncHook@@YAXH@Z 1000eec0 f   ErrorHanding.obj
 0001:0000def0       ?LoopSampleCallbackHook@@YAXKH@Z 1000eef0 f   ErrorHanding.obj
 0001:0000df80       ?PropSndEnterCBHook@@YIHPAVcPropSndInstHigh@@HPBVcRoom@@PBVcRoomPortal@@ABUmxs_vector@@M@Z 1000ef80 f   ErrorHanding.obj
 0001:0000e040       ?SpeechEndCallbackHook@@YAXHHH@Z 1000f040 f   ErrorHanding.obj
 0001:0000e0e0       ?mx_sub_vec_safe@@YAXPAUmxs_vector@@PBU1@1@Z 1000f0e0 f   ErrorHanding.obj
 0001:0000e150       ?mx_dist_vec_safe@@YAMPAUmxs_vector@@0@Z 1000f150 f   ErrorHanding.obj
 0001:0000e1c0       ?CellBinComputeFuncHook@@YAHHKK@Z 1000f1c0 f   ErrorHanding.obj
 0001:0000e200       ?OnCollideEvent@@YGHHHHMPAVcPhysClsn@@@Z 1000f200 f   ErrorHanding.obj
 0001:0000e270       ?ValidateScriptModules@@YAXXZ 1000f270 f   FileHash.obj
 0001:0000e300       ?GetGamesysCrc@CGamesysManager@@QAEKXZ 1000f300 f   Gamesys.obj
 0001:0000e310       ?EventHandler@CGamesysManager@@UAEXHPAX@Z 1000f310 f   Gamesys.obj
 0001:0000e330       ?GamesysInit@@YAXXZ        1000f330 f   Gamesys.obj
 0001:0000e340       ?GamesysTerm@@YAXXZ        1000f340 f   Gamesys.obj
 0001:0000e350       ?Clear@?$SimpleQueue@D@@QAEXXZ 1000f350 f i ConsoleGUI.obj
 0001:0000e350       ?Clear@?$SimpleQueue@UNetMessage@@@@QAEXXZ 1000f350 f i DarkPeer.obj
 0001:0000e350       ?Clear@?$SimpleQueue@H@@QAEXXZ 1000f350 f i Gamesys.obj
 0001:0000e390       ?_Max@?$_Tree@V?$_Tmap_traits@KPAUDP4Data@@U?$less@K@std@@V?$allocator@U?$pair@$$CBKPAUDP4Data@@@std@@@3@$0A@@std@@@std@@KAPAU_Node@?$_Tree_nod@V?$_Tmap_traits@KPAUDP4Data@@U?$less@K@std@@V?$allocator@U?$pair@$$CBKPAUDP4Data@@@std@@@3@$0A@@std@@@2@PAU342@@Z 1000f390 f i DarkPeer.obj
 0001:0000e390       ?_Max@?$_Tree@V?$_Tmap_traits@HHU?$less@H@std@@V?$allocator@U?$pair@$$CBHH@std@@@2@$0A@@std@@@std@@KAPAU_Node@?$_Tree_nod@V?$_Tmap_traits@HHU?$less@H@std@@V?$allocator@U?$pair@$$CBHH@std@@@2@$0A@@std@@@2@PAU342@@Z 1000f390 f i Gamesys.obj
 0001:0000e3b0       ?_Min@?$_Tree@V?$_Tmap_traits@KPAUDP4Data@@U?$less@K@std@@V?$allocator@U?$pair@$$CBKPAUDP4Data@@@std@@@3@$0A@@std@@@std@@KAPAU_Node@?$_Tree_nod@V?$_Tmap_traits@KPAUDP4Data@@U?$less@K@std@@V?$allocator@U?$pair@$$CBKPAUDP4Data@@@std@@@3@$0A@@std@@@2@PAU342@@Z 1000f3b0 f i DarkPeer.obj
 0001:0000e3b0       ?_Min@?$_Tree@V?$_Tmap_traits@HHU?$less@H@std@@V?$allocator@U?$pair@$$CBHH@std@@@2@$0A@@std@@@std@@KAPAU_Node@?$_Tree_nod@V?$_Tmap_traits@HHU?$less@H@std@@V?$allocator@U?$pair@$$CBHH@std@@@2@$0A@@std@@@2@PAU342@@Z 1000f3b0 f i Gamesys.obj
 0001:0000e3d0       ?_Dec@const_iterator@?$_Tree@V?$_Tmap_traits@KPAUDP4Data@@U?$less@K@std@@V?$allocator@U?$pair@$$CBKPAUDP4Data@@@std@@@3@$0A@@std@@@std@@QAEXXZ 1000f3d0 f i DarkPeer.obj
 0001:0000e3d0       ?_Dec@const_iterator@?$_Tree@V?$_Tmap_traits@HHU?$less@H@std@@V?$allocator@U?$pair@$$CBHH@std@@@2@$0A@@std@@@std@@QAEXXZ 1000f3d0 f i Gamesys.obj
 0001:0000e430       ?CacheArchetype@CGamesysManager@@QAEXAAHPBD@Z 1000f430 f   Gamesys.obj
 0001:0000e4a0       ?CreateNewArchetype@CGamesysManager@@QAEHHPBD@Z 1000f4a0 f   Gamesys.obj
 0001:0000e530       ?AvatarWeaponsTerm@CGamesysManager@@QAEXXZ 1000f530 f   Gamesys.obj
 0001:0000e5b0       ?FakeLootInit@CGamesysManager@@QAEXXZ 1000f5b0 f   Gamesys.obj
 0001:0000e620       ?CreateBaseAvatar@CGamesysManager@@QAEXXZ 1000f620 f   Gamesys.obj
 0001:0000e7c0       ?CreateDerivedAvatars@CGamesysManager@@QAEXXZ 1000f7c0 f   Gamesys.obj
 0001:0000e840       ?_Lrotate@?$_Tree@V?$_Tmap_traits@KPAUDP4Data@@U?$less@K@std@@V?$allocator@U?$pair@$$CBKPAUDP4Data@@@std@@@3@$0A@@std@@@std@@IAEXPAU_Node@?$_Tree_nod@V?$_Tmap_traits@KPAUDP4Data@@U?$less@K@std@@V?$allocator@U?$pair@$$CBKPAUDP4Data@@@std@@@3@$0A@@std@@@2@@Z 1000f840 f i DarkPeer.obj
 0001:0000e840       ?_Lrotate@?$_Tree@V?$_Tmap_traits@HHU?$less@H@std@@V?$allocator@U?$pair@$$CBHH@std@@@2@$0A@@std@@@std@@IAEXPAU_Node@?$_Tree_nod@V?$_Tmap_traits@HHU?$less@H@std@@V?$allocator@U?$pair@$$CBHH@std@@@2@$0A@@std@@@2@@Z 1000f840 f i Gamesys.obj
 0001:0000e8a0       ?_Rrotate@?$_Tree@V?$_Tmap_traits@KPAUDP4Data@@U?$less@K@std@@V?$allocator@U?$pair@$$CBKPAUDP4Data@@@std@@@3@$0A@@std@@@std@@IAEXPAU_Node@?$_Tree_nod@V?$_Tmap_traits@KPAUDP4Data@@U?$less@K@std@@V?$allocator@U?$pair@$$CBKPAUDP4Data@@@std@@@3@$0A@@std@@@2@@Z 1000f8a0 f i DarkPeer.obj
 0001:0000e8a0       ?_Rrotate@?$_Tree@V?$_Tmap_traits@HHU?$less@H@std@@V?$allocator@U?$pair@$$CBHH@std@@@2@$0A@@std@@@std@@IAEXPAU_Node@?$_Tree_nod@V?$_Tmap_traits@HHU?$less@H@std@@V?$allocator@U?$pair@$$CBHH@std@@@2@$0A@@std@@@2@@Z 1000f8a0 f i Gamesys.obj
 0001:0000e900       ?_Inc@const_iterator@?$_Tree@V?$_Tmap_traits@HHU?$less@H@std@@V?$allocator@U?$pair@$$CBHH@std@@@2@$0A@@std@@@std@@QAEXXZ 1000f900 f i Gamesys.obj
 0001:0000e900       ?_Inc@const_iterator@?$_Tree@V?$_Tmap_traits@KPAUDP4Data@@U?$less@K@std@@V?$allocator@U?$pair@$$CBKPAUDP4Data@@@std@@@3@$0A@@std@@@std@@QAEXXZ 1000f900 f i DarkPeer.obj
 0001:0000e960       ?AvatarWeaponsInit@CGamesysManager@@QAEXXZ 1000f960 f   Gamesys.obj
 0001:0000eb10       ?_Erase@?$_Tree@V?$_Tmap_traits@HHU?$less@H@std@@V?$allocator@U?$pair@$$CBHH@std@@@2@$0A@@std@@@std@@IAEXPAU_Node@?$_Tree_nod@V?$_Tmap_traits@HHU?$less@H@std@@V?$allocator@U?$pair@$$CBHH@std@@@2@$0A@@std@@@2@@Z 1000fb10 f i Gamesys.obj
 0001:0000eb50       ?find@?$_Tree@V?$_Tmap_traits@HHU?$less@H@std@@V?$allocator@U?$pair@$$CBHH@std@@@2@$0A@@std@@@std@@QAE?AViterator@12@ABH@Z 1000fb50 f i Gamesys.obj
 0001:0000ebc0       ?_Insert@?$_Tree@V?$_Tmap_traits@HHU?$less@H@std@@V?$allocator@U?$pair@$$CBHH@std@@@2@$0A@@std@@@std@@IAE?AViterator@12@_NPAU_Node@?$_Tree_nod@V?$_Tmap_traits@HHU?$less@H@std@@V?$allocator@U?$pair@$$CBHH@std@@@2@$0A@@std@@@2@ABU?$pair@$$CBHH@2@@Z 1000fbc0 f i Gamesys.obj
 0001:0000ed80       ?erase@?$_Tree@V?$_Tmap_traits@HHU?$less@H@std@@V?$allocator@U?$pair@$$CBHH@std@@@2@$0A@@std@@@std@@QAE?AViterator@12@V312@@Z 1000fd80 f i Gamesys.obj
 0001:0000f050       ?PickupToLocalProjectile@CGamesysManager@@QAEHH@Z 10010050 f   Gamesys.obj
 0001:0000f080       ?insert@?$_Tree@V?$_Tmap_traits@HHU?$less@H@std@@V?$allocator@U?$pair@$$CBHH@std@@@2@$0A@@std@@@std@@QAE?AU?$pair@Viterator@?$_Tree@V?$_Tmap_traits@HHU?$less@H@std@@V?$allocator@U?$pair@$$CBHH@std@@@2@$0A@@std@@@std@@_N@2@ABU?$pair@$$CBHH@2@@Z 10010080 f i Gamesys.obj
 0001:0000f140       ?erase@?$_Tree@V?$_Tmap_traits@HHU?$less@H@std@@V?$allocator@U?$pair@$$CBHH@std@@@2@$0A@@std@@@std@@QAE?AViterator@12@V312@0@Z 10010140 f i Gamesys.obj
 0001:0000f200       ?LocalToPickupProjectile@CGamesysManager@@QAEHH@Z 10010200 f   Gamesys.obj
 0001:0000f240       ?insert@?$_Tree@V?$_Tmap_traits@HHU?$less@H@std@@V?$allocator@U?$pair@$$CBHH@std@@@2@$0A@@std@@@std@@QAE?AViterator@12@V312@ABU?$pair@$$CBHH@2@@Z 10010240 f i Gamesys.obj
 0001:0000f3b0       ??A?$map@HHU?$less@H@std@@V?$allocator@U?$pair@$$CBHH@std@@@2@@std@@QAEAAHABH@Z 100103b0 f i Gamesys.obj
 0001:0000f430       ?CreateProjectilePickups@CGamesysManager@@QAEXXZ 10010430 f   Gamesys.obj
 0001:0000f630       ??0CGamesysManager@@QAE@XZ 10010630 f i Gamesys.obj
 0001:0000f680       ??1CGamesysManager@@QAE@XZ 10010680 f i Gamesys.obj
 0001:0000f6b0       ?InitializeArchCache@CGamesysManager@@QAEXK@Z 100106b0 f   Gamesys.obj
 0001:0000fde0       ?GhostHeartbeatFrequencyMax@@YAHPAUsGhostLocal@@PAUsGhostPos@@@Z 10010de0 f   Ghost.obj
 0001:0000fdf0       ?IsNewPacketNeededHook@@YGHPAUsGhostLocal@@PAUsGhostPos@@@Z 10010df0 f   Ghost.obj
 0001:0000fe60       ?OnGhostJumpOff@@YGXH@Z    10010e60 f   Ghost.obj
 0001:0000ff00       ?GhostAllowedToBuildModels@@YAHPAUsGhostRemote@@@Z 10010f00 f   Ghost.obj
 0001:0000ff40       ?UpdateGhostPrediction@@YAXPAUsGhostRemote@@M@Z 10010f40 f   Ghost.obj
 0001:0000ffb0       ?GhostPerFrameModeUpdate@@YA_NPAUsGhostRemote@@@Z 10010fb0 f   Ghost.obj
 0001:00010010       ?MocapRunMe@@YAXPAUsGhostRemote@@PAD@Z 10011010 f   Ghost.obj
 0001:00010070       ?_GhostConfigureRemoteModels@@YAXPAUsGhostRemote@@@Z 10011070 f   Ghost.obj
 0001:000100c0       ?GhostFrameProcessRemote@@YAXPAUsGhostRemote@@M@Z 100110c0 f   Ghost.obj
 0001:00010150       ?GhostAttachWeapon@@YAXHD@Z 10011150 f   Ghost.obj
 0001:00010300       ?IsUpdateNeeded@@YA_NH@Z   10011300 f   Ghost.obj
 0001:000103c0       ?GhostFrameProcessLocal@@YAXPAUsGhostLocal@@M@Z 100113c0 f   Ghost.obj
 0001:00010530       ?InitHook@@YAXXZ           10011530 f   Init.obj
 0001:00010560       ?InitGame@@YAXXZ           10011560 f   Init.obj
 0001:00010580       ?TermGame@@YAXXZ           10011580 f   Init.obj
 0001:000105a0       ?ShutdownHook@@YAXXZ       100115a0 f   Init.obj
 0001:000105c0       ?IsSimTimePassing@@YA_NXZ  100115c0 f   LG.obj
 0001:000105e0       ?ForceFinishBowAttack@@YAX_N@Z 100115e0 f   LG.obj
 0001:00010640       ?Append@cAnsiStr@@QAEXHPBD@Z 10011640 f   LG.obj
 0001:00010650       ?QueryInterface@IUnknownImpl@@EAGJABU_GUID@@PAPAX@Z 10011650 f   LG.obj
 0001:00010670       ?AddRef@IUnknownImpl@@EAGKXZ 10011670 f   LG.obj
 0001:00010680       ?Release@IUnknownImpl@@EAGKXZ 10011680 f   LG.obj
 0001:000106a0       ?PlayerNum@cAvatar@@UAGKXZ 100116a0 f   LG.obj
 0001:000106b0       ?PlayerObjID@cAvatar@@UAGHXZ 100116b0 f   LG.obj
 0001:000106c0       ?WriteTagInfo@cAvatar@@UAGXPAUITagFile@@@Z 100116c0 f   LG.obj
 0001:000106f0       ?DestroyArrowObject@@YAXXZ 100116f0 f   LG.obj
 0001:00010710       ?NewUpdateBowAttack@@YGXXZ 10011710 f   LG.obj
 0001:00010950       ?FreeStr@cAnsiStr@@QAEXPAD@Z 10011950 f   LG.obj
 0001:00010970       ??0cAvatar@@QAE@HK@Z       10011970 f   LG.obj
 0001:00010990       ?SimulationLoopHook@@YGHKW4eLoopMsgType@@PAUtLoopMessageData__@@@Z 10011990 f   LoopClients.obj
 0001:000109d0       ?RenderLoopHook@@YGHKW4eLoopMsgType@@PAUtLoopMessageData__@@@Z 100119d0 f   LoopClients.obj
 0001:00010ac0       ?SimLoopClientHook@@YGHKW4eLoopMsgType@@PAUtLoopMessageData__@@@Z 10011ac0 f   LoopClients.obj
 0001:00010b50       ?GameModeLoopClientHook@@YGHKW4eLoopMsgType@@PAUtLoopMessageData__@@@Z 10011b50 f   LoopClients.obj
 0001:00010bb0       ?ObjSysLoopClientHook@@YGHKW4eLoopMsgType@@PAUtLoopMessageData__@@@Z 10011bb0 f   LoopClients.obj
 0001:00010c30       _DllMain@12                10011c30 f   Main.obj
 0001:00010ca0       ?PumpEventsHook@@YGXPAKHW4eWinPumpDuration@@@Z 10011ca0 f   Main.obj
 0001:00010ce0       ??0Message@@QAE@PBDM@Z     10011ce0 f   MessageManager.obj
 0001:00010d40       ?Shutdown@MessageMgr@@SAXXZ 10011d40 f   MessageManager.obj
 0001:00010d60       ??_GMessage@@UAEPAXI@Z     10011d60 f i MessageManager.obj
 0001:00010d60       ??_EMessage@@UAEPAXI@Z     10011d60 f i MessageManager.obj
 0001:00010d90       ?DrawInput@MessageMgr@@QAEXXZ 10011d90 f   MessageManager.obj
 0001:00010f50       ?_Buynode@?$list@PAVCServerListEntry@@V?$allocator@PAVCServerListEntry@@@std@@@std@@IAEPAU_Node@?$_List_nod@PAVCServerListEntry@@V?$allocator@PAVCServerListEntry@@@std@@@2@XZ 10011f50 f i ServerBrowser.obj
 0001:00010f50       ?_Buynode@?$list@PAVConfigVar@@V?$allocator@PAVConfigVar@@@std@@@std@@IAEPAU_Node@?$_List_nod@PAVConfigVar@@V?$allocator@PAVConfigVar@@@std@@@2@XZ 10011f50 f i Engine:ConfigManager.obj
 0001:00010f50       ?_Buynode@?$list@PAVHistoryItem@@V?$allocator@PAVHistoryItem@@@std@@@std@@IAEPAU_Node@?$_List_nod@PAVHistoryItem@@V?$allocator@PAVHistoryItem@@@std@@@2@XZ 10011f50 f i ConsoleGUI.obj
 0001:00010f50       ?_Buynode@?$list@PAVMessage@@V?$allocator@PAVMessage@@@std@@@std@@IAEPAU_Node@?$_List_nod@PAVMessage@@V?$allocator@PAVMessage@@@std@@@2@XZ 10011f50 f i MessageManager.obj
 0001:00010f70       ?_Incsize@?$list@PAVMessage@@V?$allocator@PAVMessage@@@std@@@std@@IAEXI@Z 10011f70 f i MessageManager.obj
 0001:00011010       ?ClearMessages@MessageMgr@@QAEXXZ 10012010 f   MessageManager.obj
 0001:00011070       ??1MessageMgr@@UAE@XZ      10012070 f   MessageManager.obj
 0001:000110f0       ?DeleteTopmost@MessageMgr@@IAEXXZ 100120f0 f   MessageManager.obj
 0001:00011140       ?Update@MessageMgr@@QAEXXZ 10012140 f   MessageManager.obj
 0001:00011370       ??0MessageMgr@@QAE@XZ      10012370 f   MessageManager.obj
 0001:000113e0       ??_GMessageMgr@@UAEPAXI@Z  100123e0 f i MessageManager.obj
 0001:000113e0       ??_EMessageMgr@@UAEPAXI@Z  100123e0 f i MessageManager.obj
 0001:00011400       ?Get@MessageMgr@@SAPAV1@XZ 10012400 f   MessageManager.obj
 0001:00011470       ?AddLine@MessageMgr@@QAEX_NPBD@Z 10012470 f   MessageManager.obj
 0001:00011550       ?AddLineFormat@MessageMgr@@QAAX_NPBDZZ 10012550 f   MessageManager.obj
 0001:000115a0       ?PatchPropDescs@@YAXXZ     100125a0 f   NetProperties.obj
 0001:00011600       ?NetPropertiesInit@@YAXXZ  10012600 f   NetProperties.obj
 0001:00011620       ?NetPropertiesTerm@@YAXXZ  10012620 f   NetProperties.obj
 0001:00011630       ?GetNetworkedReaction@@YAPAUNetworkableReactionInfo@@K@Z 10012630 f   NetReactions.obj
 0001:00011680       ?PostReactionMessage@@YAXKPAUsReactionEvent@@PAUsReactionParam@@@Z 10012680 f   NetReactions.obj
 0001:00011780       ?FilterFrobObjectReactionHandler@@YGKPAUsReactionEvent@@PBUsReactionParam@@PAX@Z 10012780 f   NetReactions.obj
 0001:00011800       ?FilterKnockoutReaction@@YG_NKPAUsReactionEvent@@PBUsReactionParam@@PAX@Z 10012800 f   NetReactions.obj
 0001:000118c0       ?PatchVtable@@YAXHZZ       100128c0 f   Patcher.obj
 0001:000118e0       ?InstallCallbacks@@YAXXZ   100128e0 f   Patcher.obj
 0001:00011a80       ?PatcherInit@@YAXXZ        10012a80 f   Patcher.obj
 0001:00011ad0       ?PlayerCreateHook@@YAXHH@Z 10012ad0 f   Player.obj
 0001:00011ae0       ?ThrowCreatureHook@@YAXHHMKKKK@Z 10012ae0 f   Player.obj
 0001:00011b30       ?SendSetWeapon@@YAXH@Z     10012b30 f   Player.obj
 0001:00011bb0       ?EquipBowHook@@YGXHHH@Z    10012bb0 f   Player.obj
 0001:00011be0       ?UnEquipBowHook@@YGXH@Z    10012be0 f   Player.obj
 0001:00011c20       ?LaunchProjectileHook@@YAHHHMKKKK@Z 10012c20 f   Player.obj
 0001:00011d00       ??0sSimMsg@@QAE@XZ         10012d00 f i Player.obj
 0001:00011d20       ?ForceActivateLoadoutCache@@YAXH@Z 10012d20 f   Player.obj
 0001:00011d80       ?MPPlayerCreate@@YAXXZ     10012d80 f   Player.obj
 0001:00012010       ?SendLoadMsg@SaveManager@@QAEXXZ 10013010 f   SaveManager.obj
 0001:00012040       ?SendSaveMsg@SaveManager@@QAEXH@Z 10013040 f   SaveManager.obj
 0001:00012070       ?SetLastSlot@SaveManager@@QAEXH@Z 10013070 f   SaveManager.obj
 0001:00012080       ?DoNetworkLoad@SaveManager@@QAEXH@Z 10013080 f   SaveManager.obj
 0001:00012130       ?EventHandler@SaveManager@@UAEXHPAX@Z 10013130 f   SaveManager.obj
 0001:00012160       ?SaveManagerTerm@@YAXXZ    10013160 f   SaveManager.obj
 0001:00012180       ??_GSaveManager@@UAEPAXI@Z 10013180 f i SaveManager.obj
 0001:00012180       ??_ESaveManager@@UAEPAXI@Z 10013180 f i SaveManager.obj
 0001:000121b0       ?DoNetworkSave@SaveManager@@QAEXH@Z 100131b0 f   SaveManager.obj
 0001:000123a0       ?OnLoadRemoteGhosts@SaveManager@@IAEXPAVTagFileRead@@K@Z 100133a0 f   SaveManager.obj
 0001:00012410       ?OnSaveRemoteGhosts@SaveManager@@IAEXPAVTagFileWrite@@K@Z 10013410 f   SaveManager.obj
 0001:00012630       ?HookQuickSave@SaveManager@@SGXXZ 10013630 f   SaveManager.obj
 0001:00012690       ?HookQuickLoad@SaveManager@@SGXXZ 10013690 f   SaveManager.obj
 0001:000126d0       ?HookLoadRemoteGhosts@SaveManager@@SGXPAVTagFileRead@@K@Z 100136d0 f   SaveManager.obj
 0001:000126e0       ?HookSaveRemoteGhosts@SaveManager@@SAXPAVTagFileWrite@@K@Z 100136e0 f   SaveManager.obj
 0001:00012700       ?SaveManagerInit@@YAXXZ    10013700 f   SaveManager.obj
 0001:00012780       ?SchemaPlayAtObj@@YAXHH@Z  10013780 f   Sound.obj
 0001:000127d0       ?SchemaIDPlay@@YAPAUsSchemaPlay@@HPAUsSchemaCallParams@@PAX@Z 100137d0 f   Sound.obj
 0001:000128f0       ?NetSchemaPlaySample@@YAPAUsSchemaPlay@@HHPAUsSchemaCallParams@@PAX@Z 100138f0 f   Sound.obj
 0001:000129e0       ?DoEquipSound@@YAXPAUsGhostRemote@@@Z 100139e0 f   Sound.obj
 0001:00012a70       ?DoUnequipSound@@YAXPAUsGhostRemote@@@Z 10013a70 f   Sound.obj
 0001:00012b00       ?OnGenerateSoundVec@@YGHPAUmxs_vector@@HHPADMPAUsfx_parm@@HH@Z 10013b00 f   Sound.obj
 0001:00012bb0       ?OnGenerateSoundObj@@YGHHHPADMPAUsfx_parm@@HH@Z 10013bb0 f   Sound.obj
 0001:00012c70       ?OnGenerateSound@@YGHHPADPAUsfx_parm@@@Z 10013c70 f   Sound.obj
 0001:00012d10       ?OnSpeechHalt@@YAXH@Z      10013d10 f   Sound.obj
 0001:00012e20       ?SpeechBroadcast@@YAXAAVCNetMsg_AiSpeech@@@Z 10013e20 f   SpeechNet.obj
 0001:00012e40       ?GetAIVoice@@YAHH@Z        10013e40 f   SpeechNet.obj
 0001:00012eb0       ?PrintSpeechDebug@@YAXHHHHPBULabel@@_N@Z 10013eb0 f   SpeechNet.obj
 0001:00012f00       ?SpeechNetHandler@@YAXH_NPBUsSchemaCallParams@@@Z 10013f00 f   SpeechNet.obj
 0001:00013020       ?LogPrintCallback@@YAXPAX@Z 10014020 f   Tools.obj
 0001:00013030       ?DebugStringHook@@YGXPBD@Z 10014030 f   Tools.obj
 0001:00013040       ?DPlayErrorToString@@YAPBDJ@Z 10014040 f   Tools.obj
 0001:00013230       ?MissionNumToMap@@YAHH@Z   10014230 f   Tools.obj
 0001:00013250       ?GetNumChainedEvents@@YAHPAUsChainedEvent@@@Z 10014250 f   Tools.obj
 0001:00013270       ?PrintEventChain@@YAXPAUsChainedEvent@@@Z 10014270 f   Tools.obj
 0001:000132c0       ?GetScreenMode@@YA?AUsScreenMode@@XZ 100142c0 f   Tools.obj
 0001:00013300       ?GetScreenRect@@YA?AURect@@XZ 10014300 f   Tools.obj
 0001:00013350       ?TimeString@@YA?AVNString@@H@Z 10014350 f   Tools.obj
 0001:00013410       ?SetFrobHandler@@YAXHW4eFrobHandler@@@Z 10014410 f   Tools.obj
 0001:00013430       ?SummonObject@@YAHH@Z      10014430 f   Tools.obj
 0001:000134a0       ?GetMissionName@@YA_NHPADH@Z 100144a0 f   Tools.obj
 0001:00013550       ?PhysModelFromObj@@YAPAVcPhysModel@@H@Z 10014550 f   Tools.obj
 0001:00013590       ?ObjHasScript@@YA_NHPBD@Z  10014590 f   Tools.obj
 0001:000135f0       ?ProxyFrobGetInverse@@YAHH@Z 100145f0 f   Tools.obj
 0001:00013680       ?GetMissionName@@YA?AVcAnsiStr@@H@Z 10014680 f   Tools.obj
 0001:00013720       ?GS_OnReceive@@YAXPAUIGSClient@@PAEK@Z 10014720 f   GlobalServer.obj
 0001:000137d0       ?GS_OnConnectionLost@@YAXPAUIGSClient@@@Z 100147d0 f   GlobalServer.obj
 0001:000137f0       ?GS_OnConnectComplete@@YAXPAUIGSClient@@W4ConnectResult@1@@Z 100147f0 f   GlobalServer.obj
 0001:00013810       ?GetServers@CServerList@@QAEAAV?$list@PAVCServerListEntry@@V?$allocator@PAVCServerListEntry@@@std@@@std@@XZ 10014810 f   GlobalServer.obj
 0001:00013820       ?GS_SendHeartbeat@@YAXPAUIGSClient@@@Z 10014820 f   GlobalServer.obj
 0001:00013950       ?Marshal@Msg_DarkHeartbeat@@QAEXPAVCMarshalBuffer@@@Z 10014950 f   Msg_Dark.obj
 0001:000139c0       ?Unmarshal@Msg_DarkServerInfo@@QAEXPAVCMarshalBuffer@@@Z 100149c0 f   Msg_Dark.obj
 0001:00013a30       ?ConnectToGlobal@CServerBrowser@@QAEXXZ 10014a30 f   ServerBrowser.obj
 0001:00013ab0       ?BrowserTerm@@YAXXZ        10014ab0 f   ServerBrowser.obj
 0001:00013ad0       ?HandlePingResponse@CServerBrowser@@UAEXPAX@Z 10014ad0 f   ServerBrowser.obj
 0001:00013c00       ?UpdateServerCount@CServerBrowser@@QAEXXZ 10014c00 f   ServerBrowser.obj
 0001:00013c80       ?HandleRemoveServer@CServerBrowser@@UAEXPAXK@Z 10014c80 f   ServerBrowser.obj
 0001:00013d30       ?OnSelectItem@CServerBrowser@@IAEXXZ 10014d30 f   ServerBrowser.obj
 0001:00013dc0       ?ConnectToSelectedServer@CServerBrowser@@QAEXXZ 10014dc0 f   ServerBrowser.obj
 0001:00013e70       ?OnRefreshList@CServerBrowser@@IAEXXZ 10014e70 f   ServerBrowser.obj
 0001:00013f10       ?OnStateChange@CServerBrowser@@UAEXW4ConnState@IGSClient@@@Z 10014f10 f   ServerBrowser.obj
 0001:00014020       ?HandleServerInfo@CServerBrowser@@UAEXPAXK@Z 10015020 f   ServerBrowser.obj
 0001:00014190       ?OnDoubleClickItem@CServerBrowser@@IAEXXZ 10015190 f   ServerBrowser.obj
 0001:000141f0       ?clear@?$list@PAVCServerListEntry@@V?$allocator@PAVCServerListEntry@@@std@@@std@@QAEXXZ 100151f0 f i ServerBrowser.obj
 0001:000141f0       ?clear@?$list@PAVConfigVar@@V?$allocator@PAVConfigVar@@@std@@@std@@QAEXXZ 100151f0 f i Engine:ConfigManager.obj
 0001:000141f0       ?clear@?$list@PAVMessage@@V?$allocator@PAVMessage@@@std@@@std@@QAEXXZ 100151f0 f i MessageManager.obj
 0001:000141f0       ?clear@?$list@PAVHistoryItem@@V?$allocator@PAVHistoryItem@@@std@@@std@@QAEXXZ 100151f0 f i ConsoleGUI.obj
 0001:00014230       ?UpdatePings@CServerBrowser@@IAEXXZ 10015230 f   ServerBrowser.obj
 0001:000142c0       ?DialogProc@CServerBrowser@@QAGHPAUHWND__@@IIJ@Z 100152c0 f   ServerBrowser.obj
 0001:00014380       ?Update@CServerBrowser@@QAEXXZ 10015380 f   ServerBrowser.obj
 0001:000143b0       ?StaticDialogProc@CServerBrowser@@SGHPAUHWND__@@IIJ@Z 100153b0 f   ServerBrowser.obj
 0001:000143e0       ??1CServerList@@UAE@XZ     100153e0 f i ServerBrowser.obj
 0001:00014410       ??_GCServerList@@UAEPAXI@Z 10015410 f i ServerBrowser.obj
 0001:00014410       ??_ECServerList@@UAEPAXI@Z 10015410 f i ServerBrowser.obj
 0001:00014430       ??0CServerBrowser@@QAE@XZ  10015430 f   ServerBrowser.obj
 0001:00014580       ??1CServerBrowser@@UAE@XZ  10015580 f   ServerBrowser.obj
 0001:00014620       ?CreateBrowserWindow@CServerBrowser@@QAE_NH@Z 10015620 f   ServerBrowser.obj
 0001:00014680       ??_GCServerBrowser@@UAEPAXI@Z 10015680 f i ServerBrowser.obj
 0001:00014680       ??_ECServerBrowser@@UAEPAXI@Z 10015680 f i ServerBrowser.obj
 0001:000146a0       ??0CServerListEntry@@QAE@PBD00GGEE@Z 100156a0 f   ServerList.obj
 0001:00014720       ??_GCServerListEntry@@UAEPAXI@Z 10015720 f i ServerList.obj
 0001:00014720       ??_ECServerListEntry@@UAEPAXI@Z 10015720 f i ServerList.obj
 0001:00014740       ?GetName@DarkOverlay@@UAEPBDXZ 10015740 f   DarkOverlay.obj
 0001:00014740       ?GetListView@CServerList@@QAEPAVCEListView@EngCtrls@@XZ 10015740 f   ServerList.obj
 0001:00014750       ?UpdateListedServerData@CServerList@@QAEXPAVCServerListEntry@@@Z 10015750 f   ServerList.obj
 0001:00014880       ?InitializeControls@CServerList@@QAEXPAUHWND__@@@Z 10015880 f   ServerList.obj
 0001:000149d0       ?GetCount@CServerList@@QAEIXZ 100159d0 f   ServerList.obj
 0001:000149d0       ?GetParent@DialogElement@@UAEPAUIDarkOverlay@@XZ 100159d0 f   DialogElement.obj
 0001:000149e0       ?_Incsize@?$list@PAVCServerListEntry@@V?$allocator@PAVCServerListEntry@@@std@@@std@@IAEXI@Z 100159e0 f i ServerList.obj
 0001:00014a80       ?FindServerFromIP@CServerList@@QAEPAVCServerListEntry@@PBD@Z 10015a80 f   ServerList.obj
 0001:00014ad0       ?DeleteAll@CServerList@@QAEXXZ 10015ad0 f   ServerList.obj
 0001:00014b30       ?RemoveServer@CServerList@@QAEXPAVCServerListEntry@@@Z 10015b30 f   ServerList.obj
 0001:00014ba0       ?AddServer@CServerList@@QAEPAVCServerListEntry@@PBD00GGEE@Z 10015ba0 f   ServerList.obj
 0001:00014c80       ?FixupImports@@YAXXZ       10015c80 f   Imports.obj
 0001:00014cb0       ?HookVictoryCheckOnSlain@@YGXPAUsScrMsg@@PAVcMultiParm@@@Z 10015cb0 f   ScriptHooks.obj
 0001:00014cc0       ?ApplyGenPatches@@YAXXZ    10015cc0 f   ScriptHooks.obj
 0001:00014d00       ?IsScriptModule@@YA_NPBD0@Z 10015d00 f   ScriptHooks.obj
 0001:00014d60       ?SendMessageA@HookScriptMan@@YGJKPAUsScrMsg@@PAUsMultiParm@@@Z 10015d60 f   ScriptHooks.obj
 0001:00014db0       ?HookStdElevatorReceiveMessage@@YGXPAVStdElevatorScript@@PAUsScrMsg@@PAVcMultiParm@@W4eScrTraceAction@@@Z 10015db0 f   ScriptHooks.obj
 0001:00014e90       ?HookContainerReceiveMessage@@YGXPAUIRootScript@@PAUsScrMsg@@PAVcMultiParm@@W4eScrTraceAction@@@Z 10015e90 f   ScriptHooks.obj
 0001:00014f40       ?HookLockSoundsReceiveMessage@@YGXPAUIRootScript@@PAUsScrMsg@@PAVcMultiParm@@W4eScrTraceAction@@@Z 10015f40 f   ScriptHooks.obj
 0001:000150b0       ?HookStdBookReceiveMessage@@YGXPAUIRootScript@@PAUsScrMsg@@PAVcMultiParm@@W4eScrTraceAction@@@Z 100160b0 f   ScriptHooks.obj
 0001:000151a0       ?HookStdKeyReceiveMessage@@YGXPAUIRootScript@@PAUsScrMsg@@PAVcMultiParm@@W4eScrTraceAction@@@Z 100161a0 f   ScriptHooks.obj
 0001:000152f0       ?HookArrowReceiveMessage@@YGXPAUIRootScript@@PAUsScrMsg@@PAVcMultiParm@@W4eScrTraceAction@@@Z 100162f0 f   ScriptHooks.obj
 0001:00015440       ?HookCollisionStickReceiveMessage@@YGXPAVCollisionStickScript@@PAUsScrMsg@@PAVcMultiParm@@W4eScrTraceAction@@@Z 10016440 f   ScriptHooks.obj
 0001:00015620       ?AddModule@HookScriptMan@@YGJKPBD@Z 10016620 f   ScriptHooks.obj
 0001:000156a0       ?WorldFrobbableReceiveMessage@@YGXPAUIRootScript@@PAUsScrMsg@@PAVcMultiParm@@W4eScrTraceAction@@@Z 100166a0 f   ScriptHooks.obj
 0001:000157e0       ?FindString@StringHashTable@@QAE?AW4StringHashID@@PBD@Z 100167e0 f   StringHashTable.obj
 0001:00015820       ?StringHashInit@@YAXXZ     10016820 f   StringHashTable.obj
 0001:000158b0       ?StringHashTerm@@YAXXZ     100168b0 f   StringHashTable.obj
 0001:000158d0       ?FreePCX@@YAXAAPAUIRes@@@Z 100168d0 f   DarkOverlay.obj
 0001:00015900       ?DrawByHandle@@YAXPAUIRes@@AAUPoint@@@Z 10016900 f   DarkOverlay.obj
 0001:00015930       ??1DarkOverlayManager@@UAE@XZ 10016930 f   DarkOverlay.obj
 0001:00015980       ?FindByName@DarkOverlayManager@@QAEPAUIDarkOverlay@@PBD@Z 10016980 f   DarkOverlay.obj
 0001:000159d0       ?OverlayEnabled@DarkOverlayManager@@QAE_NPBD@Z 100169d0 f   DarkOverlay.obj
 0001:000159f0       ?InitAll@DarkOverlayManager@@QAEXXZ 100169f0 f   DarkOverlay.obj
 0001:00015a20       ?DrawAll@DarkOverlayManager@@QAEXXZ 10016a20 f   DarkOverlay.obj
 0001:00015a60       ?DisableAll@DarkOverlayManager@@QAEXXZ 10016a60 f   DarkOverlay.obj
 0001:00015a90       ?AnyEnabled@DarkOverlayManager@@QAE_NXZ 10016a90 f   DarkOverlay.obj
 0001:00015ac0       ?TermAll@DarkOverlayManager@@QAEXXZ 10016ac0 f   DarkOverlay.obj
 0001:00015af0       ?SetEnable@DarkOverlay@@UAEX_N@Z 10016af0 f   DarkOverlay.obj
 0001:00015b20       ?IsEnabled@DarkOverlay@@UAE_NXZ 10016b20 f   DarkOverlay.obj
 0001:00015b30       ?GetID@DarkOverlay@@UAEKXZ 10016b30 f   DarkOverlay.obj
 0001:00015b30       ?GetNumFrames@Delta@Timing@@QAEHXZ 10016b30 f   Engine:Timing.obj
 0001:00015b40       ?CenterRect@DarkOverlay@@IAEXAAURect@@0@Z 10016b40 f   DarkOverlay.obj
 0001:00015bb0       ?Init@DarkOverlay@@UAE_NXZ 10016bb0 f   DarkOverlay.obj
 0001:00015be0       ?OnAddTimeClicked@PlayersOverlay@@SAXPAVDialogElement@@UPoint@@@Z 10016be0 f   DarkOverlay.obj
 0001:00015c10       ?Init@BookOverlay@@UAE_NXZ 10016c10 f   DarkOverlay.obj
 0001:00015c60       ?OnLeftClick@BookOverlay@@UAEXUPoint@@@Z 10016c60 f   DarkOverlay.obj
 0001:00015cc0       ?SetupPages@BookOverlay@@QAEXXZ 10016cc0 f   DarkOverlay.obj
 0001:00015d70       ?IsStagingMode@@YA_NXZ     10016d70 f   DarkOverlay.obj
 0001:00015d90       ?OverlayTerm@@YAXXZ        10016d90 f   DarkOverlay.obj
 0001:00015db0       ?_Xlen@?$vector@PAVDialogElement@@V?$allocator@PAVDialogElement@@@std@@@std@@IBEXXZ 10016db0 f i DarkOverlay.obj
 0001:00015e30       ??$fill@PAPAVDialogElement@@PAV1@@std@@YAXPAPAVDialogElement@@0ABQAV1@@Z 10016e30 f i DarkOverlay.obj
 0001:00015e50       ?LoadPCX@@YAPAUIRes@@PBD0_N@Z 10016e50 f   DarkOverlay.obj
 0001:00015f10       ??_EDarkOverlayManager@@UAEPAXI@Z 10016f10 f i DarkOverlay.obj
 0001:00015f10       ??_GDarkOverlayManager@@UAEPAXI@Z 10016f10 f i DarkOverlay.obj
 0001:00015f30       ?EnableOverlay@DarkOverlayManager@@QAEXPBD_N@Z 10016f30 f   DarkOverlay.obj
 0001:00015f80       ?ToggleOverlay@DarkOverlayManager@@QAEXPBD@Z 10016f80 f   DarkOverlay.obj
 0001:00015fd0       ?EnableMouseMode@DarkOverlayManager@@QAEX_N@Z 10016fd0 f   DarkOverlay.obj
 0001:00016090       ?DrawCursor@DarkOverlayManager@@QAEXXZ 10017090 f   DarkOverlay.obj
 0001:000160f0       ?HandleClick@DarkOverlayManager@@QAE_NXZ 100170f0 f   DarkOverlay.obj
 0001:00016170       ?UpdatePlayers@PlayersOverlay@@QAEXXZ 10017170 f   DarkOverlay.obj
 0001:00016340       ?SetEnable@PlayersOverlay@@UAEX_N@Z 10017340 f   DarkOverlay.obj
 0001:00016400       ?OnKickPlayerClicked@PlayersOverlay@@SAXPAVDialogElement@@UPoint@@@Z 10017400 f   DarkOverlay.obj
 0001:00016460       ?LoadMapImage@MapOverlay@@QAEXXZ 10017460 f   DarkOverlay.obj
 0001:000164c0       ?Draw@BookOverlay@@UAEXXZ  100174c0 f   DarkOverlay.obj
 0001:00016780       ?DestroyBook@BookOverlay@@QAEXXZ 10017780 f   DarkOverlay.obj
 0001:00016850       ?LoadBook@BookOverlay@@QAEXPBD0@Z 10017850 f   DarkOverlay.obj
 0001:00016b70       ?Init@SimOverlay@@UAE_NXZ  10017b70 f   DarkOverlay.obj
 0001:00016c30       ?Draw@SimOverlay@@UAEXXZ   10017c30 f   DarkOverlay.obj
 0001:00016de0       ?SetEnable@BookOverlay@@UAEX_N@Z 10017de0 f   DarkOverlay.obj
 0001:00016de0       ?SetEnable@SimOverlay@@UAEX_N@Z 10017de0 f   DarkOverlay.obj
 0001:00016e30       ?Init@ObjectivesOverlay@@UAE_NXZ 10017e30 f   DarkOverlay.obj
 0001:000170a0       ?DrawGoalStatus@ObjectivesOverlay@@IAEXHPAUgrs_font@@H@Z 100180a0 f   DarkOverlay.obj
 0001:00017180       ?DisplayFits@ObjectivesOverlay@@IAE_NABURect@@PAUgrs_font@@@Z 10018180 f   DarkOverlay.obj
 0001:000172b0       ?Draw@ObjectivesOverlay@@UAEXXZ 100182b0 f   DarkOverlay.obj
 0001:000175b0       ?SetEnable@ObjectivesOverlay@@UAEX_N@Z 100185b0 f   DarkOverlay.obj
 0001:00017620       ?UpdateSettings@StagingOverlay@@IAEXXZ 10018620 f   DarkOverlay.obj
 0001:00017870       ?SetEnable@StagingOverlay@@UAEX_N@Z 10018870 f   DarkOverlay.obj
 0001:000178c0       ?StagingClose@@YAXXZ       100188c0 f   DarkOverlay.obj
 0001:00017900       ??$copy_backward@PAPAVDialogElement@@PAPAV1@@std@@YAPAPAVDialogElement@@PAPAV1@00@Z 10018900 f i DarkOverlay.obj
 0001:00017930       ?OnFrame@DarkOverlayManager@@QAEXXZ 10018930 f   DarkOverlay.obj
 0001:00017940       ?Init@MapOverlay@@UAE_NXZ  10018940 f   DarkOverlay.obj
 0001:000179e0       ?OnLeftClick@MapOverlay@@UAEXUPoint@@@Z 100189e0 f   DarkOverlay.obj
 0001:00017a30       ?OnReadBook@@YGJKPBD0@Z    10018a30 f   DarkOverlay.obj
 0001:00017b10       ?OnLoadMission@StagingOverlay@@SAXPAVDialogElement@@UPoint@@@Z 10018b10 f   DarkOverlay.obj
 0001:00017b70       ?OnQuit@StagingOverlay@@SAXPAVDialogElement@@UPoint@@@Z 10018b70 f   DarkOverlay.obj
 0001:00017bd0       ??$_Ucopy@PAPAVDialogElement@@@?$vector@PAVDialogElement@@V?$allocator@PAVDialogElement@@@std@@@std@@IAEPAPAVDialogElement@@PAPAV2@00@Z 10018bd0 f i DarkOverlay.obj
 0001:00017c00       ?SetEnable@MapOverlay@@UAEX_N@Z 10018c00 f   DarkOverlay.obj
 0001:00017c90       ?_Ufill@?$vector@PAVDialogElement@@V?$allocator@PAVDialogElement@@@std@@@std@@IAEPAPAVDialogElement@@PAPAV3@IABQAV3@@Z 10018c90 f i DarkOverlay.obj
 0001:00017cc0       ?_Insert_n@?$vector@PAVDialogElement@@V?$allocator@PAVDialogElement@@@std@@@std@@IAEXViterator@12@IABQAVDialogElement@@@Z 10018cc0 f i DarkOverlay.obj
 0001:00017eb0       ?Draw@DarkOverlay@@UAEXXZ  10018eb0 f   DarkOverlay.obj
 0001:00017f10       ?Draw@PlayersOverlay@@UAEXXZ 10018f10 f   DarkOverlay.obj
 0001:00017f50       ?OnLeftClick@PlayersOverlay@@UAEXUPoint@@@Z 10018f50 f   DarkOverlay.obj
 0001:00017f90       ?Draw@MapOverlay@@UAEXXZ   10018f90 f   DarkOverlay.obj
 0001:000181f0       ?Draw@StagingOverlay@@UAEXXZ 100191f0 f   DarkOverlay.obj
 0001:00018260       ?OnLeftClick@StagingOverlay@@UAEXUPoint@@@Z 10019260 f   DarkOverlay.obj
 0001:00018270       ??1EventManager@@QAE@XZ    10019270 f i Engine:EventManager.obj
 0001:00018270       ??1?$vector@PAVDialogElement@@V?$allocator@PAVDialogElement@@@std@@@std@@QAE@XZ 10019270 f i DarkOverlay.obj
 0001:000182a0       ?OnCharacter@CConsoleBase@@UAEXI@Z 100192a0 f i ConsoleGUI.obj
 0001:000182a0       ?OnLeftClick@DarkOverlay@@UAEXUPoint@@@Z 100192a0 f i DarkOverlay.obj
 0001:000182b0       ?GetDrawingArea@DarkOverlay@@UAEABURect@@XZ 100192b0 f i DarkOverlay.obj
 0001:000182c0       ??0DarkOverlay@@QAE@PBD@Z  100192c0 f   DarkOverlay.obj
 0001:00018340       ?Term@DarkOverlay@@UAE_NXZ 10019340 f   DarkOverlay.obj
 0001:000183a0       ??1PlayersOverlay@@UAE@XZ  100193a0 f   DarkOverlay.obj
 0001:000183a0       ??1StagingOverlay@@UAE@XZ  100193a0 f   DarkOverlay.obj
 0001:000183a0       ??1DarkOverlay@@UAE@XZ     100193a0 f   DarkOverlay.obj
 0001:000183d0       ??0MapOverlay@@QAE@PBD@Z   100193d0 f   DarkOverlay.obj
 0001:00018440       ??1MapOverlay@@UAE@XZ      10019440 f   DarkOverlay.obj
 0001:000184b0       ?Term@MapOverlay@@UAE_NXZ  100194b0 f   DarkOverlay.obj
 0001:000184f0       ??0BookOverlay@@QAE@PBD@Z  100194f0 f   DarkOverlay.obj
 0001:00018540       ??1BookOverlay@@UAE@XZ     10019540 f   DarkOverlay.obj
 0001:000185b0       ?Term@BookOverlay@@UAE_NXZ 100195b0 f   DarkOverlay.obj
 0001:000185e0       ??0SimOverlay@@QAE@PBD@Z   100195e0 f   DarkOverlay.obj
 0001:00018650       ?Term@SimOverlay@@UAE_NXZ  10019650 f   DarkOverlay.obj
 0001:000186a0       ??0ObjectivesOverlay@@QAE@PBD@Z 100196a0 f   DarkOverlay.obj
[...]
 0001:0001e768       __ehhandler$?DebugDrawMiscStats@CClient@@QAEXXZ 1001f768 f   Client.obj
 0001:0001e780       $L80010                    1001f780 f   ClientPacketHandler.obj
 0001:0001e788       __ehhandler$?HandleMissionStart@PacketHandler@@IAEXXZ 1001f788 f   ClientPacketHandler.obj
 0001:0001e7a0       $L80087                    1001f7a0 f   ClientPacketHandler.obj
 0001:0001e7a0       $L80062                    1001f7a0 f   ClientPacketHandler.obj
 0001:0001e7a8       __ehhandler$?HandleCrcRequest@PacketHandler@@IAEXXZ 1001f7a8 f   ClientPacketHandler.obj
 0001:0001e7a8       __ehhandler$?HandleCrcResponse@PacketHandler@@IAEXXZ 1001f7a8 f   ClientPacketHandler.obj
 0001:0001e7c0       __ehhandler$?HandleSpeech@PacketHandler@@IAEXXZ 1001f7c0 f   ClientPacketHandler.obj
 0001:0001e7d0       __ehhandler$?HandleGenericReaction@PacketHandler@@IAEXXZ 1001f7d0 f   ClientPacketHandler.obj
 0001:0001e7e0       $L80243                    1001f7e0 f   ClientPacketHandler.obj
 0001:0001e7e8       __ehhandler$?HandleTransferAI@PacketHandler@@IAEXXZ 1001f7e8 f   ClientPacketHandler.obj
 0001:0001e800       $L80342                    1001f800 f   ClientPacketHandler.obj
 0001:0001e80b       __ehhandler$?HandleCreatePlayer@PacketHandler@@IAEXXZ 1001f80b f   ClientPacketHandler.obj
 0001:0001e820       __ehhandler$?HandleScriptMsg@PacketHandler@@IAEXXZ 1001f820 f   ClientPacketHandler.obj
 0001:0001e830       $L74792                    1001f830 f   ClientSynch.obj
 0001:0001e838       __ehhandler$?OnLoopMsg@HookLoading@@YIXPAVcLoading@@HHPAUtLoopMessageData__@@@Z 1001f838 f   ClientSynch.obj
 0001:0001e850       $L78316                    1001f850 f   Console.obj
 0001:0001e85c       $L78318                    1001f85c f   Console.obj
 0001:0001e868       $L78320                    1001f868 f   Console.obj
 0001:0001e874       $L78322                    1001f874 f   Console.obj
 0001:0001e880       $L78324                    1001f880 f   Console.obj
 0001:0001e88c       $L78326                    1001f88c f   Console.obj
 0001:0001e898       $L78328                    1001f898 f   Console.obj
 0001:0001e8a4       __ehhandler$?CmdTeleport@@YAXPAD@Z 1001f8a4 f   Console.obj
 0001:0001e8b0       $L78539                    1001f8b0 f   Console.obj
 0001:0001e8b8       __ehhandler$?CmdQuestGet@@YAXPBD@Z 1001f8b8 f   Console.obj
 0001:0001e8d0       $L70821                    1001f8d0 f   DarkStat.obj
 0001:0001e8d8       __ehhandler$?DarkStatIntSet@@YAXPADH@Z 1001f8d8 f   DarkStat.obj
 0001:0001e8f0       $L74309                    1001f8f0 f   DarkUIUtils.obj
 0001:0001e8f8       __ehhandler$?DarkUIUtilsInit@@YAXXZ 1001f8f8 f   DarkUIUtils.obj
 0001:0001e910       $L80539                    1001f910 f   DP4Wrapper.obj
 0001:0001e91b       __ehhandler$?Open@CDPWrapper@@UAGJPAUDPSESSIONDESC2@@K@Z 1001f91b f   DP4Wrapper.obj
 0001:0001e930       __ehhandler$?CollisionResolverHook@@YGXPBUtSpringInfo@@K@Z 1001f930 f   ErrorHanding.obj
 0001:0001e940       __ehhandler$?LoopSampleCallbackHook@@YAXKH@Z 1001f940 f   ErrorHanding.obj
 0001:0001e950       __ehhandler$?PropSndEnterCBHook@@YIHPAVcPropSndInstHigh@@HPBVcRoom@@PBVcRoomPortal@@ABUmxs_vector@@M@Z 1001f950 f   ErrorHanding.obj
 0001:0001e960       __ehhandler$?SpeechEndCallbackHook@@YAXHHH@Z 1001f960 f   ErrorHanding.obj
 0001:0001e970       $L78192                    1001f970 f   Gamesys.obj
 0001:0001e970       $L77847                    1001f970 f   Gamesys.obj
 0001:0001e979       $L77867                    1001f979 f   Gamesys.obj
 0001:0001e979       $L78202                    1001f979 f   Gamesys.obj
 0001:0001e982       __ehhandler$?erase@?$_Tree@V?$_Tmap_traits@HHU?$less@H@std@@V?$allocator@U?$pair@$$CBHH@std@@@2@$0A@@std@@@std@@QAE?AViterator@12@V312@@Z 1001f982 f   Gamesys.obj
 0001:0001e982       __ehhandler$?_Insert@?$_Tree@V?$_Tmap_traits@HHU?$less@H@std@@V?$allocator@U?$pair@$$CBHH@std@@@2@$0A@@std@@@std@@IAE?AViterator@12@_NPAU_Node@?$_Tree_nod@V?$_Tmap_traits@HHU?$less@H@std@@V?$allocator@U?$pair@$$CBHH@std@@@2@$0A@@std@@@2@ABU?$pair@$$CBHH@2@@Z 1001f982 f   Gamesys.obj
 0001:0001e990       $L80388                    1001f990 f   Gamesys.obj
 0001:0001e99b       __ehhandler$?CreateProjectilePickups@CGamesysManager@@QAEXXZ 1001f99b f   Gamesys.obj
 0001:0001e9b0       $L76555                    1001f9b0 f   MessageManager.obj
 0001:0001e9b9       $L76575                    1001f9b9 f   MessageManager.obj
 0001:0001e9c2       __ehhandler$?_Incsize@?$list@PAVMessage@@V?$allocator@PAVMessage@@@std@@@std@@IAEXI@Z 1001f9c2 f   MessageManager.obj
 0001:0001e9d0       $L76940                    1001f9d0 f   MessageManager.obj
 0001:0001e9db       $L76941                    1001f9db f   MessageManager.obj
 0001:0001e9e6       __ehhandler$??1MessageMgr@@UAE@XZ 1001f9e6 f   MessageManager.obj
 0001:0001e9f0       $L77163                    1001f9f0 f   MessageManager.obj
 0001:0001e9f8       __ehhandler$?Update@MessageMgr@@QAEXXZ 1001f9f8 f   MessageManager.obj
 0001:0001ea10       $L77474                    1001fa10 f   MessageManager.obj
 0001:0001ea1b       __ehhandler$??0MessageMgr@@QAE@XZ 1001fa1b f   MessageManager.obj
 0001:0001ea30       $L77582                    1001fa30 f   MessageManager.obj
 0001:0001ea3b       __ehhandler$?Get@MessageMgr@@SAPAV1@XZ 1001fa3b f   MessageManager.obj
 0001:0001ea50       $L77597                    1001fa50 f   MessageManager.obj
 0001:0001ea5b       __ehhandler$?AddLine@MessageMgr@@QAEX_NPBD@Z 1001fa5b f   MessageManager.obj
 0001:0001ea70       $L75069                    1001fa70 f   SaveManager.obj
 0001:0001ea7b       __ehhandler$?SaveManagerInit@@YAXXZ 1001fa7b f   SaveManager.obj
 0001:0001ea90       $L74546                    1001fa90 f   Tools.obj
 0001:0001ea98       $L74547                    1001fa98 f   Tools.obj
 0001:0001eab1       __ehhandler$?TimeString@@YA?AVNString@@H@Z 1001fab1 f   Tools.obj
 0001:0001eac0       $L74683                    1001fac0 f   Tools.obj
 0001:0001eac8       __ehhandler$?GetMissionName@@YA?AVcAnsiStr@@H@Z 1001fac8 f   Tools.obj
 0001:0001eae0       $L76828                    1001fae0 f   ServerBrowser.obj
 0001:0001eaeb       __ehhandler$?HandlePingResponse@CServerBrowser@@UAEXPAX@Z 1001faeb f   ServerBrowser.obj
 0001:0001eb00       $L76854                    1001fb00 f   ServerBrowser.obj
 0001:0001eb08       __ehhandler$?UpdateServerCount@CServerBrowser@@QAEXXZ 1001fb08 f   ServerBrowser.obj
 0001:0001eb20       $L77625                    1001fb20 f   ServerBrowser.obj
 0001:0001eb2b       $L77626                    1001fb2b f   ServerBrowser.obj
 0001:0001eb36       __ehhandler$??0CServerBrowser@@QAE@XZ 1001fb36 f   ServerBrowser.obj
 0001:0001eb40       $L77781                    1001fb40 f   ServerBrowser.obj
 0001:0001eb4b       $L77782                    1001fb4b f   ServerBrowser.obj
 0001:0001eb56       __ehhandler$??1CServerBrowser@@UAE@XZ 1001fb56 f   ServerBrowser.obj
 0001:0001eb60       $L75915                    1001fb60 f   ServerList.obj
 0001:0001eb69       $L75935                    1001fb69 f   ServerList.obj
 0001:0001eb72       __ehhandler$?_Incsize@?$list@PAVCServerListEntry@@V?$allocator@PAVCServerListEntry@@@std@@@std@@IAEXI@Z 1001fb72 f   ServerList.obj
 0001:0001eb80       $L76527                    1001fb80 f   ServerList.obj
 0001:0001eb8b       __ehhandler$?AddServer@CServerList@@QAEPAVCServerListEntry@@PBD00GGEE@Z 1001fb8b f   ServerList.obj
 0001:0001eba0       __ehhandler$?HookCollisionStickReceiveMessage@@YGXPAVCollisionStickScript@@PAUsScrMsg@@PAVcMultiParm@@W4eScrTraceAction@@@Z 1001fba0 f   ScriptHooks.obj
 0001:0001ebb0       $L65504                    1001fbb0 f   StringHashTable.obj
 0001:0001ebbb       __ehhandler$?StringHashInit@@YAXXZ 1001fbbb f   StringHashTable.obj
 0001:0001ebd0       $L77619                    1001fbd0 f   DarkOverlay.obj
 0001:0001ebd9       $L77623                    1001fbd9 f   DarkOverlay.obj
 0001:0001ebe2       __ehhandler$?_Xlen@?$vector@PAVDialogElement@@V?$allocator@PAVDialogElement@@@std@@@std@@IBEXXZ 1001fbe2 f   DarkOverlay.obj
 0001:0001ebf0       $L77702                    1001fbf0 f   DarkOverlay.obj
 0001:0001ebf8       __ehhandler$?LoadPCX@@YAPAUIRes@@PBD0_N@Z 1001fbf8 f   DarkOverlay.obj
 0001:0001ec10       $L77833                    1001fc10 f   DarkOverlay.obj
 0001:0001ec1b       __ehhandler$?UpdatePlayers@PlayersOverlay@@QAEXXZ 1001fc1b f   DarkOverlay.obj
 0001:0001ec30       $L78055                    1001fc30 f   DarkOverlay.obj
 0001:0001ec38       __ehhandler$?LoadBook@BookOverlay@@QAEXPBD0@Z 1001fc38 f   DarkOverlay.obj
 0001:0001ec50       $L78137                    1001fc50 f   DarkOverlay.obj
 0001:0001ec58       __ehhandler$?Draw@SimOverlay@@UAEXXZ 1001fc58 f   DarkOverlay.obj
 0001:0001ec70       $L78228                    1001fc70 f   DarkOverlay.obj
 0001:0001ec78       __ehhandler$?Init@ObjectivesOverlay@@UAE_NXZ 1001fc78 f   DarkOverlay.obj
 0001:0001ec90       $L78279                    1001fc90 f   DarkOverlay.obj
 0001:0001ec98       __ehhandler$?DrawGoalStatus@ObjectivesOverlay@@IAEXHPAUgrs_font@@H@Z 1001fc98 f   DarkOverlay.obj
 0001:0001ecb0       $L78347                    1001fcb0 f   DarkOverlay.obj
 0001:0001ecbb       $L78348                    1001fcbb f   DarkOverlay.obj
 0001:0001ecc6       __ehhandler$?Draw@ObjectivesOverlay@@UAEXXZ 1001fcc6 f   DarkOverlay.obj
 0001:0001ecd0       $L78464                    1001fcd0 f   DarkOverlay.obj
 0001:0001ecd8       $L78465                    1001fcd8 f   DarkOverlay.obj
 0001:0001ece0       __ehhandler$?UpdateSettings@StagingOverlay@@IAEXXZ 1001fce0 f   DarkOverlay.obj
 0001:0001ecf0       $L79667                    1001fcf0 f   DarkOverlay.obj
 0001:0001ecfb       __ehhandler$??0DarkOverlay@@QAE@PBD@Z 1001fcfb f   DarkOverlay.obj
 0001:0001ed10       $L79895                    1001fd10 f   DarkOverlay.obj
 0001:0001ed18       $L79896                    1001fd18 f   DarkOverlay.obj
 0001:0001ed23       __ehhandler$??0MapOverlay@@QAE@PBD@Z 1001fd23 f   DarkOverlay.obj
 0001:0001ed30       $L80061                    1001fd30 f   DarkOverlay.obj
 0001:0001ed38       $L80062                    1001fd38 f   DarkOverlay.obj
 0001:0001ed43       __ehhandler$??0ObjectivesOverlay@@QAE@PBD@Z 1001fd43 f   DarkOverlay.obj
 0001:0001ed50       $L80940                    1001fd50 f   DarkOverlay.obj
 0001:0001ed50       $L81778                    1001fd50 f   DarkOverlay.obj
 0001:0001ed50       $L80671                    1001fd50 f   DarkOverlay.obj
 0001:0001ed50       $L80402                    1001fd50 f   DarkOverlay.obj
 0001:0001ed5b       __ehhandler$?OverlayInit@@YAXXZ 1001fd5b f   DarkOverlay.obj
 0001:0001ed5b       __ehhandler$?AddText@DarkOverlay@@QAEPAVElement_Text@@PBDMMKKPAUgrs_font@@@Z 1001fd5b f   DarkOverlay.obj
 0001:0001ed5b       __ehhandler$?AddImage@DarkOverlay@@QAEPAVElement_Image@@PBD0MMKP6AXPAVDialogElement@@UPoint@@@Z@Z 1001fd5b f   DarkOverlay.obj
 0001:0001ed5b       __ehhandler$?AddButton@DarkOverlay@@QAEPAVElement_Button@@PBDMMKKPAUgrs_font@@P6AXPAVDialogElement@@UPoint@@@Z@Z 1001fd5b f   DarkOverlay.obj
 0001:0001ed70       $L81497                    1001fd70 f   DarkOverlay.obj
 0001:0001ed7b       $L81498                    1001fd7b f   DarkOverlay.obj
 0001:0001ed86       $L81499                    1001fd86 f   DarkOverlay.obj
 0001:0001ed91       $L81500                    1001fd91 f   DarkOverlay.obj
 0001:0001ed9c       $L81501                    1001fd9c f   DarkOverlay.obj
 0001:0001eda7       $L81502                    1001fda7 f   DarkOverlay.obj
 0001:0001edb2       __ehhandler$??0DarkOverlayManager@@QAE@XZ 1001fdb2 f   DarkOverlay.obj
 0001:0001edc0       $L79915                    1001fdc0 f   DarkOverlay.obj
 0001:0001edc0       $L80034                    1001fdc0 f   DarkOverlay.obj
 0001:0001edc0       $L80098                    1001fdc0 f   DarkOverlay.obj
 0001:0001edc0       $L79991                    1001fdc0 f   DarkOverlay.obj
 0001:0001edc0       $L81674                    1001fdc0 f   DarkOverlay.obj
 0001:0001edc8       __ehhandler$??1ObjectivesOverlay@@UAE@XZ 1001fdc8 f   DarkOverlay.obj
 0001:0001edc8       __ehhandler$??1MapOverlay@@UAE@XZ 1001fdc8 f   DarkOverlay.obj
 0001:0001edc8       __ehhandler$??0SimOverlay@@QAE@PBD@Z 1001fdc8 f   DarkOverlay.obj
 0001:0001edc8       __ehhandler$??1SimOverlay@@UAE@XZ 1001fdc8 f   DarkOverlay.obj
 0001:0001edc8       __ehhandler$??1BookOverlay@@UAE@XZ 1001fdc8 f   DarkOverlay.obj
 0001:0001ede0       $L81732                    1001fde0 f   DarkOverlay.obj
 0001:0001ede0       $L81614                    1001fde0 f   DarkOverlay.obj
 0001:0001ede8       $L81733                    1001fde8 f   DarkOverlay.obj
 0001:0001ede8       $L81615                    1001fde8 f   DarkOverlay.obj
 0001:0001edf0       $L81734                    1001fdf0 f   DarkOverlay.obj
 0001:0001edf0       $L81616                    1001fdf0 f   DarkOverlay.obj
 0001:0001edf8       $L81617                    1001fdf8 f   DarkOverlay.obj
 0001:0001edf8       $L81735                    1001fdf8 f   DarkOverlay.obj
 0001:0001ee00       $L81736                    1001fe00 f   DarkOverlay.obj
 0001:0001ee00       $L81618                    1001fe00 f   DarkOverlay.obj
 0001:0001ee08       __ehhandler$?Init@PlayersOverlay@@UAE_NXZ 1001fe08 f   DarkOverlay.obj
 0001:0001ee08       __ehhandler$?Init@StagingOverlay@@UAE_NXZ 1001fe08 f   DarkOverlay.obj
 0001:0001ee20       $L75412                    1001fe20 f   DialogElement.obj
 0001:0001ee28       __ehhandler$??1Element_Text@@UAE@XZ 1001fe28 f   DialogElement.obj
 0001:0001ee40       $L75439                    1001fe40 f   DialogElement.obj
 0001:0001ee48       $L75440                    1001fe48 f   DialogElement.obj
 0001:0001ee53       __ehhandler$??1Element_Image@@UAE@XZ 1001fe53 f   DialogElement.obj
 0001:0001ee60       $L75566                    1001fe60 f   DialogElement.obj
 0001:0001ee68       $L75567                    1001fe68 f   DialogElement.obj
 0001:0001ee73       $L75568                    1001fe73 f   DialogElement.obj
 0001:0001ee7e       __ehhandler$??0Element_Image@@QAE@PAUIDarkOverlay@@PBD1MMKP6AXPAVDialogElement@@UPoint@@@Z@Z 1001fe7e f   DialogElement.obj
 0001:0001ee90       $L75694                    1001fe90 f   DialogElement.obj
 0001:0001ee98       $L75695                    1001fe98 f   DialogElement.obj
 0001:0001eea3       $L75696                    1001fea3 f   DialogElement.obj
 0001:0001eeab       __ehhandler$??0Element_Text@@QAE@PAUIDarkOverlay@@PBDMMKKPAUgrs_font@@@Z 1001feab f   DialogElement.obj
 0001:0001eec0       $L61406                    1001fec0 f   Engine:ConfigManager.obj
 0001:0001eec0       $L61362                    1001fec0 f   Engine:ConfigManager.obj
 0001:0001eec0       $L61341                    1001fec0 f   Engine:ConfigManager.obj
 0001:0001eec0       $L61379                    1001fec0 f   Engine:ConfigManager.obj
 0001:0001eecb       __ehhandler$?SetIniFile@ConfigManager@@QAEXPBD@Z 1001fecb f   Engine:ConfigManager.obj
 0001:0001eecb       __ehhandler$?CreateFloatVar@ConfigManager@@IAEPAVConfigVar@@PBD@Z 1001fecb f   Engine:ConfigManager.obj
 0001:0001eecb       __ehhandler$?CreateIntVar@ConfigManager@@IAEPAVConfigVar@@PBD@Z 1001fecb f   Engine:ConfigManager.obj
 0001:0001eecb       __ehhandler$?CreateStringVar@ConfigManager@@IAEPAVConfigVar@@PBD@Z 1001fecb f   Engine:ConfigManager.obj
 0001:0001eee0       $L61812                    1001fee0 f   Engine:ConfigManager.obj
 0001:0001eee9       $L61832                    1001fee9 f   Engine:ConfigManager.obj
 0001:0001eef2       __ehhandler$?_Incsize@?$list@PAVConfigVar@@V?$allocator@PAVConfigVar@@@std@@@std@@IAEXI@Z 1001fef2 f   Engine:ConfigManager.obj
 0001:0001ef00       $L59919                    1001ff00 f   Engine:Utilities.obj
 0001:0001ef09       $L59920                    1001ff09 f   Engine:Utilities.obj
 0001:0001ef12       $L59921                    1001ff12 f   Engine:Utilities.obj
 0001:0001ef2c       __ehhandler$?GetParam@@YA?AV?$basic_string@DU?$char_traits@D@std@@V?$allocator@D@2@@std@@V12@DI@Z 1001ff2c f   Engine:Utilities.obj
 0001:0001ef40       $L60765                    1001ff40 f   Engine:EventManager.obj
 0001:0001ef49       $L60769                    1001ff49 f   Engine:EventManager.obj
 0001:0001ef52       __ehhandler$?_Xlen@?$vector@VEventListener@@V?$allocator@VEventListener@@@std@@@std@@IBEXXZ 1001ff52 f   Engine:EventManager.obj
 0001:0001ef60       __ehhandler$?_Insert_n@?$vector@VEventListener@@V?$allocator@VEventListener@@@std@@@std@@IAEXViterator@12@IABVEventListener@@@Z 1001ff60 f   Engine:EventManager.obj
 0001:0001ef70       $L62308                    1001ff70 f   Engine:EventManager.obj
 0001:0001ef7b       __ehhandler$?Initialize@EventManager@@SAXXZ 1001ff7b f   Engine:EventManager.obj
 0001:0001ef90       $L59582                    1001ff90 f   Engine:EngError.obj
 0001:0001ef9c       __ehhandler$?ErrorMessageBox@@YAXPBD@Z 1001ff9c f   Engine:EngError.obj
 0001:0001efb0       $L59329                    1001ffb0 f   GSClient_r:GSClient.obj
 0001:0001efbb       __ehhandler$?GS_CreateDP8Client@@YAPAUIGSClient@@XZ 1001ffbb f   GSClient_r:GSClient.obj
 0001:0001efd0       __ehhandler$?PingServer@GSClient_DP8@@UAE_NPBDGH@Z 1001ffd0 f   GSClient_r:GSClient_DP8.obj
 0001:0001efe0       $L59898                    1001ffe0 f   GSClient_r:GSClient_DP8.obj
 0001:0001efe9       $L59902                    1001ffe9 f   GSClient_r:GSClient_DP8.obj
 0001:0001eff2       __ehhandler$?_Xlen@?$deque@PAUNetMessage@@V?$allocator@PAUNetMessage@@@std@@@std@@IBEXXZ 1001fff2 f   GSClient_r:GSClient_DP8.obj
 0001:0001f000       $L61042                    10020000 f   GSClient_r:GSClient_DP8.obj
 0001:0001f008       $L61043                    10020008 f   GSClient_r:GSClient_DP8.obj
 0001:0001f013       $L61044                    10020013 f   GSClient_r:GSClient_DP8.obj
 0001:0001f01e       $L61045                    1002001e f   GSClient_r:GSClient_DP8.obj
 0001:0001f029       $L61046                    10020029 f   GSClient_r:GSClient_DP8.obj
 0001:0001f037       __ehhandler$??1GSClient_DP8@@UAE@XZ 10020037 f   GSClient_r:GSClient_DP8.obj
 0001:0001f050       $L61145                    10020050 f   GSClient_r:GSClient_DP8.obj
 0001:0001f058       $L61146                    10020058 f   GSClient_r:GSClient_DP8.obj
 0001:0001f063       $L61147                    10020063 f   GSClient_r:GSClient_DP8.obj
 0001:0001f06e       $L61148                    1002006e f   GSClient_r:GSClient_DP8.obj
 0001:0001f079       $L61149                    10020079 f   GSClient_r:GSClient_DP8.obj
 0001:0001f087       __ehhandler$??0GSClient_DP8@@QAE@XZ 10020087 f   GSClient_r:GSClient_DP8.obj
 0001:0001f0a0       _$E1                       100200a0 f   DarkPeer.obj
 0001:0001f0d0       _$E4                       100200d0 f   DarkPeer.obj
 0001:0001f0e0       _$E7                       100200e0 f   DarkPeer.obj
 0001:0001f100       _$E1                       10020100 f   PlayerDB.obj
 0001:0001f120       _$E1                       10020120 f   Config.obj
 0001:0001f140       _$E1                       10020140 f   Gamesys.obj
 0001:0001f160       _$E137                     10020160 f   Main.obj
 0001:0001f180       _$E140                     10020180 f   Main.obj
 0001:0001f1b0       _$E1                       100201b0 f   NetReactions.obj
 0001:0001f1e0       _$E2                       100201e0 f   DarkPeer.obj
 0001:0001f1f0       _$E8                       100201f0 f   DarkPeer.obj
 0001:0001f200       _$E5                       10020200 f   DarkPeer.obj
 0001:0001f210       _$E2                       10020210 f   PlayerDB.obj
 0001:0001f220       _$E2                       10020220 f   Config.obj
 0001:0001f230       _$E2                       10020230 f   Gamesys.obj
 0001:0001f240       _$E138                     10020240 f   Main.obj
 0001:0001f250       _$E141                     10020250 f   Main.obj
