 ThiefMP

 Timestamp is 4d1022ba (Mon Dec 20 22:44:58 2010)

 Preferred load address is 10000000

 Start         Length     Name                   Class
 0001:00000000 0004ce3eH .text                   CODE
 0001:0004ce40 0000166fH .text$x                 CODE
 0001:0004e4b0 00000b26H .text$yc                CODE
 0001:0004efe0 00000116H .text$yd                CODE
 0002:00000000 0000040cH .idata$5                DATA
 0002:00000410 0000ca34H .rdata                  DATA
 0002:0000ce44 0000003dH .rdata$debug            DATA
 0002:0000ce84 00000044H .rdata$r                DATA
 0002:0000cec8 00000004H .rtc$IAA                DATA
 0002:0000cecc 0000016cH .rtc$IMZ                DATA
 0002:0000d038 00000004H .rtc$IZZ                DATA
 0002:0000d03c 00000004H .rtc$TAA                DATA
 0002:0000d040 0000016cH .rtc$TMZ                DATA
 0002:0000d1ac 00000004H .rtc$TZZ                DATA
 0002:0000d1b0 0000263cH .xdata$x                DATA
 0002:0000f7ec 0000008cH .idata$2                DATA
 0002:0000f878 00000014H .idata$3                DATA
 0002:0000f88c 0000040cH .idata$4                DATA
 0002:0000fc98 00002286H .idata$6                DATA
 0002:00011f1e 00000000H .edata                  DATA
 0003:00000000 00000004H .CRT$XCA                DATA
 0003:00000004 00000004H .CRT$XCAA               DATA
 0003:00000008 00000144H .CRT$XCU                DATA
 0003:0000014c 00000004H .CRT$XCZ                DATA
 0003:00000150 00000004H .CRT$XIA                DATA
 0003:00000154 00000004H .CRT$XIZ                DATA
 0003:00000160 000026b4H .data                   DATA
 0003:00002818 000024fcH .bss                    DATA
 0004:00000000 00000250H .rsrc$01                DATA
 0004:00000250 00001628H .rsrc$02                DATA

  Address         Publics by Value              Rva+Base     Lib:Object

 0000:00000000       __except_list              00000000     <absolute>
 0000:00000000       ___safe_se_handler_count   00000000     <absolute>
 0000:00000000       ___safe_se_handler_table   00000000     <absolute>
 0000:00009876       __ldused                   00009876     <absolute>
 0000:00009876       __fltused                  00009876     <absolute>
 0001:00000000       _cDynArray_ctor            10001000 f   sshock2.obj
 0001:00000010       _cTag_ctor                 10001010 f   sshock2.obj
 0001:00000023       _cDABase_dtor1             10001023 f   sshock2.obj
 0001:00000037       _DarkPlayerActionToSchemaIdx 10001037 f   sshock2.obj
 0001:0000020f       _ShockPlayerActionToSchemaIdx 1000120f f   sshock2.obj
 0001:000003fe       _ShockSetMode              100013fe f   sshock2.obj
 0001:0000062f       _cPhysModels_Get           1000162f f   sshock2.obj
 0001:000006e0       _PlayerAction_GetTagName   100016e0 f   sshock2.obj
 0001:00000710       _PlayerAction_GetAnimName  10001710 f   sshock2.obj
 0001:00000780       ?TransferAI@HookAIManager@@YGHPAUIAIManager@@HH@Z 10001780 f   AIManager.obj
 0001:000007f0       ?CreateAI@HookAIManager@@YGHPAUIAIManager@@HPBD@Z 100017f0 f   AIManager.obj
 0001:00000830       ?StartConversation@HookAIManager@@YGHPAUIAIManager@@H@Z 10001830 f   AIManager.obj
 0001:00000960       ?MakeProxyAI@HookAINetManager@@YGJPAUIAINetManager@@HH@Z 10001960 f   AIManager.obj
 0001:00000cd0       ??0CNetMsg_TransferAI@@QAE@XZ 10001cd0 f i AIManager.obj
 0001:00000cf0       ?IsFlagSet@CDebugManager@@QAEII@Z 10001cf0 f i AIManager.obj
 0001:00000d10       ??C?$GlobalPointer@UINetManager@@@@QBEPAUINetManager@@XZ 10001d10 f i AIManager.obj
 0001:00000d30       ??C?$GlobalPointer@UIObjectNetworking@@@@QBEPAUIObjectNetworking@@XZ 10001d30 f i AIManager.obj
 0001:00000d50       ??C?$GlobalPointer@UIAIManager@@@@QBEPAUIAIManager@@XZ 10001d50 f i AIManager.obj
 0001:00000d70       ??C?$GlobalPointer@UITraitManager@@@@QBEPAUITraitManager@@XZ 10001d70 f i AIManager.obj
 0001:00000d90       ??C?$GlobalPointer@UIGenericProperty@@@@QBEPAUIGenericProperty@@XZ 10001d90 f i AIManager.obj
 0001:00000db0       ??C?$GlobalPointer@UIBoolProperty@@@@QBEPAUIBoolProperty@@XZ 10001db0 f i AIManager.obj
 0001:00000dd0       ?OnDropItem@@YAXXZ         10001dd0 f   Commands.obj
 0001:00000f60       ?OnUseWeapon@@YAXH@Z       10001f60 f   Commands.obj
 0001:00001070       ?OnWinMission@@YAXXZ       10002070 f   Commands.obj
 0001:00001190       ?OnSimMenu@@YAXXZ          10002190 f   Commands.obj
 0001:000011e0       ?OnObjectives@@YAXXZ       100021e0 f   Commands.obj
 0001:00001230       ?OnAutomap@@YAXXZ          10002230 f   Commands.obj
 0001:00001280       ?OverlayFilter@@YA_NXZ     10002280 f   Commands.obj
 0001:000012a0       ?PatchCommands@@YAX_N@Z    100022a0 f   Commands.obj
 0001:00001430       ??C?$GlobalPointer@UIContainSys@@@@QBEPAUIContainSys@@XZ 10002430 f i Commands.obj
 0001:00001450       ??C?$GlobalPointer@UIInventory@@@@QBEPAUIInventory@@XZ 10002450 f i Commands.obj
 0001:00001470       ??0?$IPtr@UIQuestData@@@@QAE@PAX@Z 10002470 f i Commands.obj
 0001:00001490       ??1?$IPtr@UIQuestData@@@@QAE@XZ 10002490 f i Commands.obj
 0001:000014d0       ??C?$IPtr@UIQuestData@@@@QBEPAUIQuestData@@XZ 100024d0 f i Commands.obj
 0001:000014f0       ?ApplyFilters@cBaseDamageModel@@QAEKHHPAUsDamage@@@Z 100024f0 f   Damage.obj
 0001:000015a0       ?AlreadySentMsg@cBaseDamageModel@@QAEHKH@Z 100025a0 f   Damage.obj
 0001:00001640       ?ApplyResult@cBaseDamageModel@@QAEKHHKPAUsChainedEvent@@@Z 10002640 f   Damage.obj
 0001:00001730       ?SendMessageA@cBaseDamageModel@@QAEKPBUsDamageMsg@@@Z 10002730 f   Damage.obj
 0001:00001750       ?DoMultiDamage@@YA_NHHPAUsDamage@@PAUsChainedEvent@@@Z 10002750 f   Damage.obj
 0001:00001790       ?OnDamageObject@HookSimpleDamageModel2@@QAGKHHPAUsDamage@@PAUsChainedEvent@@H@Z 10002790 f   Damage.obj
 0001:00001910       ?HookDarkCombatDamageListener@@YGKPBUsDamageMsg@@PAX@Z 10002910 f   Damage.obj
 0001:00001940       ?DarkDamageListener@@YGKPBUsDamageMsg@@PAX@Z 10002940 f   Damage.obj
 0001:00001af0       ?DamageObject@HookSimpleDamageModel@@YGJKHHPAUsDamage@@PAUsChainedEvent@@H@Z 10002af0 f   Damage.obj
 0001:00001be0       ??A?$cDynArray@UDamageFilterEntry@@@@QAEAAUDamageFilterEntry@@I@Z 10002be0 f i Damage.obj
 0001:00001c00       ?Size@?$cDynArray@UDamageFilterEntry@@@@QAEKXZ 10002c00 f i Damage.obj
 0001:00001c20       ?EndMission@HookDarkGameSrv@@YGJK@Z 10002c20 f   DarkGameSrv.obj
 0001:00001cb0       ?FadeToBlack@HookDarkGameSrv@@YGJKM@Z 10002cb0 f   DarkGameSrv.obj
 0001:00001d30       ?SlotFileName@HookDarkFilePanel@@YGPBDH@Z 10002d30 f   FilePanel.obj
 0001:00001df0       ?DoFileOp@HookSaveFilePanel@@YIXPAKHH@Z 10002df0 f   FilePanel.obj
 0001:00001ea0       ?ReceiveAIHeartbeat@HookGhostReceive@@YAXHHPAUsGhostHeartbeat@@@Z 10002ea0 f   GhostReceive.obj
 0001:00001eb0       ?ReceiveFullHeartbeat@HookGhostReceive@@YAXHHHPAUsGhostHeartbeat@@PAUsGhostMoCap@@@Z 10002eb0 f   GhostReceive.obj
 0001:00001ef0       ?ReceiveRotHeartbeat@HookGhostReceive@@YAXHHPAUsGhostHeartbeat@@@Z 10002ef0 f   GhostReceive.obj
 0001:00001f00       ?CreatePlan@HookGroundActionManeuverFactory@@YGPAVcMotionPlan@@PBVcMotionSchema@@AAUsMcMotorState@@AAUsMcMoveState@@AAUsMcMoveParams@@PAVIMotor@@PAVcMotionCoordinator@@@Z 10002f00 f   Motions.obj
 0001:00001ff0       ?CreatePlan@HookPlayerManeuverFactory@@YGPAVcMotionPlan@@PBVcMotionSchema@@AAUsMcMotorState@@AAUsMcMoveState@@AAUsMcMoveParams@@PAVIMotor@@PAVcMotionCoordinator@@@Z 10002ff0 f   Motions.obj
 0001:00002070       ?CreatePlan@HookGroundLocoManeuverFactory@@YGPAVcMotionPlan@@PBVcMotionSchema@@AAUsMcMotorState@@AAUsMcMoveState@@AAUsMcMoveParams@@PAVIMotor@@PAVcMotionCoordinator@@@Z 10003070 f   Motions.obj
 0001:000020f0       ?GetObjID@cCreature@@QAEHXZ 100030f0 f i Motions.obj
 0001:00002110       ?Host@HookNet@@YGHPAUINet@@PAD1@Z 10003110 f   Net.obj
 0001:000021e0       ?Join@HookNet@@YGHPAUINet@@PBD11@Z 100031e0 f   Net.obj
 0001:00002350       ?SimpleCreatePlayer@HookNet@@YGJPAUINet@@PAD@Z 10003350 f   Net.obj
 0001:000023a0       ?GetMessageA@DPlayException@@QAEPBDXZ 100033a0 f i Net.obj
 0001:000023c0       ?GetCode@DPlayException@@QAEJXZ 100033c0 f i Net.obj
 0001:000023e0       ?SendCreatePlayerNetMsg@HookNetManager@@YGXXZ 100033e0 f   NetManager.obj
 0001:000023f0       ?Leave@HookNetManager@@YGXPAUINetManager@@@Z 100033f0 f   NetManager.obj
 0001:00002480       ?EnumPlayersCallback@HookNetManager@@YGHKKPBUDPNAME@@KPAX@Z 10003480 f   NetManager.obj
 0001:00002500       ?InitExistingPlayer@HookNetManager@@YGHKKPBUDPNAME@@KPAX@Z 10003500 f   NetManager.obj
 0001:00002560       ?_DestroyNetPlayerCallback@HookNetManager@@YGHKKPBUDPNAME@@KPAX@Z 10003560 f   NetManager.obj
 0001:000025c0       ?GetPlayerAddress@HookNetManager@@YGPBDKH@Z 100035c0 f   NetManager.obj
 0001:000025d0       ?SuspendMessaging@HookNetManager@@YGXPAUINetManager@@@Z 100035d0 f   NetManager.obj
 0001:000025f0       ?ResumeMessaging@HookNetManager@@YGXPAUINetManager@@@Z 100035f0 f   NetManager.obj
 0001:00002610       ?MyAvatarArchetype@HookDarkNetServices@@YGHK@Z 10003610 f   NetManager.obj
 0001:00002790       ?NetDisconnectListener@@YAXKKPAX@Z 10003790 f   NetManager.obj
 0001:00002940       ?NetDisconnectListenerInit@@YAXXZ 10003940 f   NetManager.obj
 0001:000029a0       ??C?$GlobalPointer@UIObjectSystem@@@@QBEPAUIObjectSystem@@XZ 100039a0 f i NetManager.obj
 0001:000029c0       ?HandleMsg@HookNetMsg@@YIXPAVcNetMsg@@HPBUsNetMsg_Generic@@KH@Z 100039c0 f   NetMsg.obj
 0001:00002a40       ?MarshalArguments@HookNetMsg@@YIHPAVcNetMsg@@HPADPAHPAI@Z 10003a40 f   NetMsg.obj
 0001:00002ad0       ?ObjectIsVisible@@YAHH@Z   10003ad0 f   Objects.obj
 0001:00002b40       ?ClearTables@HookObjectNetworking@@YGXPAUIObjectNetworking@@@Z 10003b40 f   Objects.obj
 0001:00002b70       ?ObjRegisterProxy@HookObjectNetworking@@YGXPAUIObjectNetworking@@HFH@Z 10003b70 f   Objects.obj
 0001:00002ba0       ?ObjGetProxy@HookObjectNetworking@@YGHPAUIObjectNetworking@@HF@Z 10003ba0 f   Objects.obj
 0001:00002bd0       ?ObjDeleteProxy@HookObjectNetworking@@YGXPAUIObjectNetworking@@H@Z 10003bd0 f   Objects.obj
 0001:00002c00       ?ObjIsProxy@HookObjectNetworking@@YGHPAUIObjectNetworking@@H@Z 10003c00 f   Objects.obj
 0001:00002c30       ?ObjHostInfo@HookObjectNetworking@@YGXPAUIObjectNetworking@@HPAHPAF@Z 10003c30 f   Objects.obj
 0001:00002c60       ?ObjTakeOver@HookObjectNetworking@@YGXPAUIObjectNetworking@@H@Z 10003c60 f   Objects.obj
 0001:00002cc0       ?ObjGiveTo@HookObjectNetworking@@YGXPAUIObjectNetworking@@HHH@Z 10003cc0 f   Objects.obj
 0001:00002d20       ?ObjGiveWithoutObjID@HookObjectNetworking@@YGXPAUIObjectNetworking@@HH@Z 10003d20 f   Objects.obj
 0001:00002da0       ?StartBeginCreate@HookObjectNetworking@@YGXPAUIObjectNetworking@@HH@Z 10003da0 f   Objects.obj
 0001:00002dd0       ?FinishBeginCreate@HookObjectNetworking@@YGXPAUIObjectNetworking@@H@Z 10003dd0 f   Objects.obj
 0001:00002e30       ?StartEndCreate@HookObjectNetworking@@YGXPAUIObjectNetworking@@H@Z 10003e30 f   Objects.obj
 0001:00002e60       ?FinishEndCreate@HookObjectNetworking@@YGXPAUIObjectNetworking@@H@Z 10003e60 f   Objects.obj
 0001:00002e90       ?StartDestroy@HookObjectNetworking@@YGXPAUIObjectNetworking@@H@Z 10003e90 f   Objects.obj
 0001:00002ef0       ?NotifyObjRemapped@HookObjectNetworking@@YGXPAUIObjectNetworking@@HH@Z 10003ef0 f   Objects.obj
 0001:00002f40       ?Add@HookContainSys@@YGJPAUIContainSys@@HHII@Z 10003f40 f   Objects.obj
 0001:00003130       ?Select@HookInventory@@YGJPAUIInventory@@H@Z 10004130 f   Objects.obj
 0001:000032d0       ?ClearSelection@HookInventory@@YGJPAUIInventory@@W4eWhichInvObj@@@Z 100042d0 f   Objects.obj
 0001:000033d0       ?Unlock@HookObjectSystem@@YGJPAUIObjectSystem@@@Z 100043d0 f   Objects.obj
 0001:00003410       ??0CNetMsg_GiveObject@@QAE@XZ 10004410 f i Objects.obj
 0001:00003430       ?HookFrobRequest@@YAXHHHHHHH@Z 10004430 f   Packets.obj
 0001:000034b0       ?HookFrobPickup@@YAXHH@Z   100044b0 f   Packets.obj
 0001:00003510       ?HookRegSphere@@YAXHHKMPAUmxs_vector@@K@Z 10004510 f   Packets.obj
 0001:00003550       ?HookHandleCreateQuestData@@YAXPADHHK@Z 10004550 f   Packets.obj
 0001:000035b0       ?HookHandleSetQuestData@@YAXPADHK@Z 100045b0 f   Packets.obj
 0001:00003610       ?HookHandleHaltSound@@YAXHH@Z 10004610 f   Packets.obj
 0001:00003620       ?HookHandleRequestDestroy@@YAXH@Z 10004620 f   Packets.obj
 0001:000036e0       ?HookHandleFinishSynch@@YAXPAUINetManager@@@Z 100046e0 f   Packets.obj
 0001:00003730       ?HookSynchReady@@YAXXZ     10004730 f   Packets.obj
 0001:00003790       ?HookHandlePlayerInfo@@YAXHPAD0HPAUINetManager@@@Z 10004790 f   Packets.obj
 0001:00003830       ?HookHandleFireProjectile@@YAXHHKMPAUmxs_vector@@PAUmxs_angvec@@0@Z 10004830 f   Packets.obj
 0001:000038f0       ?HookHandleRemap@@YAXEIPAUsSingleRemap@@@Z 100048f0 f   Packets.obj
 0001:00003950       ?HookHandleBeginCreate@@YAXHHH@Z 10004950 f   Packets.obj
 0001:00003a10       ?HookHandleEndCreate@@YAXH@Z 10004a10 f   Packets.obj
 0001:00003a80       ?HookHandleFrobPickup@@YAXHH@Z 10004a80 f   Packets.obj
 0001:00003e80       ??B?$GlobalPointer@UINetManager@@@@QBEPAUINetManager@@XZ 10004e80 f i Packets.obj
 0001:00003ea0       ??B?$GlobalPointer@UIObjectNetworking@@@@QBEPAUIObjectNetworking@@XZ 10004ea0 f i Packets.obj
 0001:00003ec0       ?EnactProxyJointScanAction@HookAIBehaviorSet@@YGXPAUIAIBehaviorSet@@PAUIAI@@PAX@Z 10004ec0 f   ProxyActions.obj
 0001:00003f10       ?OnReact@HookReactions@@QAGXKPAUsReactionEvent@@PAUsReactionParam@@@Z 10004f10 f   Reactions.obj
 0001:00003fd0       ?OnStartAttack@HookBowSrv@@QAGJXZ 10004fd0 f   ScriptService.obj
 0001:00004020       ?OnFinishAttack@HookBowSrv@@QAGJXZ 10005020 f   ScriptService.obj
 0001:00004060       ?StartPicking@HookPickLockSrv@@YGHKHHH@Z 10005060 f   ScriptService.obj
 0001:00004100       ?FinishPicking@HookPickLockSrv@@YGHKH@Z 10005100 f   ScriptService.obj
 0001:00004130       ?MPrint@HookDebugScrSrv@@YGJPAKAAVcScrStr@@1111111@Z 10005130 f   ScriptService.obj
 0001:00004190       ?SendPropertyMsg@HookStoredProperty@@YGHPAUsNetMsg_Generic@@HHK@Z 10005190 f   StoredProperty.obj
 0001:00004290       ?ReceivePropertyMsg@HookStoredProperty@@YGXPBUsNetMsg_Generic@@KKH@Z 10005290 f   StoredProperty.obj
 0001:000042f0       ??A?$map@PADHU?$less@PAD@std@@V?$allocator@U?$pair@QADH@std@@@2@@std@@QAEAAHABQAD@Z 100052f0 f i StoredProperty.obj
 0001:000043e0       ?_Key@?$_Tree@V?$_Tmap_traits@PADHU?$less@PAD@std@@V?$allocator@U?$pair@QADH@std@@@2@$0A@@std@@@std@@KAABQADPAU_Node@?$_Tree_nod@V?$_Tmap_traits@PADHU?$less@PAD@std@@V?$allocator@U?$pair@QADH@std@@@2@$0A@@std@@@2@@Z 100053e0 f i StoredProperty.obj
 0001:00004410       ?end@?$_Tree@V?$_Tmap_traits@PADHU?$less@PAD@std@@V?$allocator@U?$pair@QADH@std@@@2@$0A@@std@@@std@@QAE?AViterator@12@XZ 10005410 f i StoredProperty.obj
 0001:00004440       ?insert@?$_Tree@V?$_Tmap_traits@PADHU?$less@PAD@std@@V?$allocator@U?$pair@QADH@std@@@2@$0A@@std@@@std@@QAE?AViterator@12@V312@ABU?$pair@QADH@2@@Z 10005440 f i StoredProperty.obj
 0001:00004a50       ?lower_bound@?$_Tree@V?$_Tmap_traits@PADHU?$less@PAD@std@@V?$allocator@U?$pair@QADH@std@@@2@$0A@@std@@@std@@QAE?AViterator@12@ABQAD@Z 10005a50 f i StoredProperty.obj
 0001:00004a90       ??R?$less@PAD@std@@QBE_NABQAD0@Z 10005a90 f i StoredProperty.obj
 0001:00004ac0       ??Diterator@?$_Tree@V?$_Tmap_traits@PADHU?$less@PAD@std@@V?$allocator@U?$pair@QADH@std@@@2@$0A@@std@@@std@@QBEAAU?$pair@QADH@2@XZ 10005ac0 f i StoredProperty.obj
 0001:00004af0       ??8const_iterator@?$_Tree@V?$_Tmap_traits@PADHU?$less@PAD@std@@V?$allocator@U?$pair@QADH@std@@@2@$0A@@std@@@std@@QBE_NABV012@@Z 10005af0 f i StoredProperty.obj
 0001:00004b20       ?_Mynode@const_iterator@?$_Tree@V?$_Tmap_traits@PADHU?$less@PAD@std@@V?$allocator@U?$pair@QADH@std@@@2@$0A@@std@@@std@@QBEPAU_Node@?$_Tree_nod@V?$_Tmap_traits@PADHU?$less@PAD@std@@V?$allocator@U?$pair@QADH@std@@@2@$0A@@std@@@3@XZ 10005b20 f i StoredProperty.obj
 0001:00004b40       ??0?$pair@QADH@std@@QAE@ABQADABH@Z 10005b40 f i StoredProperty.obj
 0001:00004b70       ?_Isnil@?$_Tree@V?$_Tmap_traits@PADHU?$less@PAD@std@@V?$allocator@U?$pair@QADH@std@@@2@$0A@@std@@@std@@KAAADPAU_Node@?$_Tree_nod@V?$_Tmap_traits@PADHU?$less@PAD@std@@V?$allocator@U?$pair@QADH@std@@@2@$0A@@std@@@2@@Z 10005b70 f i StoredProperty.obj
 0001:00004b80       ?_Right@?$_Tree@V?$_Tmap_traits@PADHU?$less@PAD@std@@V?$allocator@U?$pair@QADH@std@@@2@$0A@@std@@@std@@KAAAPAU_Node@?$_Tree_nod@V?$_Tmap_traits@PADHU?$less@PAD@std@@V?$allocator@U?$pair@QADH@std@@@2@$0A@@std@@@2@PAU342@@Z 10005b80 f i StoredProperty.obj
 0001:00004b90       ?_Myval@?$_Tree@V?$_Tmap_traits@PADHU?$less@PAD@std@@V?$allocator@U?$pair@QADH@std@@@2@$0A@@std@@@std@@KAAAU?$pair@QADH@2@PAU_Node@?$_Tree_nod@V?$_Tmap_traits@PADHU?$less@PAD@std@@V?$allocator@U?$pair@QADH@std@@@2@$0A@@std@@@2@@Z 10005b90 f i StoredProperty.obj
 0001:00004ba0       ?begin@?$_Tree@V?$_Tmap_traits@PADHU?$less@PAD@std@@V?$allocator@U?$pair@QADH@std@@@2@$0A@@std@@@std@@QAE?AViterator@12@XZ 10005ba0 f i StoredProperty.obj
 0001:00004be0       ?size@?$_Tree@V?$_Tmap_traits@PADHU?$less@PAD@std@@V?$allocator@U?$pair@QADH@std@@@2@$0A@@std@@@std@@QBEIXZ 10005be0 f i StoredProperty.obj
 0001:00004c00       ?insert@?$_Tree@V?$_Tmap_traits@PADHU?$less@PAD@std@@V?$allocator@U?$pair@QADH@std@@@2@$0A@@std@@@std@@QAE?AU?$pair@Viterator@?$_Tree@V?$_Tmap_traits@PADHU?$less@PAD@std@@V?$allocator@U?$pair@QADH@std@@@2@$0A@@std@@@std@@_N@2@ABU?$pair@QADH@2@@Z 10005c00 f i StoredProperty.obj
 0001:00004e00       ?_Left@?$_Tree@V?$_Tmap_traits@PADHU?$less@PAD@std@@V?$allocator@U?$pair@QADH@std@@@2@$0A@@std@@@std@@KAAAPAU_Node@?$_Tree_nod@V?$_Tmap_traits@PADHU?$less@PAD@std@@V?$allocator@U?$pair@QADH@std@@@2@$0A@@std@@@2@PAU342@@Z 10005e00 f i StoredProperty.obj
 0001:00004e10       ?_Insert@?$_Tree@V?$_Tmap_traits@PADHU?$less@PAD@std@@V?$allocator@U?$pair@QADH@std@@@2@$0A@@std@@@std@@IAE?AViterator@12@_NPAU_Node@?$_Tree_nod@V?$_Tmap_traits@PADHU?$less@PAD@std@@V?$allocator@U?$pair@QADH@std@@@2@$0A@@std@@@2@ABU?$pair@QADH@2@@Z 10005e10 f i StoredProperty.obj
 0001:00005290       ??0length_error@std@@QAE@ABV?$basic_string@DU?$char_traits@D@std@@V?$allocator@D@2@@1@@Z 10006290 f i StoredProperty.obj
 0001:000052d0       ??0logic_error@std@@QAE@ABV?$basic_string@DU?$char_traits@D@std@@V?$allocator@D@2@@1@@Z 100062d0 f i StoredProperty.obj
 0001:00005360       ?what@logic_error@std@@UBEPBDXZ 10006360 f i StoredProperty.obj
 0001:000053a0       ??_Elogic_error@std@@UAEPAXI@Z 100063a0 f i StoredProperty.obj
 0001:000053a0       ??_Glogic_error@std@@UAEPAXI@Z 100063a0 f i StoredProperty.obj
 0001:000053e0       ??1logic_error@std@@UAE@XZ 100063e0 f i StoredProperty.obj
 0001:00005460       ??1length_error@std@@UAE@XZ 10006460 f i StoredProperty.obj
 0001:00005490       ??_Glength_error@std@@UAEPAXI@Z 10006490 f i StoredProperty.obj
 0001:00005490       ??_Elength_error@std@@UAEPAXI@Z 10006490 f i StoredProperty.obj
 0001:000054d0       ?_Parent@?$_Tree@V?$_Tmap_traits@PADHU?$less@PAD@std@@V?$allocator@U?$pair@QADH@std@@@2@$0A@@std@@@std@@KAAAPAU_Node@?$_Tree_nod@V?$_Tmap_traits@PADHU?$less@PAD@std@@V?$allocator@U?$pair@QADH@std@@@2@$0A@@std@@@2@PAU342@@Z 100064d0 f i StoredProperty.obj
 0001:000054e0       ?_Lbound@?$_Tree@V?$_Tmap_traits@PADHU?$less@PAD@std@@V?$allocator@U?$pair@QADH@std@@@2@$0A@@std@@@std@@IBEPAU_Node@?$_Tree_nod@V?$_Tmap_traits@PADHU?$less@PAD@std@@V?$allocator@U?$pair@QADH@std@@@2@$0A@@std@@@2@ABQAD@Z 100064e0 f i StoredProperty.obj
 0001:00005590       ?_Rmost@?$_Tree@V?$_Tmap_traits@PADHU?$less@PAD@std@@V?$allocator@U?$pair@QADH@std@@@2@$0A@@std@@@std@@IAEAAPAU_Node@?$_Tree_nod@V?$_Tmap_traits@PADHU?$less@PAD@std@@V?$allocator@U?$pair@QADH@std@@@2@$0A@@std@@@2@XZ 10006590 f i StoredProperty.obj
 0001:000055c0       ?_Kfn@?$_Tmap_traits@PADHU?$less@PAD@std@@V?$allocator@U?$pair@QADH@std@@@2@$0A@@std@@SAABQADABU?$pair@QADH@2@@Z 100065c0 f i StoredProperty.obj
 0001:000055d0       ??0iterator@?$_Tree@V?$_Tmap_traits@PADHU?$less@PAD@std@@V?$allocator@U?$pair@QADH@std@@@2@$0A@@std@@@std@@QAE@XZ 100065d0 f i StoredProperty.obj
 0001:00005600       ??0iterator@?$_Tree@V?$_Tmap_traits@PADHU?$less@PAD@std@@V?$allocator@U?$pair@QADH@std@@@2@$0A@@std@@@std@@QAE@PAU_Node@?$_Tree_nod@V?$_Tmap_traits@PADHU?$less@PAD@std@@V?$allocator@U?$pair@QADH@std@@@2@$0A@@std@@@2@@Z 10006600 f i StoredProperty.obj
 0001:00005630       ??Eiterator@?$_Tree@V?$_Tmap_traits@PADHU?$less@PAD@std@@V?$allocator@U?$pair@QADH@std@@@2@$0A@@std@@@std@@QAEAAV012@XZ 10006630 f i StoredProperty.obj
 0001:00005660       ??Fiterator@?$_Tree@V?$_Tmap_traits@PADHU?$less@PAD@std@@V?$allocator@U?$pair@QADH@std@@@2@$0A@@std@@@std@@QAEAAV012@XZ 10006660 f i StoredProperty.obj
 0001:00005690       ??Dconst_iterator@?$_Tree@V?$_Tmap_traits@PADHU?$less@PAD@std@@V?$allocator@U?$pair@QADH@std@@@2@$0A@@std@@@std@@QBEABU?$pair@QADH@2@XZ 10006690 f i StoredProperty.obj
 0001:000056c0       ??0length_error@std@@QAE@ABV01@@Z 100066c0 f i StoredProperty.obj
 0001:00005700       ??0logic_error@std@@QAE@ABV01@@Z 10006700 f i StoredProperty.obj
 0001:00005790       ?_Color@?$_Tree@V?$_Tmap_traits@PADHU?$less@PAD@std@@V?$allocator@U?$pair@QADH@std@@@2@$0A@@std@@@std@@KAAADPAU_Node@?$_Tree_nod@V?$_Tmap_traits@PADHU?$less@PAD@std@@V?$allocator@U?$pair@QADH@std@@@2@$0A@@std@@@2@@Z 10006790 f i StoredProperty.obj
 0001:000057a0       ?max_size@?$_Tree@V?$_Tmap_traits@PADHU?$less@PAD@std@@V?$allocator@U?$pair@QADH@std@@@2@$0A@@std@@@std@@QBEIXZ 100067a0 f i StoredProperty.obj
 0001:000057d0       ?_Lmost@?$_Tree@V?$_Tmap_traits@PADHU?$less@PAD@std@@V?$allocator@U?$pair@QADH@std@@@2@$0A@@std@@@std@@IAEAAPAU_Node@?$_Tree_nod@V?$_Tmap_traits@PADHU?$less@PAD@std@@V?$allocator@U?$pair@QADH@std@@@2@$0A@@std@@@2@XZ 100067d0 f i StoredProperty.obj
 0001:00005800       ?_Lrotate@?$_Tree@V?$_Tmap_traits@PADHU?$less@PAD@std@@V?$allocator@U?$pair@QADH@std@@@2@$0A@@std@@@std@@IAEXPAU_Node@?$_Tree_nod@V?$_Tmap_traits@PADHU?$less@PAD@std@@V?$allocator@U?$pair@QADH@std@@@2@$0A@@std@@@2@@Z 10006800 f i StoredProperty.obj
 0001:00005950       ?_Root@?$_Tree@V?$_Tmap_traits@PADHU?$less@PAD@std@@V?$allocator@U?$pair@QADH@std@@@2@$0A@@std@@@std@@IAEAAPAU_Node@?$_Tree_nod@V?$_Tmap_traits@PADHU?$less@PAD@std@@V?$allocator@U?$pair@QADH@std@@@2@$0A@@std@@@2@XZ 10006950 f i StoredProperty.obj
 0001:00005980       ?_Root@?$_Tree@V?$_Tmap_traits@PADHU?$less@PAD@std@@V?$allocator@U?$pair@QADH@std@@@2@$0A@@std@@@std@@IBEAAPAU_Node@?$_Tree_nod@V?$_Tmap_traits@PADHU?$less@PAD@std@@V?$allocator@U?$pair@QADH@std@@@2@$0A@@std@@@2@XZ 10006980 f i StoredProperty.obj
 0001:000059b0       ?_Rrotate@?$_Tree@V?$_Tmap_traits@PADHU?$less@PAD@std@@V?$allocator@U?$pair@QADH@std@@@2@$0A@@std@@@std@@IAEXPAU_Node@?$_Tree_nod@V?$_Tmap_traits@PADHU?$less@PAD@std@@V?$allocator@U?$pair@QADH@std@@@2@$0A@@std@@@2@@Z 100069b0 f i StoredProperty.obj
 0001:00005b00       ?_Buynode@?$_Tree@V?$_Tmap_traits@PADHU?$less@PAD@std@@V?$allocator@U?$pair@QADH@std@@@2@$0A@@std@@@std@@IAEPAU_Node@?$_Tree_nod@V?$_Tmap_traits@PADHU?$less@PAD@std@@V?$allocator@U?$pair@QADH@std@@@2@$0A@@std@@@2@PAU342@00ABU?$pair@QADH@2@D@Z 10006b00 f i StoredProperty.obj
 0001:00005bf0       ??2@YAPAXIPAX@Z            10006bf0 f i StoredProperty.obj
 0001:00005c00       ??3@YAXPAX0@Z              10006c00 f i StoredProperty.obj
 0001:00005c10       ?deallocate@?$allocator@U_Node@?$_Tree_nod@V?$_Tmap_traits@PADHU?$less@PAD@std@@V?$allocator@U?$pair@QADH@std@@@2@$0A@@std@@@std@@@std@@QAEXPAU_Node@?$_Tree_nod@V?$_Tmap_traits@PADHU?$less@PAD@std@@V?$allocator@U?$pair@QADH@std@@@2@$0A@@std@@@2@I@Z 10006c10 f i StoredProperty.obj
 0001:00005c40       ??0const_iterator@?$_Tree@V?$_Tmap_traits@PADHU?$less@PAD@std@@V?$allocator@U?$pair@QADH@std@@@2@$0A@@std@@@std@@QAE@XZ 10006c40 f i StoredProperty.obj
 0001:00005c60       ??0const_iterator@?$_Tree@V?$_Tmap_traits@PADHU?$less@PAD@std@@V?$allocator@U?$pair@QADH@std@@@2@$0A@@std@@@std@@QAE@PAU_Node@?$_Tree_nod@V?$_Tmap_traits@PADHU?$less@PAD@std@@V?$allocator@U?$pair@QADH@std@@@2@$0A@@std@@@2@@Z 10006c60 f i StoredProperty.obj
 0001:00005c80       ??Econst_iterator@?$_Tree@V?$_Tmap_traits@PADHU?$less@PAD@std@@V?$allocator@U?$pair@QADH@std@@@2@$0A@@std@@@std@@QAEAAV012@XZ 10006c80 f i StoredProperty.obj
 0001:00005cb0       ??Fconst_iterator@?$_Tree@V?$_Tmap_traits@PADHU?$less@PAD@std@@V?$allocator@U?$pair@QADH@std@@@2@$0A@@std@@@std@@QAEAAV012@XZ 10006cb0 f i StoredProperty.obj
 0001:00005ce0       ??0?$pair@Viterator@?$_Tree@V?$_Tmap_traits@PADHU?$less@PAD@std@@V?$allocator@U?$pair@QADH@std@@@2@$0A@@std@@@std@@_N@std@@QAE@ABViterator@?$_Tree@V?$_Tmap_traits@PADHU?$less@PAD@std@@V?$allocator@U?$pair@QADH@std@@@2@$0A@@std@@@1@AB_N@Z 10006ce0 f i StoredProperty.obj
 0001:00005d10       ?max_size@?$allocator@U?$pair@QADH@std@@@std@@QBEIXZ 10006d10 f i StoredProperty.obj
 0001:00005d60       ?allocate@?$allocator@U_Node@?$_Tree_nod@V?$_Tmap_traits@PADHU?$less@PAD@std@@V?$allocator@U?$pair@QADH@std@@@2@$0A@@std@@@std@@@std@@QAEPAU_Node@?$_Tree_nod@V?$_Tmap_traits@PADHU?$less@PAD@std@@V?$allocator@U?$pair@QADH@std@@@2@$0A@@std@@@2@I@Z 10006d60 f i StoredProperty.obj
 0001:00005d90       ?_Dec@const_iterator@?$_Tree@V?$_Tmap_traits@PADHU?$less@PAD@std@@V?$allocator@U?$pair@QADH@std@@@2@$0A@@std@@@std@@QAEXXZ 10006d90 f i StoredProperty.obj
 0001:00005e90       ?_Max@?$_Tree@V?$_Tmap_traits@PADHU?$less@PAD@std@@V?$allocator@U?$pair@QADH@std@@@2@$0A@@std@@@std@@KAPAU_Node@?$_Tree_nod@V?$_Tmap_traits@PADHU?$less@PAD@std@@V?$allocator@U?$pair@QADH@std@@@2@$0A@@std@@@2@PAU342@@Z 10006e90 f i StoredProperty.obj
 0001:00005ed0       ?_Inc@const_iterator@?$_Tree@V?$_Tmap_traits@PADHU?$less@PAD@std@@V?$allocator@U?$pair@QADH@std@@@2@$0A@@std@@@std@@QAEXXZ 10006ed0 f i StoredProperty.obj
 0001:00005fa0       ?_Min@?$_Tree@V?$_Tmap_traits@PADHU?$less@PAD@std@@V?$allocator@U?$pair@QADH@std@@@2@$0A@@std@@@std@@KAPAU_Node@?$_Tree_nod@V?$_Tmap_traits@PADHU?$less@PAD@std@@V?$allocator@U?$pair@QADH@std@@@2@$0A@@std@@@2@PAU342@@Z 10006fa0 f i StoredProperty.obj
 0001:00005fe0       ??0_Node@?$_Tree_nod@V?$_Tmap_traits@PADHU?$less@PAD@std@@V?$allocator@U?$pair@QADH@std@@@2@$0A@@std@@@std@@QAE@PAU012@00ABU?$pair@QADH@2@D@Z 10006fe0 f i StoredProperty.obj
 0001:00006040       ??$_Allocate@U_Node@?$_Tree_nod@V?$_Tmap_traits@PADHU?$less@PAD@std@@V?$allocator@U?$pair@QADH@std@@@2@$0A@@std@@@std@@@std@@YAPAU_Node@?$_Tree_nod@V?$_Tmap_traits@PADHU?$less@PAD@std@@V?$allocator@U?$pair@QADH@std@@@2@$0A@@std@@@0@IPAU120@@Z 10007040 f i StoredProperty.obj
 0001:00006060       ??0?$map@PADHU?$less@PAD@std@@V?$allocator@U?$pair@QADH@std@@@2@@std@@QAE@XZ 10007060 f i StoredProperty.obj
 0001:000060a0       ??0?$_Tree@V?$_Tmap_traits@PADHU?$less@PAD@std@@V?$allocator@U?$pair@QADH@std@@@2@$0A@@std@@@std@@QAE@ABU?$less@PAD@1@ABV?$allocator@U?$pair@QADH@std@@@1@@Z 100070a0 f i StoredProperty.obj
 0001:000060f0       ??0?$allocator@U?$pair@QADH@std@@@std@@QAE@XZ 100070f0 f i StoredProperty.obj
 0001:00006110       ?_Init@?$_Tree@V?$_Tmap_traits@PADHU?$less@PAD@std@@V?$allocator@U?$pair@QADH@std@@@2@$0A@@std@@@std@@IAEXXZ 10007110 f i StoredProperty.obj
 0001:00006190       ??0?$_Tree_val@V?$_Tmap_traits@PADHU?$less@PAD@std@@V?$allocator@U?$pair@QADH@std@@@2@$0A@@std@@@std@@IAE@ABU?$less@PAD@1@V?$allocator@U?$pair@QADH@std@@@1@@Z 10007190 f i StoredProperty.obj
 0001:000061f0       ??0?$allocator@U?$pair@QADH@std@@@std@@QAE@ABV01@@Z 100071f0 f i StoredProperty.obj
 0001:00006210       ?_Buynode@?$_Tree@V?$_Tmap_traits@PADHU?$less@PAD@std@@V?$allocator@U?$pair@QADH@std@@@2@$0A@@std@@@std@@IAEPAU_Node@?$_Tree_nod@V?$_Tmap_traits@PADHU?$less@PAD@std@@V?$allocator@U?$pair@QADH@std@@@2@$0A@@std@@@2@XZ 10007210 f i StoredProperty.obj
 0001:000063a0       ?destroy@?$allocator@PAU_Node@?$_Tree_nod@V?$_Tmap_traits@PADHU?$less@PAD@std@@V?$allocator@U?$pair@QADH@std@@@2@$0A@@std@@@std@@@std@@QAEXPAPAU_Node@?$_Tree_nod@V?$_Tmap_traits@PADHU?$less@PAD@std@@V?$allocator@U?$pair@QADH@std@@@2@$0A@@std@@@2@@Z 100073a0 f i StoredProperty.obj
 0001:000063d0       ??0?$_Tree_ptr@V?$_Tmap_traits@PADHU?$less@PAD@std@@V?$allocator@U?$pair@QADH@std@@@2@$0A@@std@@@std@@IAE@ABU?$less@PAD@1@V?$allocator@U?$pair@QADH@std@@@1@@Z 100073d0 f i StoredProperty.obj
 0001:00006430       ??0?$_Tree_nod@V?$_Tmap_traits@PADHU?$less@PAD@std@@V?$allocator@U?$pair@QADH@std@@@2@$0A@@std@@@std@@IAE@ABU?$less@PAD@1@V?$allocator@U?$pair@QADH@std@@@1@@Z 10007430 f i StoredProperty.obj
 0001:00006470       ?construct@?$allocator@PAU_Node@?$_Tree_nod@V?$_Tmap_traits@PADHU?$less@PAD@std@@V?$allocator@U?$pair@QADH@std@@@2@$0A@@std@@@std@@@std@@QAEXPAPAU_Node@?$_Tree_nod@V?$_Tmap_traits@PADHU?$less@PAD@std@@V?$allocator@U?$pair@QADH@std@@@2@$0A@@std@@@2@ABQAU342@@Z 10007470 f i StoredProperty.obj
 0001:000064a0       ??0?$_Tmap_traits@PADHU?$less@PAD@std@@V?$allocator@U?$pair@QADH@std@@@2@$0A@@std@@QAE@U?$less@PAD@1@@Z 100074a0 f i StoredProperty.obj
 0001:000064c0       ??$_Destroy@PAU_Node@?$_Tree_nod@V?$_Tmap_traits@PADHU?$less@PAD@std@@V?$allocator@U?$pair@QADH@std@@@2@$0A@@std@@@std@@@std@@YAXPAPAU_Node@?$_Tree_nod@V?$_Tmap_traits@PADHU?$less@PAD@std@@V?$allocator@U?$pair@QADH@std@@@2@$0A@@std@@@0@@Z 100074c0 f i StoredProperty.obj
 0001:000064d0       ??$?0U?$pair@QADH@std@@@?$allocator@PAU_Node@?$_Tree_nod@V?$_Tmap_traits@PADHU?$less@PAD@std@@V?$allocator@U?$pair@QADH@std@@@2@$0A@@std@@@std@@@std@@QAE@ABV?$allocator@U?$pair@QADH@std@@@1@@Z 100074d0 f i StoredProperty.obj
 0001:000064f0       ??$?0U?$pair@QADH@std@@@?$allocator@U_Node@?$_Tree_nod@V?$_Tmap_traits@PADHU?$less@PAD@std@@V?$allocator@U?$pair@QADH@std@@@2@$0A@@std@@@std@@@std@@QAE@ABV?$allocator@U?$pair@QADH@std@@@1@@Z 100074f0 f i StoredProperty.obj
 0001:00006510       ??$_Construct@PAU_Node@?$_Tree_nod@V?$_Tmap_traits@PADHU?$less@PAD@std@@V?$allocator@U?$pair@QADH@std@@@2@$0A@@std@@@std@@PAU123@@std@@YAXPAPAU_Node@?$_Tree_nod@V?$_Tmap_traits@PADHU?$less@PAD@std@@V?$allocator@U?$pair@QADH@std@@@2@$0A@@std@@@0@ABQAU120@@Z 10007510 f i StoredProperty.obj
 0001:00006570       ??1?$map@PADHU?$less@PAD@std@@V?$allocator@U?$pair@QADH@std@@@2@@std@@QAE@XZ 10007570 f i StoredProperty.obj
 0001:000065a0       ??1?$_Tree@V?$_Tmap_traits@PADHU?$less@PAD@std@@V?$allocator@U?$pair@QADH@std@@@2@$0A@@std@@@std@@QAE@XZ 100075a0 f i StoredProperty.obj
 0001:000065d0       ?_Tidy@?$_Tree@V?$_Tmap_traits@PADHU?$less@PAD@std@@V?$allocator@U?$pair@QADH@std@@@2@$0A@@std@@@std@@IAEXXZ 100075d0 f i StoredProperty.obj
 0001:000066a0       ?erase@?$_Tree@V?$_Tmap_traits@PADHU?$less@PAD@std@@V?$allocator@U?$pair@QADH@std@@@2@$0A@@std@@@std@@QAE?AViterator@12@V312@0@Z 100076a0 f i StoredProperty.obj
 0001:00006760       ?erase@?$_Tree@V?$_Tmap_traits@PADHU?$less@PAD@std@@V?$allocator@U?$pair@QADH@std@@@2@$0A@@std@@@std@@QAE?AViterator@12@V312@@Z 10007760 f i StoredProperty.obj
 0001:00006f40       ??0out_of_range@std@@QAE@ABV?$basic_string@DU?$char_traits@D@std@@V?$allocator@D@2@@1@@Z 10007f40 f i StoredProperty.obj
 0001:00006f80       ??1out_of_range@std@@UAE@XZ 10007f80 f i StoredProperty.obj
 0001:00006fb0       ??_Gout_of_range@std@@UAEPAXI@Z 10007fb0 f i StoredProperty.obj
 0001:00006fb0       ??_Eout_of_range@std@@UAEPAXI@Z 10007fb0 f i StoredProperty.obj
 0001:00006ff0       ?clear@?$_Tree@V?$_Tmap_traits@PADHU?$less@PAD@std@@V?$allocator@U?$pair@QADH@std@@@2@$0A@@std@@@std@@QAEXXZ 10007ff0 f i StoredProperty.obj
 0001:00007060       ??Eiterator@?$_Tree@V?$_Tmap_traits@PADHU?$less@PAD@std@@V?$allocator@U?$pair@QADH@std@@@2@$0A@@std@@@std@@QAE?AV012@H@Z 10008060 f i StoredProperty.obj
 0001:000070d0       ??9const_iterator@?$_Tree@V?$_Tmap_traits@PADHU?$less@PAD@std@@V?$allocator@U?$pair@QADH@std@@@2@$0A@@std@@@std@@QBE_NABV012@@Z 100080d0 f i StoredProperty.obj
 0001:00007110       ??0out_of_range@std@@QAE@ABV01@@Z 10008110 f i StoredProperty.obj
 0001:00007150       ?_Erase@?$_Tree@V?$_Tmap_traits@PADHU?$less@PAD@std@@V?$allocator@U?$pair@QADH@std@@@2@$0A@@std@@@std@@IAEXPAU_Node@?$_Tree_nod@V?$_Tmap_traits@PADHU?$less@PAD@std@@V?$allocator@U?$pair@QADH@std@@@2@$0A@@std@@@2@@Z 10008150 f i StoredProperty.obj
 0001:000071f0       ?destroy@?$allocator@U_Node@?$_Tree_nod@V?$_Tmap_traits@PADHU?$less@PAD@std@@V?$allocator@U?$pair@QADH@std@@@2@$0A@@std@@@std@@@std@@QAEXPAU_Node@?$_Tree_nod@V?$_Tmap_traits@PADHU?$less@PAD@std@@V?$allocator@U?$pair@QADH@std@@@2@$0A@@std@@@2@@Z 100081f0 f i StoredProperty.obj
 0001:00007220       ??$swap@D@std@@YAXAAD0@Z   10008220 f i StoredProperty.obj
 0001:00007250       ??$_Destroy@U_Node@?$_Tree_nod@V?$_Tmap_traits@PADHU?$less@PAD@std@@V?$allocator@U?$pair@QADH@std@@@2@$0A@@std@@@std@@@std@@YAXPAU_Node@?$_Tree_nod@V?$_Tmap_traits@PADHU?$less@PAD@std@@V?$allocator@U?$pair@QADH@std@@@2@$0A@@std@@@0@@Z 10008250 f i StoredProperty.obj
 0001:00007260       ??0CDarkPeer@@QAE@W4NetState@@@Z 10008260 f   DarkPeer.obj
 0001:000074d0       ??1CDarkPeer@@UAE@XZ       100084d0 f   DarkPeer.obj
 0001:00007700       ?CancelEnumeration@CDarkPeer@@UAEXXZ 10008700 f   DarkPeer.obj
 0001:00007760       ?CancelAllEnumerations@CDarkPeer@@UAEXXZ 10008760 f   DarkPeer.obj
 0001:000077b0       ?Close@CDarkPeer@@UAEXXZ   100087b0 f   DarkPeer.obj
 0001:00007820       ?CrashCleanup@CDarkPeer@@UAEXXZ 10008820 f   DarkPeer.obj
 0001:000078a0       ?ConnectToServer@CDarkPeer@@UAE_NPBD0@Z 100088a0 f   DarkPeer.obj
 0001:00007920       ?DestroyPeer@CDarkPeer@@UAE_NKPBXK@Z 10008920 f   DarkPeer.obj
 0001:00007980       ?EnumHosts@CDarkPeer@@UAEXPBD0@Z 10008980 f   DarkPeer.obj
 0001:00007bc0       ?OnEnumerationResponse@CDarkPeer@@IAEXPAU_DPNMSG_ENUM_HOSTS_RESPONSE@@@Z 10008bc0 f   DarkPeer.obj
 0001:00007ea0       ?GetSendQueueStats@CDarkPeer@@UAE_NAAUQueueStats@@@Z 10008ea0 f   DarkPeer.obj
 0001:00007ee0       ?GetSendQueues@CDarkPeer@@UAEXXZ 10008ee0 f   DarkPeer.obj
 0001:00008080       ?GetHostConnectionInfo@CDarkPeer@@UAEJPAU_DPN_CONNECTION_INFO@@@Z 10009080 f   DarkPeer.obj
 0001:000080c0       ?GetConnectionInfo@CDarkPeer@@UAEJKPAU_DPN_CONNECTION_INFO@@@Z 100090c0 f   DarkPeer.obj
 0001:00008120       ?GetPeer@CDarkPeer@@UAEPAUIDirectPlay8Peer@@XZ 10009120 f   DarkPeer.obj
 0001:00008140       ?GetLocalID@CDarkPeer@@UAEKXZ 10009140 f   DarkPeer.obj
 0001:00008160       ?InitClient@CDarkPeer@@IAEXXZ 10009160 f   DarkPeer.obj
 0001:00008650       ?InitGlobalLink@CDarkPeer@@IAE_NXZ 10009650 f   DarkPeer.obj
 0001:00008830       ?InitServer@CDarkPeer@@IAEXXZ 10009830 f   DarkPeer.obj
 0001:00008ff0       ?GetConnectEventHandle@CDarkPeer@@UAEPAXXZ 10009ff0 f   DarkPeer.obj
 0001:00009010       ?GetPeerInfo@CDarkPeer@@UAEPAU_DPN_PLAYER_INFO@@K@Z 1000a010 f   DarkPeer.obj
 0001:00009140       ?HandleCreatePlayerMsg@CDarkPeer@@IAEXPAU_DPNMSG_CREATE_PLAYER@@@Z 1000a140 f   DarkPeer.obj
 0001:000095b0       ?StaticMessageHandler@CDarkPeer@@KGJPAXK0@Z 1000a5b0 f   DarkPeer.obj
 0001:000095f0       ?MessageHandler@CDarkPeer@@IAEJPAXK0@Z 1000a5f0 f   DarkPeer.obj
 0001:00009bc0       ?HandleNewPacket@CDarkPeer@@IAEXPAEKK@Z 1000abc0 f   DarkPeer.obj
 0001:00009cb0       ?SendToHost@CDarkPeer@@UAEXPAXKK@Z 1000acb0 f   DarkPeer.obj
 0001:00009d60       ?SendToAll@CDarkPeer@@UAEXPAXKKK@Z 1000ad60 f   DarkPeer.obj
 0001:00009db0       ?Send@CDarkPeer@@UAEXKPAXKKK@Z 1000adb0 f   DarkPeer.obj
 0001:00009f70       ?SendOP@CDarkPeer@@UAEXKPAXKKK@Z 1000af70 f   DarkPeer.obj
 0001:0000a110       ?SendChat@CDarkPeer@@UAEX_NPBD@Z 1000b110 f   DarkPeer.obj
 0001:0000a270       ?HandleGameModeEntry@CDarkPeer@@IAEXXZ 1000b270 f   DarkPeer.obj
 0001:0000a3c0       ?HandleMissionLoaded@CDarkPeer@@IAEXXZ 1000b3c0 f   DarkPeer.obj
 0001:0000a400       ?Update@CDarkPeer@@UAEXXZ  1000b400 f   DarkPeer.obj
 0001:0000a450       ?EventHandler@CDarkPeer@@UAEXHPAX@Z 1000b450 f   DarkPeer.obj
 0001:0000a4a0       ?SetPlayerInfo@CDarkPeer@@UAEJXZ 1000b4a0 f   DarkPeer.obj
 0001:0000a5c0       ?Shutdown@CDarkPeer@@UAEXXZ 1000b5c0 f   DarkPeer.obj
 0001:0000a730       ?GetSessionManager@CDarkPeer@@UAEPAVCDarkSessionManager@@XZ 1000b730 f   DarkPeer.obj
 0001:0000a750       ?GetSessionInfo@CDarkPeer@@UBEABUSessionInfo@@XZ 1000b750 f   DarkPeer.obj
 0001:0000a780       ?GetOldPlayerData@CDarkPeer@@UAEAAV?$map@KPAUDP4Data@@U?$less@K@std@@V?$allocator@U?$pair@$$CBKPAUDP4Data@@@std@@@3@@std@@XZ 1000b780 f   DarkPeer.obj
 0001:0000a7a0       ?ReceivedPlayers@CDarkPeer@@UBE_NXZ 1000b7a0 f   DarkPeer.obj
 0001:0000a7c0       ?SetReceivedPlayers@CDarkPeer@@UAEX_N@Z 1000b7c0 f   DarkPeer.obj
 0001:0000a7e0       ?PopQueuedMessage@CDarkPeer@@UAEPAUNetMessage@@XZ 1000b7e0 f   DarkPeer.obj
 0001:0000a840       ?SendHeartbeat@CDarkPeer@@UAEXXZ 1000b840 f   DarkPeer.obj
 0001:0000a870       ?Start@ConnectAttempt@@QAEXIPBDPBG@Z 1000b870 f   DarkPeer.obj
 0001:0000a930       ?Clear@ConnectAttempt@@QAEXXZ 1000b930 f   DarkPeer.obj
 0001:0000a980       ?GetPassword@ConnectAttempt@@QBEPBGXZ 1000b980 f   DarkPeer.obj
 0001:0000a9e0       ?GetPort@ConnectAttempt@@QBEIXZ 1000b9e0 f   DarkPeer.obj
 0001:0000aa00       ?GetPlayers@@YAXQAH@Z      1000ba00 f   DarkPeer.obj
 0001:0000ab00       ??0CCriticalSection@@QAE@PBD@Z 1000bb00 f i DarkPeer.obj
 0001:0000ab40       ??1CCriticalSection@@QAE@XZ 1000bb40 f i DarkPeer.obj
 0001:0000ab80       ??1IDarkNet@@UAE@XZ        1000bb80 f i DarkPeer.obj
 0001:0000aba0       ??_GIDarkNet@@UAEPAXI@Z    1000bba0 f i DarkPeer.obj
 0001:0000aba0       ??_EIDarkNet@@UAEPAXI@Z    1000bba0 f i DarkPeer.obj
 0001:0000abe0       ??_GCDarkPeer@@UAEPAXI@Z   1000bbe0 f i DarkPeer.obj
 0001:0000abe0       ??_ECDarkPeer@@UAEPAXI@Z   1000bbe0 f i DarkPeer.obj
 0001:0000ac20       ??0IDarkNet@@QAE@XZ        1000bc20 f i DarkPeer.obj
 0001:0000ac40       ??0IEventListener@@QAE@XZ  1000bc40 f i DarkPeer.obj
 0001:0000ac60       ??1?$map@KPAUDP4Data@@U?$less@K@std@@V?$allocator@U?$pair@$$CBKPAUDP4Data@@@std@@@3@@std@@QAE@XZ 1000bc60 f i DarkPeer.obj
 0001:0000ac90       ?IsActive@ConnectAttempt@@QAE_NXZ 1000bc90 f i DarkPeer.obj
 0001:0000acb0       ??0DPlayException@@QAE@PBDJ@Z 1000bcb0 f i DarkPeer.obj
 0001:0000ace0       ??0InitInfo@IGSClient@@QAE@XZ 1000bce0 f i DarkPeer.obj
 0001:0000ad60       ?Lock@CCriticalSection@@QAEXXZ 1000bd60 f i DarkPeer.obj
 0001:0000adc0       ?Unlock@CCriticalSection@@QAEXXZ 1000bdc0 f i DarkPeer.obj
 0001:0000ae20       ??0CNetMsg_StartMission@@QAE@XZ 1000be20 f i DarkPeer.obj
 0001:0000ae40       ??0NetMessage@@QAE@XZ      1000be40 f i DarkPeer.obj
 0001:0000ae80       ??0CNetMsg_Chat@@QAE@XZ    1000be80 f i DarkPeer.obj
 0001:0000aea0       ??0CNetMsg_CrcRequest@@QAE@XZ 1000bea0 f i DarkPeer.obj
 0001:0000aec0       ??C?$GlobalPointer@UIInputBinder@@@@QBEPAUIInputBinder@@XZ 1000bec0 f i DarkPeer.obj
 0001:0000aee0       ??0?$map@KPAUDP4Data@@U?$less@K@std@@V?$allocator@U?$pair@$$CBKPAUDP4Data@@@std@@@3@@std@@QAE@XZ 1000bee0 f i DarkPeer.obj
 0001:0000af20       ??A?$map@KPAUDP4Data@@U?$less@K@std@@V?$allocator@U?$pair@$$CBKPAUDP4Data@@@std@@@3@@std@@QAEAAPAUDP4Data@@ABK@Z 1000bf20 f i DarkPeer.obj
 0001:0000b010       ??1?$_Tree@V?$_Tmap_traits@KPAUDP4Data@@U?$less@K@std@@V?$allocator@U?$pair@$$CBKPAUDP4Data@@@std@@@3@$0A@@std@@@std@@QAE@XZ 1000c010 f i DarkPeer.obj
 0001:0000b040       ?begin@?$_Tree@V?$_Tmap_traits@KPAUDP4Data@@U?$less@K@std@@V?$allocator@U?$pair@$$CBKPAUDP4Data@@@std@@@3@$0A@@std@@@std@@QAE?AViterator@12@XZ 1000c040 f i DarkPeer.obj
 0001:0000b080       ?end@?$_Tree@V?$_Tmap_traits@KPAUDP4Data@@U?$less@K@std@@V?$allocator@U?$pair@$$CBKPAUDP4Data@@@std@@@3@$0A@@std@@@std@@QAE?AViterator@12@XZ 1000c080 f i DarkPeer.obj
 0001:0000b0b0       ??0?$SimpleQueue@UNetMessage@@@@QAE@XZ 1000c0b0 f i DarkPeer.obj
 0001:0000b0f0       ??1?$SimpleQueue@UNetMessage@@@@QAE@XZ 1000c0f0 f i DarkPeer.obj
 0001:0000b120       ?Clear@?$SimpleQueue@UNetMessage@@@@QAEXXZ 1000c120 f i DarkPeer.obj
 0001:0000b1c0       ?Push@?$SimpleQueue@UNetMessage@@@@QAEXPAUNetMessage@@@Z 1000c1c0 f i DarkPeer.obj
 0001:0000b2f0       ?Pop@?$SimpleQueue@UNetMessage@@@@QAEPAUNetMessage@@XZ 1000c2f0 f i DarkPeer.obj
 0001:0000b380       ?GetSize@?$SimpleQueue@UNetMessage@@@@QAEHXZ 1000c380 f i DarkPeer.obj
 0001:0000b3a0       ??Citerator@?$_Tree@V?$_Tmap_traits@KPAUDP4Data@@U?$less@K@std@@V?$allocator@U?$pair@$$CBKPAUDP4Data@@@std@@@3@$0A@@std@@@std@@QBEPAU?$pair@$$CBKPAUDP4Data@@@2@XZ 1000c3a0 f i DarkPeer.obj
 0001:0000b3d0       ??Eiterator@?$_Tree@V?$_Tmap_traits@KPAUDP4Data@@U?$less@K@std@@V?$allocator@U?$pair@$$CBKPAUDP4Data@@@std@@@3@$0A@@std@@@std@@QAE?AV012@H@Z 1000c3d0 f i DarkPeer.obj
 0001:0000b440       ??9const_iterator@?$_Tree@V?$_Tmap_traits@KPAUDP4Data@@U?$less@K@std@@V?$allocator@U?$pair@$$CBKPAUDP4Data@@@std@@@3@$0A@@std@@@std@@QBE_NABV012@@Z 1000c440 f i DarkPeer.obj
 0001:0000b480       ?_Key@?$_Tree@V?$_Tmap_traits@KPAUDP4Data@@U?$less@K@std@@V?$allocator@U?$pair@$$CBKPAUDP4Data@@@std@@@3@$0A@@std@@@std@@KAABKPAU_Node@?$_Tree_nod@V?$_Tmap_traits@KPAUDP4Data@@U?$less@K@std@@V?$allocator@U?$pair@$$CBKPAUDP4Data@@@std@@@3@$0A@@std@@@2@@Z 1000c480 f i DarkPeer.obj
 0001:0000b4b0       ??0?$_Tree@V?$_Tmap_traits@KPAUDP4Data@@U?$less@K@std@@V?$allocator@U?$pair@$$CBKPAUDP4Data@@@std@@@3@$0A@@std@@@std@@QAE@ABU?$less@K@1@ABV?$allocator@U?$pair@$$CBKPAUDP4Data@@@std@@@1@@Z 1000c4b0 f i DarkPeer.obj
 0001:0000b500       ?insert@?$_Tree@V?$_Tmap_traits@KPAUDP4Data@@U?$less@K@std@@V?$allocator@U?$pair@$$CBKPAUDP4Data@@@std@@@3@$0A@@std@@@std@@QAE?AViterator@12@V312@ABU?$pair@$$CBKPAUDP4Data@@@2@@Z 1000c500 f i DarkPeer.obj
 0001:0000bb10       ?Str@NString@@QBEPBDXZ     1000cb10 f i DarkPeer.obj
 0001:0000bb30       ?lower_bound@?$_Tree@V?$_Tmap_traits@KPAUDP4Data@@U?$less@K@std@@V?$allocator@U?$pair@$$CBKPAUDP4Data@@@std@@@3@$0A@@std@@@std@@QAE?AViterator@12@ABK@Z 1000cb30 f i DarkPeer.obj
 0001:0000bb70       ?_Lmost@?$_Tree@V?$_Tmap_traits@KPAUDP4Data@@U?$less@K@std@@V?$allocator@U?$pair@$$CBKPAUDP4Data@@@std@@@3@$0A@@std@@@std@@IAEAAPAU_Node@?$_Tree_nod@V?$_Tmap_traits@KPAUDP4Data@@U?$less@K@std@@V?$allocator@U?$pair@$$CBKPAUDP4Data@@@std@@@3@$0A@@std@@@2@XZ 1000cb70 f i DarkPeer.obj
 0001:0000bba0       ?_Tidy@?$_Tree@V?$_Tmap_traits@KPAUDP4Data@@U?$less@K@std@@V?$allocator@U?$pair@$$CBKPAUDP4Data@@@std@@@3@$0A@@std@@@std@@IAEXXZ 1000cba0 f i DarkPeer.obj
 0001:0000bc70       ??0?$allocator@U?$pair@$$CBKPAUDP4Data@@@std@@@std@@QAE@XZ 1000cc70 f i DarkPeer.obj
 0001:0000bc90       ??R?$less@K@std@@QBE_NABK0@Z 1000cc90 f i DarkPeer.obj
 0001:0000bcc0       ??0iterator@?$_Tree@V?$_Tmap_traits@KPAUDP4Data@@U?$less@K@std@@V?$allocator@U?$pair@$$CBKPAUDP4Data@@@std@@@3@$0A@@std@@@std@@QAE@PAU_Node@?$_Tree_nod@V?$_Tmap_traits@KPAUDP4Data@@U?$less@K@std@@V?$allocator@U?$pair@$$CBKPAUDP4Data@@@std@@@3@$0A@@std@@@2@@Z 1000ccc0 f i DarkPeer.obj
 0001:0000bcf0       ??Diterator@?$_Tree@V?$_Tmap_traits@KPAUDP4Data@@U?$less@K@std@@V?$allocator@U?$pair@$$CBKPAUDP4Data@@@std@@@3@$0A@@std@@@std@@QBEAAU?$pair@$$CBKPAUDP4Data@@@2@XZ 1000ccf0 f i DarkPeer.obj
 0001:0000bd20       ??Eiterator@?$_Tree@V?$_Tmap_traits@KPAUDP4Data@@U?$less@K@std@@V?$allocator@U?$pair@$$CBKPAUDP4Data@@@std@@@3@$0A@@std@@@std@@QAEAAV012@XZ 1000cd20 f i DarkPeer.obj
 0001:0000bd50       ??8const_iterator@?$_Tree@V?$_Tmap_traits@KPAUDP4Data@@U?$less@K@std@@V?$allocator@U?$pair@$$CBKPAUDP4Data@@@std@@@3@$0A@@std@@@std@@QBE_NABV012@@Z 1000cd50 f i DarkPeer.obj
 0001:0000bd80       ?_Mynode@const_iterator@?$_Tree@V?$_Tmap_traits@KPAUDP4Data@@U?$less@K@std@@V?$allocator@U?$pair@$$CBKPAUDP4Data@@@std@@@3@$0A@@std@@@std@@QBEPAU_Node@?$_Tree_nod@V?$_Tmap_traits@KPAUDP4Data@@U?$less@K@std@@V?$allocator@U?$pair@$$CBKPAUDP4Data@@@std@@@3@$0A@@std@@@3@XZ 1000cd80 f i DarkPeer.obj
 0001:0000bda0       ??0?$pair@$$CBKPAUDP4Data@@@std@@QAE@ABKABQAUDP4Data@@@Z 1000cda0 f i DarkPeer.obj
 0001:0000bdd0       ??0Element@?$SimpleQueue@UNetMessage@@@@QAE@PAUNetMessage@@@Z 1000cdd0 f i DarkPeer.obj
 0001:0000be00       ?_Isnil@?$_Tree@V?$_Tmap_traits@KPAUDP4Data@@U?$less@K@std@@V?$allocator@U?$pair@$$CBKPAUDP4Data@@@std@@@3@$0A@@std@@@std@@KAAADPAU_Node@?$_Tree_nod@V?$_Tmap_traits@KPAUDP4Data@@U?$less@K@std@@V?$allocator@U?$pair@$$CBKPAUDP4Data@@@std@@@3@$0A@@std@@@2@@Z 1000ce00 f i DarkPeer.obj
 0001:0000be10       ?_Left@?$_Tree@V?$_Tmap_traits@KPAUDP4Data@@U?$less@K@std@@V?$allocator@U?$pair@$$CBKPAUDP4Data@@@std@@@3@$0A@@std@@@std@@KAAAPAU_Node@?$_Tree_nod@V?$_Tmap_traits@KPAUDP4Data@@U?$less@K@std@@V?$allocator@U?$pair@$$CBKPAUDP4Data@@@std@@@3@$0A@@std@@@2@PAU342@@Z 1000ce10 f i DarkPeer.obj
 0001:0000be20       ?_Parent@?$_Tree@V?$_Tmap_traits@KPAUDP4Data@@U?$less@K@std@@V?$allocator@U?$pair@$$CBKPAUDP4Data@@@std@@@3@$0A@@std@@@std@@KAAAPAU_Node@?$_Tree_nod@V?$_Tmap_traits@KPAUDP4Data@@U?$less@K@std@@V?$allocator@U?$pair@$$CBKPAUDP4Data@@@std@@@3@$0A@@std@@@2@PAU342@@Z 1000ce20 f i DarkPeer.obj
 0001:0000be30       ?_Right@?$_Tree@V?$_Tmap_traits@KPAUDP4Data@@U?$less@K@std@@V?$allocator@U?$pair@$$CBKPAUDP4Data@@@std@@@3@$0A@@std@@@std@@KAAAPAU_Node@?$_Tree_nod@V?$_Tmap_traits@KPAUDP4Data@@U?$less@K@std@@V?$allocator@U?$pair@$$CBKPAUDP4Data@@@std@@@3@$0A@@std@@@2@PAU342@@Z 1000ce30 f i DarkPeer.obj
 0001:0000be40       ?_Myval@?$_Tree@V?$_Tmap_traits@KPAUDP4Data@@U?$less@K@std@@V?$allocator@U?$pair@$$CBKPAUDP4Data@@@std@@@3@$0A@@std@@@std@@KAAAU?$pair@$$CBKPAUDP4Data@@@2@PAU_Node@?$_Tree_nod@V?$_Tmap_traits@KPAUDP4Data@@U?$less@K@std@@V?$allocator@U?$pair@$$CBKPAUDP4Data@@@std@@@3@$0A@@std@@@2@@Z 1000ce40 f i DarkPeer.obj
 0001:0000be50       ?size@?$_Tree@V?$_Tmap_traits@KPAUDP4Data@@U?$less@K@std@@V?$allocator@U?$pair@$$CBKPAUDP4Data@@@std@@@3@$0A@@std@@@std@@QBEIXZ 1000ce50 f i DarkPeer.obj
 0001:0000be70       ?insert@?$_Tree@V?$_Tmap_traits@KPAUDP4Data@@U?$less@K@std@@V?$allocator@U?$pair@$$CBKPAUDP4Data@@@std@@@3@$0A@@std@@@std@@QAE?AU?$pair@Viterator@?$_Tree@V?$_Tmap_traits@KPAUDP4Data@@U?$less@K@std@@V?$allocator@U?$pair@$$CBKPAUDP4Data@@@std@@@3@$0A@@std@@@std@@_N@2@ABU?$pair@$$CBKPAUDP4Data@@@2@@Z 1000ce70 f i DarkPeer.obj
 0001:0000c070       ?erase@?$_Tree@V?$_Tmap_traits@KPAUDP4Data@@U?$less@K@std@@V?$allocator@U?$pair@$$CBKPAUDP4Data@@@std@@@3@$0A@@std@@@std@@QAE?AViterator@12@V312@0@Z 1000d070 f i DarkPeer.obj
 0001:0000c130       ?_Init@?$_Tree@V?$_Tmap_traits@KPAUDP4Data@@U?$less@K@std@@V?$allocator@U?$pair@$$CBKPAUDP4Data@@@std@@@3@$0A@@std@@@std@@IAEXXZ 1000d130 f i DarkPeer.obj
 0001:0000c1b0       ?_Insert@?$_Tree@V?$_Tmap_traits@KPAUDP4Data@@U?$less@K@std@@V?$allocator@U?$pair@$$CBKPAUDP4Data@@@std@@@3@$0A@@std@@@std@@IAE?AViterator@12@_NPAU_Node@?$_Tree_nod@V?$_Tmap_traits@KPAUDP4Data@@U?$less@K@std@@V?$allocator@U?$pair@$$CBKPAUDP4Data@@@std@@@3@$0A@@std@@@2@ABU?$pair@$$CBKPAUDP4Data@@@2@@Z 1000d1b0 f i DarkPeer.obj
 0001:0000c630       ?_Lbound@?$_Tree@V?$_Tmap_traits@KPAUDP4Data@@U?$less@K@std@@V?$allocator@U?$pair@$$CBKPAUDP4Data@@@std@@@3@$0A@@std@@@std@@IBEPAU_Node@?$_Tree_nod@V?$_Tmap_traits@KPAUDP4Data@@U?$less@K@std@@V?$allocator@U?$pair@$$CBKPAUDP4Data@@@std@@@3@$0A@@std@@@2@ABK@Z 1000d630 f i DarkPeer.obj
 0001:0000c6e0       ?_Rmost@?$_Tree@V?$_Tmap_traits@KPAUDP4Data@@U?$less@K@std@@V?$allocator@U?$pair@$$CBKPAUDP4Data@@@std@@@3@$0A@@std@@@std@@IAEAAPAU_Node@?$_Tree_nod@V?$_Tmap_traits@KPAUDP4Data@@U?$less@K@std@@V?$allocator@U?$pair@$$CBKPAUDP4Data@@@std@@@3@$0A@@std@@@2@XZ 1000d6e0 f i DarkPeer.obj
 0001:0000c710       ??0?$_Tree_val@V?$_Tmap_traits@KPAUDP4Data@@U?$less@K@std@@V?$allocator@U?$pair@$$CBKPAUDP4Data@@@std@@@3@$0A@@std@@@std@@IAE@ABU?$less@K@1@V?$allocator@U?$pair@$$CBKPAUDP4Data@@@std@@@1@@Z 1000d710 f i DarkPeer.obj
 0001:0000c770       ?_Kfn@?$_Tmap_traits@KPAUDP4Data@@U?$less@K@std@@V?$allocator@U?$pair@$$CBKPAUDP4Data@@@std@@@3@$0A@@std@@SAABKABU?$pair@$$CBKPAUDP4Data@@@2@@Z 1000d770 f i DarkPeer.obj
 0001:0000c780       ??0?$allocator@U?$pair@$$CBKPAUDP4Data@@@std@@@std@@QAE@ABV01@@Z 1000d780 f i DarkPeer.obj
 0001:0000c7a0       ?deallocate@?$allocator@U_Node@?$_Tree_nod@V?$_Tmap_traits@KPAUDP4Data@@U?$less@K@std@@V?$allocator@U?$pair@$$CBKPAUDP4Data@@@std@@@3@$0A@@std@@@std@@@std@@QAEXPAU_Node@?$_Tree_nod@V?$_Tmap_traits@KPAUDP4Data@@U?$less@K@std@@V?$allocator@U?$pair@$$CBKPAUDP4Data@@@std@@@3@$0A@@std@@@2@I@Z 1000d7a0 f i DarkPeer.obj
 0001:0000c7d0       ?destroy@?$allocator@PAU_Node@?$_Tree_nod@V?$_Tmap_traits@KPAUDP4Data@@U?$less@K@std@@V?$allocator@U?$pair@$$CBKPAUDP4Data@@@std@@@3@$0A@@std@@@std@@@std@@QAEXPAPAU_Node@?$_Tree_nod@V?$_Tmap_traits@KPAUDP4Data@@U?$less@K@std@@V?$allocator@U?$pair@$$CBKPAUDP4Data@@@std@@@3@$0A@@std@@@2@@Z 1000d7d0 f i DarkPeer.obj
 0001:0000c800       ??0iterator@?$_Tree@V?$_Tmap_traits@KPAUDP4Data@@U?$less@K@std@@V?$allocator@U?$pair@$$CBKPAUDP4Data@@@std@@@3@$0A@@std@@@std@@QAE@XZ 1000d800 f i DarkPeer.obj
 0001:0000c830       ??Fiterator@?$_Tree@V?$_Tmap_traits@KPAUDP4Data@@U?$less@K@std@@V?$allocator@U?$pair@$$CBKPAUDP4Data@@@std@@@3@$0A@@std@@@std@@QAEAAV012@XZ 1000d830 f i DarkPeer.obj
 0001:0000c860       ??0const_iterator@?$_Tree@V?$_Tmap_traits@KPAUDP4Data@@U?$less@K@std@@V?$allocator@U?$pair@$$CBKPAUDP4Data@@@std@@@3@$0A@@std@@@std@@QAE@PAU_Node@?$_Tree_nod@V?$_Tmap_traits@KPAUDP4Data@@U?$less@K@std@@V?$allocator@U?$pair@$$CBKPAUDP4Data@@@std@@@3@$0A@@std@@@2@@Z 1000d860 f i DarkPeer.obj
 0001:0000c880       ??Dconst_iterator@?$_Tree@V?$_Tmap_traits@KPAUDP4Data@@U?$less@K@std@@V?$allocator@U?$pair@$$CBKPAUDP4Data@@@std@@@3@$0A@@std@@@std@@QBEABU?$pair@$$CBKPAUDP4Data@@@2@XZ 1000d880 f i DarkPeer.obj
 0001:0000c8b0       ??Econst_iterator@?$_Tree@V?$_Tmap_traits@KPAUDP4Data@@U?$less@K@std@@V?$allocator@U?$pair@$$CBKPAUDP4Data@@@std@@@3@$0A@@std@@@std@@QAEAAV012@XZ 1000d8b0 f i DarkPeer.obj
 0001:0000c8e0       ?_Color@?$_Tree@V?$_Tmap_traits@KPAUDP4Data@@U?$less@K@std@@V?$allocator@U?$pair@$$CBKPAUDP4Data@@@std@@@3@$0A@@std@@@std@@KAAADPAU_Node@?$_Tree_nod@V?$_Tmap_traits@KPAUDP4Data@@U?$less@K@std@@V?$allocator@U?$pair@$$CBKPAUDP4Data@@@std@@@3@$0A@@std@@@2@@Z 1000d8e0 f i DarkPeer.obj
 0001:0000c8f0       ?max_size@?$_Tree@V?$_Tmap_traits@KPAUDP4Data@@U?$less@K@std@@V?$allocator@U?$pair@$$CBKPAUDP4Data@@@std@@@3@$0A@@std@@@std@@QBEIXZ 1000d8f0 f i DarkPeer.obj
 0001:0000c920       ?erase@?$_Tree@V?$_Tmap_traits@KPAUDP4Data@@U?$less@K@std@@V?$allocator@U?$pair@$$CBKPAUDP4Data@@@std@@@3@$0A@@std@@@std@@QAE?AViterator@12@V312@@Z 1000d920 f i DarkPeer.obj
 0001:0000d100       ?clear@?$_Tree@V?$_Tmap_traits@KPAUDP4Data@@U?$less@K@std@@V?$allocator@U?$pair@$$CBKPAUDP4Data@@@std@@@3@$0A@@std@@@std@@QAEXXZ 1000e100 f i DarkPeer.obj
 0001:0000d170       ?_Lrotate@?$_Tree@V?$_Tmap_traits@KPAUDP4Data@@U?$less@K@std@@V?$allocator@U?$pair@$$CBKPAUDP4Data@@@std@@@3@$0A@@std@@@std@@IAEXPAU_Node@?$_Tree_nod@V?$_Tmap_traits@KPAUDP4Data@@U?$less@K@std@@V?$allocator@U?$pair@$$CBKPAUDP4Data@@@std@@@3@$0A@@std@@@2@@Z 1000e170 f i DarkPeer.obj
 0001:0000d2c0       ?_Root@?$_Tree@V?$_Tmap_traits@KPAUDP4Data@@U?$less@K@std@@V?$allocator@U?$pair@$$CBKPAUDP4Data@@@std@@@3@$0A@@std@@@std@@IAEAAPAU_Node@?$_Tree_nod@V?$_Tmap_traits@KPAUDP4Data@@U?$less@K@std@@V?$allocator@U?$pair@$$CBKPAUDP4Data@@@std@@@3@$0A@@std@@@2@XZ 1000e2c0 f i DarkPeer.obj
 0001:0000d2f0       ?_Root@?$_Tree@V?$_Tmap_traits@KPAUDP4Data@@U?$less@K@std@@V?$allocator@U?$pair@$$CBKPAUDP4Data@@@std@@@3@$0A@@std@@@std@@IBEAAPAU_Node@?$_Tree_nod@V?$_Tmap_traits@KPAUDP4Data@@U?$less@K@std@@V?$allocator@U?$pair@$$CBKPAUDP4Data@@@std@@@3@$0A@@std@@@2@XZ 1000e2f0 f i DarkPeer.obj
 0001:0000d320       ?_Rrotate@?$_Tree@V?$_Tmap_traits@KPAUDP4Data@@U?$less@K@std@@V?$allocator@U?$pair@$$CBKPAUDP4Data@@@std@@@3@$0A@@std@@@std@@IAEXPAU_Node@?$_Tree_nod@V?$_Tmap_traits@KPAUDP4Data@@U?$less@K@std@@V?$allocator@U?$pair@$$CBKPAUDP4Data@@@std@@@3@$0A@@std@@@2@@Z 1000e320 f i DarkPeer.obj
 0001:0000d470       ?_Buynode@?$_Tree@V?$_Tmap_traits@KPAUDP4Data@@U?$less@K@std@@V?$allocator@U?$pair@$$CBKPAUDP4Data@@@std@@@3@$0A@@std@@@std@@IAEPAU_Node@?$_Tree_nod@V?$_Tmap_traits@KPAUDP4Data@@U?$less@K@std@@V?$allocator@U?$pair@$$CBKPAUDP4Data@@@std@@@3@$0A@@std@@@2@XZ 1000e470 f i DarkPeer.obj
 0001:0000d600       ?_Buynode@?$_Tree@V?$_Tmap_traits@KPAUDP4Data@@U?$less@K@std@@V?$allocator@U?$pair@$$CBKPAUDP4Data@@@std@@@3@$0A@@std@@@std@@IAEPAU_Node@?$_Tree_nod@V?$_Tmap_traits@KPAUDP4Data@@U?$less@K@std@@V?$allocator@U?$pair@$$CBKPAUDP4Data@@@std@@@3@$0A@@std@@@2@PAU342@00ABU?$pair@$$CBKPAUDP4Data@@@2@D@Z 1000e600 f i DarkPeer.obj
 0001:0000d6f0       ??0?$_Tree_ptr@V?$_Tmap_traits@KPAUDP4Data@@U?$less@K@std@@V?$allocator@U?$pair@$$CBKPAUDP4Data@@@std@@@3@$0A@@std@@@std@@IAE@ABU?$less@K@1@V?$allocator@U?$pair@$$CBKPAUDP4Data@@@std@@@1@@Z 1000e6f0 f i DarkPeer.obj
 0001:0000d750       ??0const_iterator@?$_Tree@V?$_Tmap_traits@KPAUDP4Data@@U?$less@K@std@@V?$allocator@U?$pair@$$CBKPAUDP4Data@@@std@@@3@$0A@@std@@@std@@QAE@XZ 1000e750 f i DarkPeer.obj
 0001:0000d770       ??Fconst_iterator@?$_Tree@V?$_Tmap_traits@KPAUDP4Data@@U?$less@K@std@@V?$allocator@U?$pair@$$CBKPAUDP4Data@@@std@@@3@$0A@@std@@@std@@QAEAAV012@XZ 1000e770 f i DarkPeer.obj
 0001:0000d7a0       ?_Inc@const_iterator@?$_Tree@V?$_Tmap_traits@KPAUDP4Data@@U?$less@K@std@@V?$allocator@U?$pair@$$CBKPAUDP4Data@@@std@@@3@$0A@@std@@@std@@QAEXXZ 1000e7a0 f i DarkPeer.obj
 0001:0000d870       ??0?$pair@Viterator@?$_Tree@V?$_Tmap_traits@KPAUDP4Data@@U?$less@K@std@@V?$allocator@U?$pair@$$CBKPAUDP4Data@@@std@@@3@$0A@@std@@@std@@_N@std@@QAE@ABViterator@?$_Tree@V?$_Tmap_traits@KPAUDP4Data@@U?$less@K@std@@V?$allocator@U?$pair@$$CBKPAUDP4Data@@@std@@@3@$0A@@std@@@1@AB_N@Z 1000e870 f i DarkPeer.obj
 0001:0000d8a0       ?_Erase@?$_Tree@V?$_Tmap_traits@KPAUDP4Data@@U?$less@K@std@@V?$allocator@U?$pair@$$CBKPAUDP4Data@@@std@@@3@$0A@@std@@@std@@IAEXPAU_Node@?$_Tree_nod@V?$_Tmap_traits@KPAUDP4Data@@U?$less@K@std@@V?$allocator@U?$pair@$$CBKPAUDP4Data@@@std@@@3@$0A@@std@@@2@@Z 1000e8a0 f i DarkPeer.obj
 0001:0000d940       ?_Max@?$_Tree@V?$_Tmap_traits@KPAUDP4Data@@U?$less@K@std@@V?$allocator@U?$pair@$$CBKPAUDP4Data@@@std@@@3@$0A@@std@@@std@@KAPAU_Node@?$_Tree_nod@V?$_Tmap_traits@KPAUDP4Data@@U?$less@K@std@@V?$allocator@U?$pair@$$CBKPAUDP4Data@@@std@@@3@$0A@@std@@@2@PAU342@@Z 1000e940 f i DarkPeer.obj
 0001:0000d980       ?_Min@?$_Tree@V?$_Tmap_traits@KPAUDP4Data@@U?$less@K@std@@V?$allocator@U?$pair@$$CBKPAUDP4Data@@@std@@@3@$0A@@std@@@std@@KAPAU_Node@?$_Tree_nod@V?$_Tmap_traits@KPAUDP4Data@@U?$less@K@std@@V?$allocator@U?$pair@$$CBKPAUDP4Data@@@std@@@3@$0A@@std@@@2@PAU342@@Z 1000e980 f i DarkPeer.obj
 0001:0000d9c0       ??0?$_Tree_nod@V?$_Tmap_traits@KPAUDP4Data@@U?$less@K@std@@V?$allocator@U?$pair@$$CBKPAUDP4Data@@@std@@@3@$0A@@std@@@std@@IAE@ABU?$less@K@1@V?$allocator@U?$pair@$$CBKPAUDP4Data@@@std@@@1@@Z 1000e9c0 f i DarkPeer.obj
 0001:0000da00       ?max_size@?$allocator@U?$pair@$$CBKPAUDP4Data@@@std@@@std@@QBEIXZ 1000ea00 f i DarkPeer.obj
 0001:0000da50       ?allocate@?$allocator@U_Node@?$_Tree_nod@V?$_Tmap_traits@KPAUDP4Data@@U?$less@K@std@@V?$allocator@U?$pair@$$CBKPAUDP4Data@@@std@@@3@$0A@@std@@@std@@@std@@QAEPAU_Node@?$_Tree_nod@V?$_Tmap_traits@KPAUDP4Data@@U?$less@K@std@@V?$allocator@U?$pair@$$CBKPAUDP4Data@@@std@@@3@$0A@@std@@@2@I@Z 1000ea50 f i DarkPeer.obj
 0001:0000da80       ?destroy@?$allocator@U_Node@?$_Tree_nod@V?$_Tmap_traits@KPAUDP4Data@@U?$less@K@std@@V?$allocator@U?$pair@$$CBKPAUDP4Data@@@std@@@3@$0A@@std@@@std@@@std@@QAEXPAU_Node@?$_Tree_nod@V?$_Tmap_traits@KPAUDP4Data@@U?$less@K@std@@V?$allocator@U?$pair@$$CBKPAUDP4Data@@@std@@@3@$0A@@std@@@2@@Z 1000ea80 f i DarkPeer.obj
 0001:0000dab0       ?construct@?$allocator@PAU_Node@?$_Tree_nod@V?$_Tmap_traits@KPAUDP4Data@@U?$less@K@std@@V?$allocator@U?$pair@$$CBKPAUDP4Data@@@std@@@3@$0A@@std@@@std@@@std@@QAEXPAPAU_Node@?$_Tree_nod@V?$_Tmap_traits@KPAUDP4Data@@U?$less@K@std@@V?$allocator@U?$pair@$$CBKPAUDP4Data@@@std@@@3@$0A@@std@@@2@ABQAU342@@Z 1000eab0 f i DarkPeer.obj
 0001:0000dae0       ?_Dec@const_iterator@?$_Tree@V?$_Tmap_traits@KPAUDP4Data@@U?$less@K@std@@V?$allocator@U?$pair@$$CBKPAUDP4Data@@@std@@@3@$0A@@std@@@std@@QAEXXZ 1000eae0 f i DarkPeer.obj
 0001:0000dbe0       ??0_Node@?$_Tree_nod@V?$_Tmap_traits@KPAUDP4Data@@U?$less@K@std@@V?$allocator@U?$pair@$$CBKPAUDP4Data@@@std@@@3@$0A@@std@@@std@@QAE@PAU012@00ABU?$pair@$$CBKPAUDP4Data@@@2@D@Z 1000ebe0 f i DarkPeer.obj
 0001:0000dc40       ??0?$_Tmap_traits@KPAUDP4Data@@U?$less@K@std@@V?$allocator@U?$pair@$$CBKPAUDP4Data@@@std@@@3@$0A@@std@@QAE@U?$less@K@1@@Z 1000ec40 f i DarkPeer.obj
 0001:0000dc60       ??$_Destroy@PAU_Node@?$_Tree_nod@V?$_Tmap_traits@KPAUDP4Data@@U?$less@K@std@@V?$allocator@U?$pair@$$CBKPAUDP4Data@@@std@@@3@$0A@@std@@@std@@@std@@YAXPAPAU_Node@?$_Tree_nod@V?$_Tmap_traits@KPAUDP4Data@@U?$less@K@std@@V?$allocator@U?$pair@$$CBKPAUDP4Data@@@std@@@3@$0A@@std@@@0@@Z 1000ec60 f i DarkPeer.obj
 0001:0000dc70       ??$?0U?$pair@$$CBKPAUDP4Data@@@std@@@?$allocator@PAU_Node@?$_Tree_nod@V?$_Tmap_traits@KPAUDP4Data@@U?$less@K@std@@V?$allocator@U?$pair@$$CBKPAUDP4Data@@@std@@@3@$0A@@std@@@std@@@std@@QAE@ABV?$allocator@U?$pair@$$CBKPAUDP4Data@@@std@@@1@@Z 1000ec70 f i DarkPeer.obj
 0001:0000dc90       ??$?0U?$pair@$$CBKPAUDP4Data@@@std@@@?$allocator@U_Node@?$_Tree_nod@V?$_Tmap_traits@KPAUDP4Data@@U?$less@K@std@@V?$allocator@U?$pair@$$CBKPAUDP4Data@@@std@@@3@$0A@@std@@@std@@@std@@QAE@ABV?$allocator@U?$pair@$$CBKPAUDP4Data@@@std@@@1@@Z 1000ec90 f i DarkPeer.obj
 0001:0000dcb0       ??$_Allocate@U_Node@?$_Tree_nod@V?$_Tmap_traits@KPAUDP4Data@@U?$less@K@std@@V?$allocator@U?$pair@$$CBKPAUDP4Data@@@std@@@3@$0A@@std@@@std@@@std@@YAPAU_Node@?$_Tree_nod@V?$_Tmap_traits@KPAUDP4Data@@U?$less@K@std@@V?$allocator@U?$pair@$$CBKPAUDP4Data@@@std@@@3@$0A@@std@@@0@IPAU120@@Z 1000ecb0 f i DarkPeer.obj
 0001:0000dcd0       ??$_Destroy@U_Node@?$_Tree_nod@V?$_Tmap_traits@KPAUDP4Data@@U?$less@K@std@@V?$allocator@U?$pair@$$CBKPAUDP4Data@@@std@@@3@$0A@@std@@@std@@@std@@YAXPAU_Node@?$_Tree_nod@V?$_Tmap_traits@KPAUDP4Data@@U?$less@K@std@@V?$allocator@U?$pair@$$CBKPAUDP4Data@@@std@@@3@$0A@@std@@@0@@Z 1000ecd0 f i DarkPeer.obj
 0001:0000dce0       ??$_Construct@PAU_Node@?$_Tree_nod@V?$_Tmap_traits@KPAUDP4Data@@U?$less@K@std@@V?$allocator@U?$pair@$$CBKPAUDP4Data@@@std@@@3@$0A@@std@@@std@@PAU123@@std@@YAXPAPAU_Node@?$_Tree_nod@V?$_Tmap_traits@KPAUDP4Data@@U?$less@K@std@@V?$allocator@U?$pair@$$CBKPAUDP4Data@@@std@@@3@$0A@@std@@@0@ABQAU120@@Z 1000ece0 f i DarkPeer.obj
 0001:0000dd40       ?EventHandler@CDarkPeer@@W3AEXHPAX@Z 1000ed40 f i DarkPeer.obj
 0001:0000dd50       ??0ConnectAttempt@@QAE@XZ  1000ed50 f i DarkPeer.obj
 0001:0000ddd0       ??1ConnectAttempt@@QAE@XZ  1000edd0 f i DarkPeer.obj
 0001:0000de50       ??0CDarkSessionManager@@QAE@PAUIDirectPlay8Peer@@@Z 1000ee50 f   DarkSessionManager.obj
 0001:0000df20       ??1CDarkSessionManager@@UAE@XZ 1000ef20 f   DarkSessionManager.obj
 0001:0000dfb0       ?SetApplicationDesc@CDarkSessionManager@@QAEXPBU_DPN_APPLICATION_DESC@@@Z 1000efb0 f   DarkSessionManager.obj
 0001:0000e050       ?GetApplicationDesc@CDarkSessionManager@@QAEPBU_DPN_APPLICATION_DESC@@XZ 1000f050 f   DarkSessionManager.obj
 0001:0000e080       ?DPGetApplicationDesc@CDarkSessionManager@@IAEXXZ 1000f080 f   DarkSessionManager.obj
 0001:0000e1f0       ?SetSessionInfo@CDarkSessionManager@@QAEXPBU_DPN_APPLICATION_DESC@@@Z 1000f1f0 f   DarkSessionManager.obj
 0001:0000e2e0       ?GetSessionInfo@CDarkSessionManager@@QBEABUSessionInfo@@XZ 1000f2e0 f   DarkSessionManager.obj
 0001:0000e300       ?GetServerName@CDarkSessionManager@@QBEPBDXZ 1000f300 f   DarkSessionManager.obj
 0001:0000e330       ?UpdateSessionInfo@CDarkSessionManager@@QAEXXZ 1000f330 f   DarkSessionManager.obj
 0001:0000e4e0       ??_ECDarkSessionManager@@UAEPAXI@Z 1000f4e0 f i DarkSessionManager.obj
 0001:0000e4e0       ??_GCDarkSessionManager@@UAEPAXI@Z 1000f4e0 f i DarkSessionManager.obj
 0001:0000e520       ??0?$IPtr@UIQuestData@@@@QAE@XZ 1000f520 f i DarkSessionManager.obj
 0001:0000e540       ??4?$IPtr@UIQuestData@@@@QAEABV0@PAX@Z 1000f540 f i DarkSessionManager.obj
 0001:0000e560       ??BNString@@QBEPBDXZ       1000f560 f i DarkSessionManager.obj
 0001:0000e590       ?Send@CMarshalled@@UAEHKK@Z 1000f590 f   Marshal.obj
 0001:0000e660       ?Rebuild@CMarshalled@@UAEXPAE@Z 1000f660 f   Marshal.obj
 0001:0000e6f0       ?CopyGlobalFromObj@CDarkMarshalBuffer@@QAEXH@Z 1000f6f0 f   Marshal.obj
 0001:0000e790       ?CopyReactionEvent@CDarkMarshalBuffer@@QAEXABUsReactionEvent@@@Z 1000f790 f   Marshal.obj
 0001:0000e7d0       ?GetReactionEvent@CDarkMarshalBuffer@@QAEXAAUsReactionEvent@@@Z 1000f7d0 f   Marshal.obj
 0001:0000e820       ?CopyMultiParm@CDarkMarshalBuffer@@QAEXABUsMultiParm@@@Z 1000f820 f   Marshal.obj
 0001:0000e860       ?CopyChainedEvent@CDarkMarshalBuffer@@QAEXABUsChainedEvent@@@Z 1000f860 f   Marshal.obj
 0001:0000e8f0       ?GetChainedEvent@CDarkMarshalBuffer@@QAEXAAUsChainedEvent@@@Z 1000f8f0 f   Marshal.obj
 0001:0000e950       ?CopyReactionParam@CDarkMarshalBuffer@@QAEXABUsReactionParam@@@Z 1000f950 f   Marshal.obj
 0001:0000e9c0       ?GetReactionParam@CDarkMarshalBuffer@@QAEXAAUsReactionParam@@@Z 1000f9c0 f   Marshal.obj
 0001:0000ea30       ?GetObjFromGlobal@CDarkMarshalBuffer@@QAEHXZ 1000fa30 f   Marshal.obj
 0001:0000eac0       ?GetMultiParm@CDarkMarshalBuffer@@QAEXAAUsMultiParm@@@Z 1000fac0 f   Marshal.obj
 0001:0000eb00       ??0CDarkMarshalBuffer@@QAE@XZ 1000fb00 f i Marshal.obj
 0001:0000eb30       ?ObjectSendData@@YAXHHPAXKK@Z 1000fb30 f   Network.obj
 0001:0000ec40       ?SendTimeLimit@@YAXXZ      1000fc40 f   Network.obj
 0001:0000ecd0       ?SendEnteredWorld@@YAXXZ   1000fcd0 f   Network.obj
 0001:0000ece0       ?SendAddLoot@@YAXHK@Z      1000fce0 f   Network.obj
 0001:0000edf0       ?SendEndMission@@YAXXZ     1000fdf0 f   Network.obj
 0001:0000eee0       ?SendPlayerAnimation@@YAXPBD0@Z 1000fee0 f   Network.obj
 0001:0000ef70       ?SendPlayerStopAnimation@@YAXXZ 1000ff70 f   Network.obj
 0001:0000efa0       ?NetSimCallback@@YAXHH@Z   1000ffa0 f   Network.obj
 0001:0000f040       ??0CNetMsg_TimeLimit@@QAE@XZ 10010040 f i Network.obj
 0001:0000f060       ??0CNetMsg_AddLoot@@QAE@XZ 10010060 f i Network.obj
 0001:0000f080       ??0CNetMsg_EndMission@@QAE@XZ 10010080 f i Network.obj
 0001:0000f0a0       ??0PlayerDB@@QAE@XZ        100100a0 f   PlayerDB.obj
 0001:0000f110       ?NameFromIndex@PlayerDB@@QAEPBDH@Z 10010110 f   PlayerDB.obj
 0001:0000f170       ?NameFromDPNID@PlayerDB@@QAEPBDK@Z 10010170 f   PlayerDB.obj
 0001:0000f1f0       ?NameFromObject@PlayerDB@@QAEPBDH@Z 100101f0 f   PlayerDB.obj
 0001:0000f290       ?ClearPlayerInfo@PlayerDB@@QAEXXZ 10010290 f   PlayerDB.obj
 0001:0000f330       ?SetPlayerInfo@PlayerDB@@QAEXHPBDH@Z 10010330 f   PlayerDB.obj
 0001:0000f3e0       ??1PlayerData@@QAE@XZ      100103e0 f i PlayerDB.obj
 0001:0000f410       ??0PlayerData@@QAE@XZ      10010410 f i PlayerDB.obj
 0001:0000f440       ??APlayerDB@@QAEAAUPlayerData@@H@Z 10010440 f i PlayerDB.obj
 0001:0000f4a0       ??1PlayerDB@@QAE@XZ        100104a0 f i PlayerDB.obj
 0001:0000f4d0       ??0CNetMsg_GenericReaction@@QAE@FPAUsReactionEvent@@PAUsReactionParam@@@Z 100104d0 f   T2GenericReaction.obj
 0001:0000f620       ?Marshal@CNetMsg_GenericReaction@@UAEXAAVCDarkMarshalBuffer@@@Z 10010620 f   T2GenericReaction.obj
 0001:0000f750       ?Unmarshal@CNetMsg_GenericReaction@@UAEXAAVCDarkMarshalBuffer@@@Z 10010750 f   T2GenericReaction.obj
 0001:0000f8b0       ??0CMarshalled@@QAE@XZ     100108b0 f i T2GenericReaction.obj
 0001:0000f8d0       ??C?$GlobalPointer@UIReactions@@@@QBEPAUIReactions@@XZ 100108d0 f i T2GenericReaction.obj
 0001:0000f8f0       ??0CNetMsg_PlayerDeath@@QAE@HH@Z 100108f0 f   T2PlayerDeath.obj
 0001:0000f940       ?Marshal@CNetMsg_PlayerDeath@@UAEXAAVCDarkMarshalBuffer@@@Z 10010940 f   T2PlayerDeath.obj
 0001:0000f990       ?Unmarshal@CNetMsg_PlayerDeath@@UAEXAAVCDarkMarshalBuffer@@@Z 10010990 f   T2PlayerDeath.obj
 0001:0000f9e0       ??0CNetMsg_ScriptMsg@@QAE@HHPBDPAUsMultiParm@@@Z 100109e0 f   T2ScriptMsg.obj
 0001:0000fa80       ?Marshal@CNetMsg_ScriptMsg@@UAEXAAVCDarkMarshalBuffer@@@Z 10010a80 f   T2ScriptMsg.obj
 0001:0000fb00       ?Unmarshal@CNetMsg_ScriptMsg@@UAEXAAVCDarkMarshalBuffer@@@Z 10010b00 f   T2ScriptMsg.obj
 0001:0000fba0       ?ScriptMessageCreate@CNetMsg_ScriptMsg@@QAEPAUsScrMsg@@XZ 10010ba0 f   T2ScriptMsg.obj
 0001:0000fc00       ?CreateFrobMsg@CNetMsg_ScriptMsg@@IAEPAUsScrMsg@@XZ 10010c00 f   T2ScriptMsg.obj
 0001:0000fcd0       ?CreateScrMsg@CNetMsg_ScriptMsg@@IAEPAUsScrMsg@@XZ 10010cd0 f   T2ScriptMsg.obj
 0001:0000fd90       ??0sMultiParm@@QAE@XZ      10010d90 f i T2ScriptMsg.obj
 0001:0000fdb0       ??0sScrMsg@@QAE@XZ         10010db0 f i T2ScriptMsg.obj
 0001:0000fe40       ??1cMultiParm@@QAE@XZ      10010e40 f i T2ScriptMsg.obj
 0001:0000fe60       ??0cMultiParm@@QAE@XZ      10010e60 f i T2ScriptMsg.obj
 0001:0000fe90       ??0sFrobMsg@@QAE@XZ        10010e90 f i T2ScriptMsg.obj
 0001:0000fed0       ??0CConnectDialog@@QAE@XZ  10010ed0 f   ConnectDialog.obj
 0001:0000ff50       ?StaticDialogProc@CConnectDialog@@SGHPAUHWND__@@IIJ@Z 10010f50 f   ConnectDialog.obj
 0001:0000ffb0       ?DialogProc@CConnectDialog@@QAGHPAUHWND__@@IIJ@Z 10010fb0 f   ConnectDialog.obj
 0001:000101a0       ?DisplayPage@CConnectDialog@@QAEXXZ 100111a0 f   ConnectDialog.obj
 0001:00010320       ?OnConnect@CConnectDialog@@QAEXXZ 10011320 f   ConnectDialog.obj
 0001:000103c0       ?OnInitDialog@CConnectDialog@@QAEXPAUHWND__@@@Z 100113c0 f   ConnectDialog.obj
 0001:000104b0       ?SaveSettings@CConnectDialog@@QAEXXZ 100114b0 f   ConnectDialog.obj
 0001:000105c0       ??0CEEditBox@EngCtrls@@QAE@XZ 100115c0 f i ConnectDialog.obj
 0001:00010600       ?GetInt@CEControl@EngCtrls@@UAEHXZ 10011600 f i ConnectDialog.obj
 0001:00010640       ??0CEControl@EngCtrls@@QAE@XZ 10011640 f i ConnectDialog.obj
 0001:00010660       ?GetHandle@CEEditBox@EngCtrls@@QAEPAUHWND__@@XZ 10011660 f i ConnectDialog.obj
 0001:00010680       ?GetText@CEEditBox@EngCtrls@@QBEHPADH@Z 10011680 f i ConnectDialog.obj
 0001:000106c0       ?GetTextLength@CEEditBox@EngCtrls@@QBEHXZ 100116c0 f i ConnectDialog.obj
 0001:00010700       ?GetHandle@CConsoleBase@@QAEPAUHWND__@@XZ 10011700 f i ConnectDialog.obj
 0001:00010720       ?SetText@CEEditBox@EngCtrls@@QAEHPBD@Z 10011720 f i ConnectDialog.obj
 0001:00010760       ??C?$GlobalPointer@VcWinAppOperations@cWindowsApplication@@@@QBEPAVcWinAppOperations@cWindowsApplication@@XZ 10011760 f i ConnectDialog.obj
 0001:00010780       ??0CConsoleBase@@QAE@PAUHINSTANCE__@@HHHP6GHPAUHWND__@@IIJ@Z@Z 10011780 f   ConsoleGUI.obj
 0001:00010940       ??1CConsoleBase@@UAE@XZ    10011940 f   ConsoleGUI.obj
 0001:000109f0       ?PostMessageA@CConsoleBase@@QAEXPBD@Z 100119f0 f   ConsoleGUI.obj
 0001:00010a60       ?FindCommand@CConsoleBase@@QAEHPBD@Z 10011a60 f   ConsoleGUI.obj
 0001:00010b40       ?ExecuteCommand@CConsoleBase@@QAEXHPBD@Z 10011b40 f   ConsoleGUI.obj
 0001:00010cc0       ?ExecuteRaw@CConsoleBase@@QAE_NPAD@Z 10011cc0 f   ConsoleGUI.obj
 0001:00010d40       ?TokenizeCommand@CConsoleBase@@QAEPADPAD@Z 10011d40 f   ConsoleGUI.obj
 0001:00010d80       ?OnEnterKey@CConsoleBase@@UAEXXZ 10011d80 f   ConsoleGUI.obj
 0001:00010ed0       ?OnUpKey@CConsoleBase@@UAEXXZ 10011ed0 f   ConsoleGUI.obj
 0001:00010f80       ?OnDownKey@CConsoleBase@@UAEXXZ 10011f80 f   ConsoleGUI.obj
 0001:00011000       ?OnInit@CConsoleBase@@UAEXXZ 10012000 f   ConsoleGUI.obj
 0001:00011050       ?Update@CConsoleBase@@QAEXXZ 10012050 f   ConsoleGUI.obj
 0001:000111b0       ?SetWindowTitle@CConsoleBase@@QAEXPBD@Z 100121b0 f   ConsoleGUI.obj
 0001:000111f0       ?SetCommands@CConsoleBase@@QAEXPAUConsoleCommand@@H@Z 100121f0 f   ConsoleGUI.obj
 0001:00011220       ?SetAcceleratorTable@CConsoleBase@@QAEXH@Z 10012220 f   ConsoleGUI.obj
 0001:00011290       ?AddLine@HistoryManager@@QAEXPBD@Z 10012290 f   ConsoleGUI.obj
 0001:00011370       ?GetLast@HistoryManager@@QAEPAVHistoryItem@@XZ 10012370 f   ConsoleGUI.obj
 0001:000113b0       ??1HistoryManager@@QAE@XZ  100123b0 f   ConsoleGUI.obj
 0001:000114d0       ?Advance@HistoryManager@@QAEX_N@Z 100124d0 f   ConsoleGUI.obj
 0001:00011650       ??0HistoryManager@@QAE@XZ  10012650 f i ConsoleGUI.obj
 0001:00011690       ?OnCharacter@CConsoleBase@@UAEXI@Z 10012690 f i ConsoleGUI.obj
 0001:000116b0       ??_GCConsoleBase@@UAEPAXI@Z 100126b0 f i ConsoleGUI.obj
 0001:000116b0       ??_ECConsoleBase@@UAEPAXI@Z 100126b0 f i ConsoleGUI.obj
 0001:000116f0       ?ClearText@CEEditBox@EngCtrls@@QAEXXZ 100126f0 f i ConsoleGUI.obj
 0001:00011720       ?SetDisplayingHistory@HistoryManager@@QAEX_N@Z 10012720 f i ConsoleGUI.obj
 0001:00011740       ?GetText@HistoryItem@@QAEPBDXZ 10012740 f i ConsoleGUI.obj
 0001:00011760       ?IsDisplayingHistory@HistoryManager@@QAE_NXZ 10012760 f i ConsoleGUI.obj
 0001:00011780       ?GetCurrentItem@HistoryManager@@QAEPAVHistoryItem@@XZ 10012780 f i ConsoleGUI.obj
 0001:000117a0       ?SetCurrentItem@HistoryManager@@QAEXPAVHistoryItem@@@Z 100127a0 f i ConsoleGUI.obj
 0001:000117c0       ??0HistoryItem@@QAE@PBD@Z  100127c0 f i ConsoleGUI.obj
 0001:00011830       ??_EHistoryItem@@UAEPAXI@Z 10012830 f i ConsoleGUI.obj
 0001:00011830       ??_GHistoryItem@@UAEPAXI@Z 10012830 f i ConsoleGUI.obj
 0001:00011870       ??1HistoryItem@@UAE@XZ     10012870 f i ConsoleGUI.obj
 0001:000118c0       ??0?$list@PAVHistoryItem@@V?$allocator@PAVHistoryItem@@@std@@@std@@QAE@XZ 100128c0 f i ConsoleGUI.obj
 0001:00011910       ??1?$list@PAVHistoryItem@@V?$allocator@PAVHistoryItem@@@std@@@std@@QAE@XZ 10012910 f i ConsoleGUI.obj
 0001:00011940       ?begin@?$list@PAVHistoryItem@@V?$allocator@PAVHistoryItem@@@std@@@std@@QAE?AViterator@12@XZ 10012940 f i ConsoleGUI.obj
 0001:00011980       ?end@?$list@PAVHistoryItem@@V?$allocator@PAVHistoryItem@@@std@@@std@@QAE?AViterator@12@XZ 10012980 f i ConsoleGUI.obj
 0001:000119b0       ?size@?$list@PAVHistoryItem@@V?$allocator@PAVHistoryItem@@@std@@@std@@QBEIXZ 100129b0 f i ConsoleGUI.obj
 0001:000119d0       ?empty@?$list@PAVHistoryItem@@V?$allocator@PAVHistoryItem@@@std@@@std@@QBE_NXZ 100129d0 f i ConsoleGUI.obj
 0001:000119f0       ?front@?$list@PAVHistoryItem@@V?$allocator@PAVHistoryItem@@@std@@@std@@QAEAAPAVHistoryItem@@XZ 100129f0 f i ConsoleGUI.obj
 0001:00011a30       ?push_back@?$list@PAVHistoryItem@@V?$allocator@PAVHistoryItem@@@std@@@std@@QAEXABQAVHistoryItem@@@Z 10012a30 f i ConsoleGUI.obj
 0001:00011a80       ?erase@?$list@PAVHistoryItem@@V?$allocator@PAVHistoryItem@@@std@@@std@@QAE?AViterator@12@V312@@Z 10012a80 f i ConsoleGUI.obj
 0001:00011b60       ??0?$SimpleQueue@D@@QAE@XZ 10012b60 f i ConsoleGUI.obj
 0001:00011ba0       ??1?$SimpleQueue@D@@QAE@XZ 10012ba0 f i ConsoleGUI.obj
 0001:00011bd0       ?Push@?$SimpleQueue@D@@QAEXPAD@Z 10012bd0 f i ConsoleGUI.obj
 0001:00011d00       ?Pop@?$SimpleQueue@D@@QAEPADXZ 10012d00 f i ConsoleGUI.obj
 0001:00011d90       ?GetSize@?$SimpleQueue@D@@QAEHXZ 10012d90 f i ConsoleGUI.obj
 0001:00011db0       ??Diterator@?$list@PAVHistoryItem@@V?$allocator@PAVHistoryItem@@@std@@@std@@QBEAAPAVHistoryItem@@XZ 10012db0 f i ConsoleGUI.obj
 0001:00011de0       ??Eiterator@?$list@PAVHistoryItem@@V?$allocator@PAVHistoryItem@@@std@@@std@@QAEAAV012@XZ 10012de0 f i ConsoleGUI.obj
 0001:00011e10       ??Eiterator@?$list@PAVHistoryItem@@V?$allocator@PAVHistoryItem@@@std@@@std@@QAE?AV012@H@Z 10012e10 f i ConsoleGUI.obj
 0001:00011e80       ??Fiterator@?$list@PAVHistoryItem@@V?$allocator@PAVHistoryItem@@@std@@@std@@QAE?AV012@H@Z 10012e80 f i ConsoleGUI.obj
 0001:00011ef0       ??9const_iterator@?$list@PAVHistoryItem@@V?$allocator@PAVHistoryItem@@@std@@@std@@QBE_NABV012@@Z 10012ef0 f i ConsoleGUI.obj
 0001:00011f30       ?_Nextnode@?$list@PAVHistoryItem@@V?$allocator@PAVHistoryItem@@@std@@@std@@KAAAPAU_Node@?$_List_nod@PAVHistoryItem@@V?$allocator@PAVHistoryItem@@@std@@@2@PAU342@@Z 10012f30 f i ConsoleGUI.obj
 0001:00011f40       ?_Prevnode@?$list@PAVHistoryItem@@V?$allocator@PAVHistoryItem@@@std@@@std@@KAAAPAU_Node@?$_List_nod@PAVHistoryItem@@V?$allocator@PAVHistoryItem@@@std@@@2@PAU342@@Z 10012f40 f i ConsoleGUI.obj
 0001:00011f50       ?_Insert@?$list@PAVHistoryItem@@V?$allocator@PAVHistoryItem@@@std@@@std@@QAEXViterator@12@ABQAVHistoryItem@@@Z 10012f50 f i ConsoleGUI.obj
 0001:00011ff0       ?_Buynode@?$list@PAVHistoryItem@@V?$allocator@PAVHistoryItem@@@std@@@std@@IAEPAU_Node@?$_List_nod@PAVHistoryItem@@V?$allocator@PAVHistoryItem@@@std@@@2@XZ 10012ff0 f i ConsoleGUI.obj
 0001:00012120       ?_Tidy@?$list@PAVHistoryItem@@V?$allocator@PAVHistoryItem@@@std@@@std@@IAEXXZ 10013120 f i ConsoleGUI.obj
 0001:000121a0       ??0?$_List_val@PAVHistoryItem@@V?$allocator@PAVHistoryItem@@@std@@@std@@IAE@V?$allocator@PAVHistoryItem@@@1@@Z 100131a0 f i ConsoleGUI.obj
 0001:000121f0       ??0?$allocator@PAVHistoryItem@@@std@@QAE@XZ 100131f0 f i ConsoleGUI.obj
 0001:00012210       ?deallocate@?$allocator@U_Node@?$_List_nod@PAVHistoryItem@@V?$allocator@PAVHistoryItem@@@std@@@std@@@std@@QAEXPAU_Node@?$_List_nod@PAVHistoryItem@@V?$allocator@PAVHistoryItem@@@std@@@2@I@Z 10013210 f i ConsoleGUI.obj
 0001:00012240       ?destroy@?$allocator@U_Node@?$_List_nod@PAVHistoryItem@@V?$allocator@PAVHistoryItem@@@std@@@std@@@std@@QAEXPAU_Node@?$_List_nod@PAVHistoryItem@@V?$allocator@PAVHistoryItem@@@std@@@2@@Z 10013240 f i ConsoleGUI.obj
 0001:00012270       ?Clear@?$SimpleQueue@D@@QAEXXZ 10013270 f i ConsoleGUI.obj
 0001:00012310       ??0iterator@?$list@PAVHistoryItem@@V?$allocator@PAVHistoryItem@@@std@@@std@@QAE@PAU_Node@?$_List_nod@PAVHistoryItem@@V?$allocator@PAVHistoryItem@@@std@@@2@@Z 10013310 f i ConsoleGUI.obj
 0001:00012340       ??Fiterator@?$list@PAVHistoryItem@@V?$allocator@PAVHistoryItem@@@std@@@std@@QAEAAV012@XZ 10013340 f i ConsoleGUI.obj
 0001:00012370       ??Dconst_iterator@?$list@PAVHistoryItem@@V?$allocator@PAVHistoryItem@@@std@@@std@@QBEABQAVHistoryItem@@XZ 10013370 f i ConsoleGUI.obj
 0001:000123a0       ??Econst_iterator@?$list@PAVHistoryItem@@V?$allocator@PAVHistoryItem@@@std@@@std@@QAEAAV012@XZ 100133a0 f i ConsoleGUI.obj
 0001:000123e0       ??8const_iterator@?$list@PAVHistoryItem@@V?$allocator@PAVHistoryItem@@@std@@@std@@QBE_NABV012@@Z 100133e0 f i ConsoleGUI.obj
 0001:00012410       ?_Mynode@const_iterator@?$list@PAVHistoryItem@@V?$allocator@PAVHistoryItem@@@std@@@std@@QBEPAU_Node@?$_List_nod@PAVHistoryItem@@V?$allocator@PAVHistoryItem@@@std@@@3@XZ 10013410 f i ConsoleGUI.obj
 0001:00012430       ??0Element@?$SimpleQueue@D@@QAE@PAD@Z 10013430 f i ConsoleGUI.obj
 0001:00012460       ?_Myval@?$list@PAVHistoryItem@@V?$allocator@PAVHistoryItem@@@std@@@std@@KAAAPAVHistoryItem@@PAU_Node@?$_List_nod@PAVHistoryItem@@V?$allocator@PAVHistoryItem@@@std@@@2@@Z 10013460 f i ConsoleGUI.obj
 0001:00012470       ?clear@?$list@PAVHistoryItem@@V?$allocator@PAVHistoryItem@@@std@@@std@@QAEXXZ 10013470 f i ConsoleGUI.obj
 0001:00012530       ?_Buynode@?$list@PAVHistoryItem@@V?$allocator@PAVHistoryItem@@@std@@@std@@IAEPAU_Node@?$_List_nod@PAVHistoryItem@@V?$allocator@PAVHistoryItem@@@std@@@2@PAU342@0ABQAVHistoryItem@@@Z 10013530 f i ConsoleGUI.obj
 0001:00012610       ?_Incsize@?$list@PAVHistoryItem@@V?$allocator@PAVHistoryItem@@@std@@@std@@IAEXI@Z 10013610 f i ConsoleGUI.obj
 0001:000126c0       ??0?$_List_ptr@PAVHistoryItem@@V?$allocator@PAVHistoryItem@@@std@@@std@@IAE@V?$allocator@PAVHistoryItem@@@1@@Z 100136c0 f i ConsoleGUI.obj
 0001:00012710       ??0?$allocator@PAVHistoryItem@@@std@@QAE@ABV01@@Z 10013710 f i ConsoleGUI.obj
 0001:00012730       ?allocate@?$allocator@U_Node@?$_List_nod@PAVHistoryItem@@V?$allocator@PAVHistoryItem@@@std@@@std@@@std@@QAEPAU_Node@?$_List_nod@PAVHistoryItem@@V?$allocator@PAVHistoryItem@@@std@@@2@I@Z 10013730 f i ConsoleGUI.obj
 0001:00012760       ?construct@?$allocator@PAU_Node@?$_List_nod@PAVHistoryItem@@V?$allocator@PAVHistoryItem@@@std@@@std@@@std@@QAEXPAPAU_Node@?$_List_nod@PAVHistoryItem@@V?$allocator@PAVHistoryItem@@@std@@@2@ABQAU342@@Z 10013760 f i ConsoleGUI.obj
 0001:00012790       ?destroy@?$allocator@PAU_Node@?$_List_nod@PAVHistoryItem@@V?$allocator@PAVHistoryItem@@@std@@@std@@@std@@QAEXPAPAU_Node@?$_List_nod@PAVHistoryItem@@V?$allocator@PAVHistoryItem@@@std@@@2@@Z 10013790 f i ConsoleGUI.obj
 0001:000127c0       ??0const_iterator@?$list@PAVHistoryItem@@V?$allocator@PAVHistoryItem@@@std@@@std@@QAE@PAU_Node@?$_List_nod@PAVHistoryItem@@V?$allocator@PAVHistoryItem@@@std@@@2@@Z 100137c0 f i ConsoleGUI.obj
 0001:000127e0       ??Fconst_iterator@?$list@PAVHistoryItem@@V?$allocator@PAVHistoryItem@@@std@@@std@@QAEAAV012@XZ 100137e0 f i ConsoleGUI.obj
 0001:00012820       ?max_size@?$list@PAVHistoryItem@@V?$allocator@PAVHistoryItem@@@std@@@std@@QBEIXZ 10013820 f i ConsoleGUI.obj
 0001:00012850       ??0?$_List_nod@PAVHistoryItem@@V?$allocator@PAVHistoryItem@@@std@@@std@@IAE@V?$allocator@PAVHistoryItem@@@1@@Z 10013850 f i ConsoleGUI.obj
 0001:00012880       ??0_Node@?$_List_nod@PAVHistoryItem@@V?$allocator@PAVHistoryItem@@@std@@@std@@QAE@PAU012@0ABQAVHistoryItem@@@Z 10013880 f i ConsoleGUI.obj
 0001:000128c0       ?max_size@?$allocator@PAVHistoryItem@@@std@@QBEIXZ 100138c0 f i ConsoleGUI.obj
 0001:00012910       ??$_Destroy@U_Node@?$_List_nod@PAVHistoryItem@@V?$allocator@PAVHistoryItem@@@std@@@std@@@std@@YAXPAU_Node@?$_List_nod@PAVHistoryItem@@V?$allocator@PAVHistoryItem@@@std@@@0@@Z 10013910 f i ConsoleGUI.obj
 0001:00012920       ??$?0PAVHistoryItem@@@?$allocator@PAU_Node@?$_List_nod@PAVHistoryItem@@V?$allocator@PAVHistoryItem@@@std@@@std@@@std@@QAE@ABV?$allocator@PAVHistoryItem@@@1@@Z 10013920 f i ConsoleGUI.obj
 0001:00012940       ??$_Allocate@U_Node@?$_List_nod@PAVHistoryItem@@V?$allocator@PAVHistoryItem@@@std@@@std@@@std@@YAPAU_Node@?$_List_nod@PAVHistoryItem@@V?$allocator@PAVHistoryItem@@@std@@@0@IPAU120@@Z 10013940 f i ConsoleGUI.obj
 0001:00012960       ??$_Construct@PAU_Node@?$_List_nod@PAVHistoryItem@@V?$allocator@PAVHistoryItem@@@std@@@std@@PAU123@@std@@YAXPAPAU_Node@?$_List_nod@PAVHistoryItem@@V?$allocator@PAVHistoryItem@@@std@@@0@ABQAU120@@Z 10013960 f i ConsoleGUI.obj
 0001:000129c0       ??$_Destroy@PAU_Node@?$_List_nod@PAVHistoryItem@@V?$allocator@PAVHistoryItem@@@std@@@std@@@std@@YAXPAPAU_Node@?$_List_nod@PAVHistoryItem@@V?$allocator@PAVHistoryItem@@@std@@@0@@Z 100139c0 f i ConsoleGUI.obj
 0001:000129d0       ??$?0PAVHistoryItem@@@?$allocator@U_Node@?$_List_nod@PAVHistoryItem@@V?$allocator@PAVHistoryItem@@@std@@@std@@@std@@QAE@ABV?$allocator@PAVHistoryItem@@@1@@Z 100139d0 f i ConsoleGUI.obj
 0001:000129f0       ??0InterfaceManager@@QAE@XZ 100139f0 f   DarkWinGui.obj
 0001:00012a60       ??1InterfaceManager@@UAE@XZ 10013a60 f   DarkWinGui.obj
 0001:00012a90       ?CreateChildWindow@InterfaceManager@@UAEXH@Z 10013a90 f   DarkWinGui.obj
 0001:00012dc0       ?Startup@InterfaceManager@@UAEXXZ 10013dc0 f   DarkWinGui.obj
 0001:00012e00       ?Shutdown@InterfaceManager@@UAEXXZ 10013e00 f   DarkWinGui.obj
 0001:00012eb0       ?Update@InterfaceManager@@UAEXXZ 10013eb0 f   DarkWinGui.obj
 0001:00012ee0       ?StaticDialogProc@CThiefConsole@@SGHPAUHWND__@@IIJ@Z 10013ee0 f   DarkWinGui.obj
 0001:00012f30       ?DialogProc@CThiefConsole@@QAGHPAUHWND__@@IIJ@Z 10013f30 f   DarkWinGui.obj
 0001:00013580       ?PromptDisconnect@@YAHXZ   10014580 f   DarkWinGui.obj
 0001:000135c0       ?WinGuiInit@@YAXXZ         100145c0 f   DarkWinGui.obj
 0001:00013690       ?WinGuiTerm@@YAXXZ         10014690 f   DarkWinGui.obj
 0001:00013720       ??_EInterfaceManager@@UAEPAXI@Z 10014720 f i DarkWinGui.obj
 0001:00013720       ??_GInterfaceManager@@UAEPAXI@Z 10014720 f i DarkWinGui.obj
 0001:00013760       ??0IInterfaceManager@@QAE@XZ 10014760 f i DarkWinGui.obj
 0001:00013780       ??0CThiefConsole@@QAE@PAUHINSTANCE__@@HHHP6GHPAUHWND__@@IIJ@Z@Z 10014780 f i DarkWinGui.obj
 0001:000137e0       ??_GCThiefConsole@@UAEPAXI@Z 100147e0 f i DarkWinGui.obj
 0001:000137e0       ??_ECThiefConsole@@UAEPAXI@Z 100147e0 f i DarkWinGui.obj
 0001:00013820       ??1CThiefConsole@@UAE@XZ   10014820 f i DarkWinGui.obj
 0001:00013850       ??0CMissionSelectDialog@@QAE@XZ 10014850 f i DarkWinGui.obj
 0001:00013880       ??0CPlayerSettingsDialog@@QAE@XZ 10014880 f i DarkWinGui.obj
 0001:000138c0       ??0CEListBox@EngCtrls@@QAE@XZ 100148c0 f i DarkWinGui.obj
 0001:000138f0       ??0CEComboBox@EngCtrls@@QAE@XZ 100148f0 f i DarkWinGui.obj
 0001:00013920       ?DbgMenuToggleEcho@@YAXXZ  10014920 f   DbgMenu.obj
 0001:00013960       ?EnableDebugMenuItems@@YAXPAUHMENU__@@@Z 10014960 f   DbgMenu.obj
 0001:00013c50       ??0CHostDialog@@QAE@XZ     10014c50 f   HostDialog.obj
[...]
 0001:0004de44       $L78610                    1004ee44 f   DarkOverlay.obj
 0001:0004de4f       __ehhandler$?AddText@DarkOverlay@@QAEPAVElement_Text@@PBDMMKKPAUgrs_font@@@Z 1004ee4f f   DarkOverlay.obj
 0001:0004de59       $L78622                    1004ee59 f   DarkOverlay.obj
 0001:0004de64       __ehhandler$?AddImage@DarkOverlay@@QAEPAVElement_Image@@PBD0MMKP6AXPAVDialogElement@@UPoint@@@Z@Z 1004ee64 f   DarkOverlay.obj
 0001:0004de6e       $L78633                    1004ee6e f   DarkOverlay.obj
 0001:0004de79       __ehhandler$?AddButton@DarkOverlay@@QAEPAVElement_Button@@PBDMMKKPAUgrs_font@@P6AXPAVDialogElement@@UPoint@@@Z@Z 1004ee79 f   DarkOverlay.obj
 0001:0004de83       $L78644                    1004ee83 f   DarkOverlay.obj
 0001:0004de8e       __ehhandler$?AddEdit@DarkOverlay@@QAEPAVElement_Edit@@PBDMMKKPAUgrs_font@@HP6AXPAVDialogElement@@@Z@Z 1004ee8e f   DarkOverlay.obj
 0001:0004de98       $L78674                    1004ee98 f   DarkOverlay.obj
 0001:0004dea3       $L78675                    1004eea3 f   DarkOverlay.obj
 0001:0004deae       $L78676                    1004eeae f   DarkOverlay.obj
 0001:0004deb9       $L78677                    1004eeb9 f   DarkOverlay.obj
 0001:0004dec4       $L78678                    1004eec4 f   DarkOverlay.obj
 0001:0004decf       $L78679                    1004eecf f   DarkOverlay.obj
 0001:0004deda       __ehhandler$??0DarkOverlayManager@@QAE@XZ 1004eeda f   DarkOverlay.obj
 0001:0004dee4       $L78721                    1004eee4 f   DarkOverlay.obj
 0001:0004deef       __ehhandler$??0DarkOverlay@@QAE@PBD@Z 1004eeef f   DarkOverlay.obj
 0001:0004def9       $L78773                    1004eef9 f   DarkOverlay.obj
 0001:0004df04       __ehhandler$?UpdatePlayers@PlayersOverlay@@QAEXXZ 1004ef04 f   DarkOverlay.obj
 0001:0004df0e       $L78791                    1004ef0e f   DarkOverlay.obj
 0001:0004df16       $L78792                    1004ef16 f   DarkOverlay.obj
 0001:0004df1e       $L78793                    1004ef1e f   DarkOverlay.obj
 0001:0004df26       $L78794                    1004ef26 f   DarkOverlay.obj
 0001:0004df2e       $L78795                    1004ef2e f   DarkOverlay.obj
 0001:0004df39       __ehhandler$?Init@PlayersOverlay@@UAE_NXZ 1004ef39 f   DarkOverlay.obj
 0001:0004df43       $L78818                    1004ef43 f   DarkOverlay.obj
 0001:0004df4b       $L78819                    1004ef4b f   DarkOverlay.obj
 0001:0004df56       __ehhandler$??0MapOverlay@@QAE@PBD@Z 1004ef56 f   DarkOverlay.obj
 0001:0004df60       $L78827                    1004ef60 f   DarkOverlay.obj
 0001:0004df68       __ehhandler$??1MapOverlay@@UAE@XZ 1004ef68 f   DarkOverlay.obj
 0001:0004df72       $L78863                    1004ef72 f   DarkOverlay.obj
 0001:0004df7a       __ehhandler$??0BookOverlay@@QAE@PBD@Z 1004ef7a f   DarkOverlay.obj
 0001:0004df84       $L78871                    1004ef84 f   DarkOverlay.obj
 0001:0004df8c       __ehhandler$??1BookOverlay@@UAE@XZ 1004ef8c f   DarkOverlay.obj
 0001:0004df96       $L78913                    1004ef96 f   DarkOverlay.obj
 0001:0004df9e       __ehhandler$?LoadBook@BookOverlay@@QAEXPBD0@Z 1004ef9e f   DarkOverlay.obj
 0001:0004dfa8       $L78931                    1004efa8 f   DarkOverlay.obj
 0001:0004dfb0       __ehhandler$??0SimOverlay@@QAE@PBD@Z 1004efb0 f   DarkOverlay.obj
 0001:0004dfba       $L78939                    1004efba f   DarkOverlay.obj
 0001:0004dfc2       __ehhandler$??1SimOverlay@@UAE@XZ 1004efc2 f   DarkOverlay.obj
 0001:0004dfcc       $L78950                    1004efcc f   DarkOverlay.obj
 0001:0004dfd7       __ehhandler$?Draw@SimOverlay@@UAEXXZ 1004efd7 f   DarkOverlay.obj
 0001:0004dfe1       $L78962                    1004efe1 f   DarkOverlay.obj
 0001:0004dfe9       $L78963                    1004efe9 f   DarkOverlay.obj
 0001:0004dff4       __ehhandler$??0ObjectivesOverlay@@QAE@PBD@Z 1004eff4 f   DarkOverlay.obj
 0001:0004dffe       $L78971                    1004effe f   DarkOverlay.obj
 0001:0004e006       __ehhandler$??1ObjectivesOverlay@@UAE@XZ 1004f006 f   DarkOverlay.obj
 0001:0004e010       $L78985                    1004f010 f   DarkOverlay.obj
 0001:0004e018       __ehhandler$?Init@ObjectivesOverlay@@UAE_NXZ 1004f018 f   DarkOverlay.obj
 0001:0004e022       $L78997                    1004f022 f   DarkOverlay.obj
 0001:0004e02a       __ehhandler$?DrawGoalStatus@ObjectivesOverlay@@IAEXHPAUgrs_font@@H@Z 1004f02a f   DarkOverlay.obj
 0001:0004e034       $L79015                    1004f034 f   DarkOverlay.obj
 0001:0004e03c       $L79016                    1004f03c f   DarkOverlay.obj
 0001:0004e047       __ehhandler$?Draw@ObjectivesOverlay@@UAEXXZ 1004f047 f   DarkOverlay.obj
 0001:0004e051       $L79047                    1004f051 f   DarkOverlay.obj
 0001:0004e059       $L79048                    1004f059 f   DarkOverlay.obj
 0001:0004e061       $L79049                    1004f061 f   DarkOverlay.obj
 0001:0004e069       $L79050                    1004f069 f   DarkOverlay.obj
 0001:0004e071       $L79051                    1004f071 f   DarkOverlay.obj
 0001:0004e07c       __ehhandler$?Init@StagingOverlay@@UAE_NXZ 1004f07c f   DarkOverlay.obj
 0001:0004e086       $L79076                    1004f086 f   DarkOverlay.obj
 0001:0004e08e       $L79077                    1004f08e f   DarkOverlay.obj
 0001:0004e096       __ehhandler$?UpdateSettings@StagingOverlay@@IAEXXZ 1004f096 f   DarkOverlay.obj
 0001:0004e0a0       $L79097                    1004f0a0 f   DarkOverlay.obj
 0001:0004e0ab       __ehhandler$?OverlayInit@@YAXXZ 1004f0ab f   DarkOverlay.obj
 0001:0004e0c0       __ehhandler$?_Insert_n@?$vector@PAVDialogElement@@V?$allocator@PAVDialogElement@@@std@@@std@@IAEXViterator@12@IABQAVDialogElement@@@Z 1004f0c0 f   DarkOverlay.obj
 0001:0004e0d0       $L79249                    1004f0d0 f   DarkOverlay.obj
 0001:0004e0e2       __ehhandler$?_Xlen@?$vector@PAVDialogElement@@V?$allocator@PAVDialogElement@@@std@@@std@@IBEXXZ 1004f0e2 f   DarkOverlay.obj
 0001:0004e0f0       $L76739                    1004f0f0 f   DialogElement.obj
 0001:0004e0f8       $L76740                    1004f0f8 f   DialogElement.obj
 0001:0004e103       $L76741                    1004f103 f   DialogElement.obj
 0001:0004e10b       __ehhandler$??0Element_Text@@QAE@PAUIDarkOverlay@@PBDMMKKPAUgrs_font@@@Z 1004f10b f   DialogElement.obj
 0001:0004e115       $L76764                    1004f115 f   DialogElement.obj
 0001:0004e11d       __ehhandler$??1Element_Text@@UAE@XZ 1004f11d f   DialogElement.obj
 0001:0004e127       $L76791                    1004f127 f   DialogElement.obj
 0001:0004e12f       $L76792                    1004f12f f   DialogElement.obj
 0001:0004e13a       $L76793                    1004f13a f   DialogElement.obj
 0001:0004e145       __ehhandler$??0Element_Image@@QAE@PAUIDarkOverlay@@PBD1MMKP6AXPAVDialogElement@@UPoint@@@Z@Z 1004f145 f   DialogElement.obj
 0001:0004e14f       $L76806                    1004f14f f   DialogElement.obj
 0001:0004e157       $L76807                    1004f157 f   DialogElement.obj
 0001:0004e162       __ehhandler$??1Element_Image@@UAE@XZ 1004f162 f   DialogElement.obj
 0001:0004e16c       $L76819                    1004f16c f   DialogElement.obj
 0001:0004e174       __ehhandler$??0Element_Edit@@QAE@PAUIDarkOverlay@@PBDMMKKPAUgrs_font@@HP6AXPAVDialogElement@@@Z@Z 1004f174 f   DialogElement.obj
 0001:0004e17e       $L76834                    1004f17e f   DialogElement.obj
 0001:0004e186       __ehhandler$??1Element_Edit@@UAE@XZ 1004f186 f   DialogElement.obj
 0001:0004e190       $L62112                    1004f190 f   Engined:ConfigManager.obj
 0001:0004e19b       __ehhandler$??0ConfigManager@@QAE@PBD@Z 1004f19b f   Engined:ConfigManager.obj
 0001:0004e1a5       $L62123                    1004f1a5 f   Engined:ConfigManager.obj
 0001:0004e1b0       __ehhandler$??1ConfigManager@@UAE@XZ 1004f1b0 f   Engined:ConfigManager.obj
 0001:0004e1ba       $L62232                    1004f1ba f   Engined:ConfigManager.obj
 0001:0004e1c5       __ehhandler$?SetIniFile@ConfigManager@@QAEXPBD@Z 1004f1c5 f   Engined:ConfigManager.obj
 0001:0004e1d0       $L62175                    1004f1d0 f   Engined:ConfigManager.obj
 0001:0004e1db       __ehhandler$?CreateIntVar@ConfigManager@@IAEPAVConfigVar@@PBD@Z 1004f1db f   Engined:ConfigManager.obj
 0001:0004e1f0       $L62197                    1004f1f0 f   Engined:ConfigManager.obj
 0001:0004e1fb       __ehhandler$?CreateFloatVar@ConfigManager@@IAEPAVConfigVar@@PBD@Z 1004f1fb f   Engined:ConfigManager.obj
 0001:0004e210       $L62219                    1004f210 f   Engined:ConfigManager.obj
 0001:0004e21b       __ehhandler$?CreateStringVar@ConfigManager@@IAEPAVConfigVar@@PBD@Z 1004f21b f   Engined:ConfigManager.obj
 0001:0004e230       __ehhandler$?_Buynode@?$list@PAVConfigVar@@V?$allocator@PAVConfigVar@@@std@@@std@@IAEPAU_Node@?$_List_nod@PAVConfigVar@@V?$allocator@PAVConfigVar@@@std@@@2@XZ 1004f230 f   Engined:ConfigManager.obj
 0001:0004e240       $L62319                    1004f240 f   Engined:ConfigManager.obj
 0001:0004e251       __ehhandler$?_Buynode@?$list@PAVConfigVar@@V?$allocator@PAVConfigVar@@@std@@@std@@IAEPAU_Node@?$_List_nod@PAVConfigVar@@V?$allocator@PAVConfigVar@@@std@@@2@PAU342@0ABQAVConfigVar@@@Z 1004f251 f   Engined:ConfigManager.obj
 0001:0004e260       $L62336                    1004f260 f   Engined:ConfigManager.obj
 0001:0004e272       __ehhandler$?_Incsize@?$list@PAVConfigVar@@V?$allocator@PAVConfigVar@@@std@@@std@@IAEXI@Z 1004f272 f   Engined:ConfigManager.obj
 0001:0004e280       $L61302                    1004f280 f   Engined:EventManager.obj
 0001:0004e28b       __ehhandler$?Initialize@EventManager@@SAXXZ 1004f28b f   Engined:EventManager.obj
 0001:0004e2a0       __ehhandler$?_Insert_n@?$vector@VEventListener@@V?$allocator@VEventListener@@@std@@@std@@IAEXViterator@12@IABVEventListener@@@Z 1004f2a0 f   Engined:EventManager.obj
 0001:0004e2b0       $L61408                    1004f2b0 f   Engined:EventManager.obj
 0001:0004e2c2       __ehhandler$?_Xlen@?$vector@VEventListener@@V?$allocator@VEventListener@@@std@@@std@@IBEXXZ 1004f2c2 f   Engined:EventManager.obj
 0001:0004e2d0       __ehhandler$??$_Uninit_fill_n@PAVEventListener@@IV1@V?$allocator@VEventListener@@@std@@@std@@YAXPAVEventListener@@IABV1@AAV?$allocator@VEventListener@@@0@U_Nonscalar_ptr_iterator_tag@0@@Z 1004f2d0 f   Engined:EventManager.obj
 0001:0004e2e0       __ehhandler$??$_Uninit_copy@PAVEventListener@@PAV1@V?$allocator@VEventListener@@@std@@@std@@YAPAVEventListener@@PAV1@00AAV?$allocator@VEventListener@@@0@U_Nonscalar_ptr_iterator_tag@0@@Z 1004f2e0 f   Engined:EventManager.obj
 0001:0004e2f0       $L60589                    1004f2f0 f   Engined:Utilities.obj
 0001:0004e302       $L60590                    1004f302 f   Engined:Utilities.obj
 0001:0004e314       $L60591                    1004f314 f   Engined:Utilities.obj
 0001:0004e337       __ehhandler$?GetParam@@YA?AV?$basic_string@DU?$char_traits@D@std@@V?$allocator@D@2@@std@@V12@DI@Z 1004f337 f   Engined:Utilities.obj
 0001:0004e350       __ehhandler$??0NString@@QAE@XZ 1004f350 f   Engined:NString.obj
 0001:0004e360       $L60279                    1004f360 f   Engined:EngError.obj
 0001:0004e375       __ehhandler$?ErrorMessageBox@@YAXPBD@Z 1004f375 f   Engined:EngError.obj
 0001:0004e380       __ehhandler$?ScanFile@Crc32@@YAKPBD@Z 1004f380 f   Engined:Crc32.obj
 0001:0004e38a       __ehhandler$?ScanFilePart@Crc32@@YAKPBDKK@Z 1004f38a f   Engined:Crc32.obj
 0001:0004e3a0       __unwindfunclet$?GS_CreateDP8Client@@YAPAUIGSClient@@XZ$0 1004f3a0 f   GSClient_d:GSClient.obj
 0001:0004e3ae       __ehhandler$?GS_CreateDP8Client@@YAPAUIGSClient@@XZ 1004f3ae f   GSClient_d:GSClient.obj
 0001:0004e3c0       __unwindfunclet$??0GSClient_DP8@@QAE@XZ$2 1004f3c0 f   GSClient_d:GSClient_DP8.obj
 0001:0004e3c8       __unwindfunclet$??0GSClient_DP8@@QAE@XZ$3 1004f3c8 f   GSClient_d:GSClient_DP8.obj
 0001:0004e3d3       __unwindfunclet$??0GSClient_DP8@@QAE@XZ$4 1004f3d3 f   GSClient_d:GSClient_DP8.obj
 0001:0004e3de       __unwindfunclet$??0GSClient_DP8@@QAE@XZ$5 1004f3de f   GSClient_d:GSClient_DP8.obj
 0001:0004e3e9       __unwindfunclet$??0GSClient_DP8@@QAE@XZ$6 1004f3e9 f   GSClient_d:GSClient_DP8.obj
 0001:0004e3f7       __ehhandler$??0GSClient_DP8@@QAE@XZ 1004f3f7 f   GSClient_d:GSClient_DP8.obj
 0001:0004e410       __unwindfunclet$??1GSClient_DP8@@UAE@XZ$0 1004f410 f   GSClient_d:GSClient_DP8.obj
 0001:0004e418       __unwindfunclet$??1GSClient_DP8@@UAE@XZ$1 1004f418 f   GSClient_d:GSClient_DP8.obj
 0001:0004e423       __unwindfunclet$??1GSClient_DP8@@UAE@XZ$2 1004f423 f   GSClient_d:GSClient_DP8.obj
 0001:0004e42e       __unwindfunclet$??1GSClient_DP8@@UAE@XZ$3 1004f42e f   GSClient_d:GSClient_DP8.obj
 0001:0004e439       __unwindfunclet$??1GSClient_DP8@@UAE@XZ$4 1004f439 f   GSClient_d:GSClient_DP8.obj
 0001:0004e447       __ehhandler$??1GSClient_DP8@@UAE@XZ 1004f447 f   GSClient_d:GSClient_DP8.obj
 0001:0004e460       __ehhandler$?PingServer@GSClient_DP8@@UAE_NPBDGH@Z 1004f460 f   GSClient_d:GSClient_DP8.obj
 0001:0004e470       __unwindfunclet$?MessageHandler@GSClient_DP8@@QAEJPAXK0@Z$0 1004f470 f   GSClient_d:GSClient_DP8.obj
 0001:0004e47e       __ehhandler$?MessageHandler@GSClient_DP8@@QAEJPAXK0@Z 1004f47e f   GSClient_d:GSClient_DP8.obj
 0001:0004e490       __unwindfunclet$?_Xlen@?$deque@PAUNetMessage@@V?$allocator@PAUNetMessage@@@std@@@std@@IBEXXZ$0 1004f490 f   GSClient_d:GSClient_DP8.obj
 0001:0004e4a5       __ehhandler$?_Xlen@?$deque@PAUNetMessage@@V?$allocator@PAUNetMessage@@@std@@@std@@IBEXXZ 1004f4a5 f   GSClient_d:GSClient_DP8.obj
 0001:0004e4b0       _$E1                       1004f4b0 f   StoredProperty.obj
 0001:0004e4e0       _$E1                       1004f4e0 f   DarkPeer.obj
 0001:0004e510       _$E4                       1004f510 f   DarkPeer.obj
 0001:0004e540       _$E7                       1004f540 f   DarkPeer.obj
 0001:0004e570       _$E1                       1004f570 f   PlayerDB.obj
 0001:0004e5a0       _$E1                       1004f5a0 f   Client.obj
 0001:0004e5c0       _$E1                       1004f5c0 f   Config.obj
 0001:0004e5f0       _$E1                       1004f5f0 f   Debug.obj
 0001:0004e610       _$E1                       1004f610 f   Gamesys.obj
 0001:0004e640       _$E1                       1004f640 f   Main.obj
 0001:0004e660       _$E3                       1004f660 f   Main.obj
 0001:0004e680       _$E5                       1004f680 f   Main.obj
 0001:0004e6a0       _$E7                       1004f6a0 f   Main.obj
 0001:0004e6c0       _$E9                       1004f6c0 f   Main.obj
 0001:0004e6e0       _$E11                      1004f6e0 f   Main.obj
 0001:0004e700       _$E13                      1004f700 f   Main.obj
 0001:0004e720       _$E15                      1004f720 f   Main.obj
 0001:0004e740       _$E17                      1004f740 f   Main.obj
 0001:0004e760       _$E19                      1004f760 f   Main.obj
 0001:0004e780       _$E21                      1004f780 f   Main.obj
 0001:0004e7a0       _$E23                      1004f7a0 f   Main.obj
 0001:0004e7c0       _$E25                      1004f7c0 f   Main.obj
 0001:0004e7e0       _$E27                      1004f7e0 f   Main.obj
 0001:0004e800       _$E29                      1004f800 f   Main.obj
 0001:0004e820       _$E31                      1004f820 f   Main.obj
 0001:0004e840       _$E33                      1004f840 f   Main.obj
 0001:0004e860       _$E35                      1004f860 f   Main.obj
 0001:0004e880       _$E37                      1004f880 f   Main.obj
 0001:0004e8a0       _$E39                      1004f8a0 f   Main.obj
 0001:0004e8c0       _$E41                      1004f8c0 f   Main.obj
 0001:0004e8e0       _$E43                      1004f8e0 f   Main.obj
 0001:0004e900       _$E45                      1004f900 f   Main.obj
 0001:0004e920       _$E47                      1004f920 f   Main.obj
 0001:0004e940       _$E49                      1004f940 f   Main.obj
 0001:0004e960       _$E51                      1004f960 f   Main.obj
 0001:0004e980       _$E53                      1004f980 f   Main.obj
 0001:0004e9a0       _$E55                      1004f9a0 f   Main.obj
 0001:0004e9c0       _$E57                      1004f9c0 f   Main.obj
 0001:0004e9e0       _$E59                      1004f9e0 f   Main.obj
 0001:0004ea00       _$E61                      1004fa00 f   Main.obj
 0001:0004ea20       _$E63                      1004fa20 f   Main.obj
 0001:0004ea40       _$E65                      1004fa40 f   Main.obj
 0001:0004ea60       _$E67                      1004fa60 f   Main.obj
 0001:0004ea80       _$E69                      1004fa80 f   Main.obj
 0001:0004eaa0       _$E71                      1004faa0 f   Main.obj
 0001:0004eac0       _$E73                      1004fac0 f   Main.obj
 0001:0004eae0       _$E75                      1004fae0 f   Main.obj
 0001:0004eb00       _$E77                      1004fb00 f   Main.obj
 0001:0004eb20       _$E79                      1004fb20 f   Main.obj
 0001:0004eb40       _$E81                      1004fb40 f   Main.obj
 0001:0004eb60       _$E83                      1004fb60 f   Main.obj
 0001:0004eb80       _$E85                      1004fb80 f   Main.obj
 0001:0004eba0       _$E87                      1004fba0 f   Main.obj
 0001:0004ebc0       _$E89                      1004fbc0 f   Main.obj
 0001:0004ebe0       _$E91                      1004fbe0 f   Main.obj
 0001:0004ec00       _$E93                      1004fc00 f   Main.obj
 0001:0004ec20       _$E95                      1004fc20 f   Main.obj
 0001:0004ec40       _$E97                      1004fc40 f   Main.obj
 0001:0004ec60       _$E99                      1004fc60 f   Main.obj
 0001:0004ec80       _$E101                     1004fc80 f   Main.obj
 0001:0004eca0       _$E103                     1004fca0 f   Main.obj
 0001:0004ecc0       _$E105                     1004fcc0 f   Main.obj
 0001:0004ece0       _$E107                     1004fce0 f   Main.obj
 0001:0004ed00       _$E109                     1004fd00 f   Main.obj
 0001:0004ed20       _$E111                     1004fd20 f   Main.obj
 0001:0004ed40       _$E113                     1004fd40 f   Main.obj
 0001:0004ed60       _$E115                     1004fd60 f   Main.obj
 0001:0004ed80       _$E117                     1004fd80 f   Main.obj
 0001:0004eda0       _$E119                     1004fda0 f   Main.obj
 0001:0004edc0       _$E121                     1004fdc0 f   Main.obj
 0001:0004ede0       _$E123                     1004fde0 f   Main.obj
 0001:0004ee00       _$E125                     1004fe00 f   Main.obj
 0001:0004ee20       _$E127                     1004fe20 f   Main.obj
 0001:0004ee40       _$E129                     1004fe40 f   Main.obj
 0001:0004ee60       _$E131                     1004fe60 f   Main.obj
 0001:0004ee80       _$E133                     1004fe80 f   Main.obj
 0001:0004eea0       _$E135                     1004fea0 f   Main.obj
 0001:0004eec0       _$E137                     1004fec0 f   Main.obj
 0001:0004eef0       _$E140                     1004fef0 f   Main.obj
 0001:0004ef20       _$E1                       1004ff20 f   NetReactions.obj
 0001:0004efc0       _$E1                       1004ffc0 f   Engined:Timing.obj
 0001:0004efe0       _$E2                       1004ffe0 f   StoredProperty.obj
 0001:0004f000       _$E2                       10050000 f   DarkPeer.obj
 0001:0004f020       _$E5                       10050020 f   DarkPeer.obj
 0001:0004f040       _$E8                       10050040 f   DarkPeer.obj
 0001:0004f060       _$E2                       10050060 f   PlayerDB.obj
 0001:0004f080       _$E2                       10050080 f   Config.obj
 0001:0004f0a0       _$E2                       100500a0 f   Gamesys.obj
 0001:0004f0c0       _$E138                     100500c0 f   Main.obj
 0001:0004f0e0       _$E141                     100500e0 f   Main.obj
