 ThiefMP

 Timestamp is 4d101ccb (Mon Dec 20 22:19:39 2010)

 Preferred load address is 10000000

 Start         Length     Name                   Class
 0001:00000000 0001e6aaH .text                   CODE
 0001:0001e6b0 00000936H .text$x                 CODE
 0001:0001eff0 00000173H .text$yc                CODE
 0001:0001f170 000000ccH .text$yd                CODE
 0002:00000000 00000298H .idata$5                DATA
 0002:00000298 00000004H .CRT$XCA                DATA
 0002:0000029c 00000024H .CRT$XCU                DATA
 0002:000002c0 00000004H .CRT$XCZ                DATA
 0002:000002c4 00000004H .CRT$XIA                DATA
 0002:000002c8 00000004H .CRT$XIAA               DATA
 0002:000002cc 00000004H .CRT$XIC                DATA
 0002:000002d0 00000004H .CRT$XIZ                DATA
 0002:000002e0 000055e8H .rdata                  DATA
 0002:000058c8 0000002fH .rdata$debug            DATA
 0002:000058f8 00000fc8H .rdata$r                DATA
 0002:000068c0 00000004H .rtc$IAA                DATA
 0002:000068c4 00000004H .rtc$IZZ                DATA
 0002:000068c8 00000004H .rtc$TAA                DATA
 0002:000068cc 00000004H .rtc$TZZ                DATA
 0002:000068d0 0000120cH .xdata$x                DATA
 0002:00007adc 00000078H .idata$2                DATA
 0002:00007b54 00000014H .idata$3                DATA
 0002:00007b68 00000298H .idata$4                DATA
 0002:00007e00 00000e70H .idata$6                DATA
 0002:00008c70 00000000H .edata                  DATA
 0003:00000000 00002cf0H .data                   DATA
 0003:00002cf0 000025f0H .bss                    DATA
 0004:00000000 00000250H .rsrc$01                DATA
 0004:00000250 00001628H .rsrc$02                DATA

  Address         Publics by Value              Rva+Base       Lib:Object

 0000:00000000       ___safe_se_handler_table   00000000     <absolute>
 0000:00000000       __except_list              00000000     <absolute>
 0000:00000000       ___safe_se_handler_count   00000000     <absolute>
 0000:00009876       __fltused                  00009876     <absolute>
 0000:00009876       __ldused                   00009876     <absolute>
 0000:00000000       ___ImageBase               10000000     <linker-defined>
 0001:00000000       _cDynArray_ctor            10001000 f   sshock2.obj
 0001:00000010       _cTag_ctor                 10001010 f   sshock2.obj
 0001:00000023       _cDABase_dtor1             10001023 f   sshock2.obj
 0001:00000037       _DarkPlayerActionToSchemaIdx 10001037 f   sshock2.obj
 0001:0000020f       _ShockPlayerActionToSchemaIdx 1000120f f   sshock2.obj
 0001:000003fe       _ShockSetMode              100013fe f   sshock2.obj
 0001:0000062f       _cPhysModels_Get           1000162f f   sshock2.obj
 0001:000006e0       _PlayerAction_GetTagName   100016e0 f   sshock2.obj
 0001:00000700       _PlayerAction_GetAnimName  10001700 f   sshock2.obj
 0001:00000750       ?CreateAI@HookAIManager@@YGHPAUIAIManager@@HPBD@Z 10001750 f   AIManager.obj
 0001:00000760       ?TransferAI@HookAIManager@@YGHPAUIAIManager@@HH@Z 10001760 f   AIManager.obj
 0001:000007a0       ?StartConversation@HookAIManager@@YGHPAUIAIManager@@H@Z 100017a0 f   AIManager.obj
 0001:00000830       ?MakeProxyAI@HookAINetManager@@YGJPAUIAINetManager@@HH@Z 10001830 f   AIManager.obj
 0001:00000a00       ?OnUseWeapon@@YAXH@Z       10001a00 f   Commands.obj
 0001:00000aa0       ?OnSimMenu@@YAXXZ          10001aa0 f   Commands.obj
 0001:00000ad0       ?OnObjectives@@YAXXZ       10001ad0 f   Commands.obj
 0001:00000b10       ?OnAutomap@@YAXXZ          10001b10 f   Commands.obj
 0001:00000b50       ?OverlayFilter@@YA_NXZ     10001b50 f   Commands.obj
 0001:00000b60       ?PatchCommands@@YAX_N@Z    10001b60 f   Commands.obj
 0001:00000c30       ?OnDropItem@@YAXXZ         10001c30 f   Commands.obj
 0001:00000cf0       ?OnWinMission@@YAXXZ       10001cf0 f   Commands.obj
 0001:00000d80       ?HookDarkCombatDamageListener@@YGKPBUsDamageMsg@@PAX@Z 10001d80 f   Damage.obj
 0001:00000d90       ?DamageObject@HookSimpleDamageModel@@YGJKHHPAUsDamage@@PAUsChainedEvent@@H@Z 10001d90 f   Damage.obj
 0001:00000e30       ?DarkDamageListener@@YGKPBUsDamageMsg@@PAX@Z 10001e30 f   Damage.obj
 0001:00000f20       ?EndMission@HookDarkGameSrv@@YGJK@Z 10001f20 f   DarkGameSrv.obj
 0001:00000f60       ?FadeToBlack@HookDarkGameSrv@@YGJKM@Z 10001f60 f   DarkGameSrv.obj
 0001:00000fa0       ?SlotFileName@HookDarkFilePanel@@YGPBDH@Z 10001fa0 f   FilePanel.obj
 0001:00001010       ?DoFileOp@HookSaveFilePanel@@YIXPAKHH@Z 10002010 f   FilePanel.obj
 0001:00001060       ?ReceiveFullHeartbeat@HookGhostReceive@@YAXHHHPAUsGhostHeartbeat@@PAUsGhostMoCap@@@Z 10002060 f   GhostReceive.obj
 0001:00001080       ?CreatePlan@HookGroundActionManeuverFactory@@YGPAVcMotionPlan@@PBVcMotionSchema@@AAUsMcMotorState@@AAUsMcMoveState@@AAUsMcMoveParams@@PAVIMotor@@PAVcMotionCoordinator@@@Z 10002080 f   Motions.obj
 0001:00001120       ?CreatePlan@HookPlayerManeuverFactory@@YGPAVcMotionPlan@@PBVcMotionSchema@@AAUsMcMotorState@@AAUsMcMoveState@@AAUsMcMoveParams@@PAVIMotor@@PAVcMotionCoordinator@@@Z 10002120 f   Motions.obj
 0001:00001160       ?CreatePlan@HookGroundLocoManeuverFactory@@YGPAVcMotionPlan@@PBVcMotionSchema@@AAUsMcMotorState@@AAUsMcMoveState@@AAUsMcMoveParams@@PAVIMotor@@PAVcMotionCoordinator@@@Z 10002160 f   Motions.obj
 0001:000011a0       ?Join@HookNet@@YGHPAUINet@@PBD11@Z 100021a0 f   Net.obj
 0001:00001290       ?SimpleCreatePlayer@HookNet@@YGJPAUINet@@PAD@Z 10002290 f   Net.obj
 0001:000012c0       ?Host@HookNet@@YGHPAUINet@@PAD1@Z 100022c0 f   Net.obj
 0001:00001350       ?GhostInstallFireListener@@YAXH@Z 10002350 f   Ghost.obj
 0001:00001350       ?SendCreatePlayerNetMsg@HookNetManager@@YGXXZ 10002350 f   NetManager.obj
 0001:00001350       ?PatcherTerm@@YAXXZ        10002350 f   Patcher.obj
 0001:00001350       ?HookHandleHaltSound@@YAXHH@Z 10002350 f   Packets.obj
 0001:00001360       ?Leave@HookNetManager@@YGXPAUINetManager@@@Z 10002360 f   NetManager.obj
 0001:00001390       ?EnumPlayersCallback@HookNetManager@@YGHKKPBUDPNAME@@KPAX@Z 10002390 f   NetManager.obj
 0001:000013f0       ?InitExistingPlayer@HookNetManager@@YGHKKPBUDPNAME@@KPAX@Z 100023f0 f   NetManager.obj
 0001:00001440       ?_DestroyNetPlayerCallback@HookNetManager@@YGHKKPBUDPNAME@@KPAX@Z 10002440 f   NetManager.obj
 0001:00001490       ?GetPlayerAddress@HookNetManager@@YGPBDKH@Z 10002490 f   NetManager.obj
 0001:000014a0       ?SuspendMessaging@HookNetManager@@YGXPAUINetManager@@@Z 100024a0 f   NetManager.obj
 0001:000014b0       ?ResumeMessaging@HookNetManager@@YGXPAUINetManager@@@Z 100024b0 f   NetManager.obj
 0001:000014c0       ?MyAvatarArchetype@HookDarkNetServices@@YGHK@Z 100024c0 f   NetManager.obj
 0001:00001540       ?NetDisconnectListener@@YAXKKPAX@Z 10002540 f   NetManager.obj
 0001:000015f0       ?NetDisconnectListenerInit@@YAXXZ 100025f0 f   NetManager.obj
 0001:00001620       ?HandleMsg@HookNetMsg@@YIXPAVcNetMsg@@HPBUsNetMsg_Generic@@KH@Z 10002620 f   NetMsg.obj
 0001:00001660       ?MarshalArguments@HookNetMsg@@YIHPAVcNetMsg@@HPADPAHPAI@Z 10002660 f   NetMsg.obj
 0001:000016a0       ?ClearTables@HookObjectNetworking@@YGXPAUIObjectNetworking@@@Z 100026a0 f   Objects.obj
 0001:000016b0       ?ObjRegisterProxy@HookObjectNetworking@@YGXPAUIObjectNetworking@@HFH@Z 100026b0 f   Objects.obj
 0001:000016c0       ?ObjGetProxy@HookObjectNetworking@@YGHPAUIObjectNetworking@@HF@Z 100026c0 f   Objects.obj
 0001:000016d0       ?ObjDeleteProxy@HookObjectNetworking@@YGXPAUIObjectNetworking@@H@Z 100026d0 f   Objects.obj
 0001:000016e0       ?ObjIsProxy@HookObjectNetworking@@YGHPAUIObjectNetworking@@H@Z 100026e0 f   Objects.obj
 0001:000016f0       ?ObjHostInfo@HookObjectNetworking@@YGXPAUIObjectNetworking@@HPAHPAF@Z 100026f0 f   Objects.obj
 0001:00001700       ?ObjTakeOver@HookObjectNetworking@@YGXPAUIObjectNetworking@@H@Z 10002700 f   Objects.obj
 0001:00001740       ?ObjGiveTo@HookObjectNetworking@@YGXPAUIObjectNetworking@@HHH@Z 10002740 f   Objects.obj
 0001:00001780       ?ObjGiveWithoutObjID@HookObjectNetworking@@YGXPAUIObjectNetworking@@HH@Z 10002780 f   Objects.obj
 0001:000017d0       ?StartBeginCreate@HookObjectNetworking@@YGXPAUIObjectNetworking@@HH@Z 100027d0 f   Objects.obj
 0001:000017e0       ?FinishBeginCreate@HookObjectNetworking@@YGXPAUIObjectNetworking@@H@Z 100027e0 f   Objects.obj
 0001:00001820       ?StartEndCreate@HookObjectNetworking@@YGXPAUIObjectNetworking@@H@Z 10002820 f   Objects.obj
 0001:00001830       ?FinishEndCreate@HookObjectNetworking@@YGXPAUIObjectNetworking@@H@Z 10002830 f   Objects.obj
 0001:00001840       ?StartDestroy@HookObjectNetworking@@YGXPAUIObjectNetworking@@H@Z 10002840 f   Objects.obj
 0001:00001880       ?NotifyObjRemapped@HookObjectNetworking@@YGXPAUIObjectNetworking@@HH@Z 10002880 f   Objects.obj
 0001:00001890       ?ObjectIsVisible@@YAHH@Z   10002890 f   Objects.obj
 0001:000018c0       ?Add@HookContainSys@@YGJPAUIContainSys@@HHII@Z 100028c0 f   Objects.obj
 0001:000019d0       ?Select@HookInventory@@YGJPAUIInventory@@H@Z 100029d0 f   Objects.obj
 0001:00001a80       ?ClearSelection@HookInventory@@YGJPAUIInventory@@W4eWhichInvObj@@@Z 10002a80 f   Objects.obj
 0001:00001b00       ?HookFrobPickup@@YAXHH@Z   10002b00 f   Packets.obj
 0001:00001b40       ?HookRegSphere@@YAXHHKMPAUmxs_vector@@K@Z 10002b40 f   Packets.obj
 0001:00001b70       ?HookHandleCreateQuestData@@YAXPADHHK@Z 10002b70 f   Packets.obj
 0001:00001bb0       ?HookHandleSetQuestData@@YAXPADHK@Z 10002bb0 f   Packets.obj
 0001:00001bf0       ?HookHandleFinishSynch@@YAXPAUINetManager@@@Z 10002bf0 f   Packets.obj
 0001:00001c00       ?HookHandlePlayerInfo@@YAXHPAD0HPAUINetManager@@@Z 10002c00 f   Packets.obj
 0001:00001c60       ?HookFrobRequest@@YAXHHHHHHH@Z 10002c60 f   Packets.obj
 0001:00001c70       ?HookHandleRequestDestroy@@YAXH@Z 10002c70 f   Packets.obj
 0001:00001cd0       ?HookHandleFireProjectile@@YAXHHKMPAUmxs_vector@@PAUmxs_angvec@@0@Z 10002cd0 f   Packets.obj
 0001:00001d30       ?HookHandleFrobPickup@@YAXHH@Z 10002d30 f   Packets.obj
 0001:00001f40       ?OnReact@HookReactions@@QAGXKPAUsReactionEvent@@PAUsReactionParam@@@Z 10002f40 f   Reactions.obj
 0001:00001fa0       ?OnStartAttack@HookBowSrv@@QAGJXZ 10002fa0 f   ScriptService.obj
 0001:00001fd0       ?OnFinishAttack@HookBowSrv@@QAGJXZ 10002fd0 f   ScriptService.obj
 0001:00001ff0       ?FinishPicking@HookPickLockSrv@@YGHKH@Z 10002ff0 f   ScriptService.obj
 0001:00002000       ?MPrint@HookDebugScrSrv@@YGJPAKAAVcScrStr@@1111111@Z 10003000 f   ScriptService.obj
 0001:00002060       ?StartPicking@HookPickLockSrv@@YGHKHHH@Z 10003060 f   ScriptService.obj
 0001:000020b0       ?SendPropertyMsg@HookStoredProperty@@YGHPAUsNetMsg_Generic@@HHK@Z 100030b0 f   StoredProperty.obj
 0001:00002100       ?ReceivePropertyMsg@HookStoredProperty@@YGXPBUsNetMsg_Generic@@KKH@Z 10003100 f   StoredProperty.obj
 0001:00002140       ??1bad_alloc@std@@UAE@XZ   10003140 f i DarkPeer.obj
 0001:00002150       ??_Ebad_alloc@std@@UAEPAXI@Z 10003150 f i DarkPeer.obj
 0001:00002150       ??_Gbad_alloc@std@@UAEPAXI@Z 10003150 f i DarkPeer.obj
 0001:00002180       ??1CCriticalSection@@QAE@XZ 10003180 f i DarkPeer.obj
 0001:00002190       ??1IDarkNet@@UAE@XZ        10003190 f i DarkPeer.obj
 0001:000021a0       ??_GIDarkNet@@UAEPAXI@Z    100031a0 f i DarkPeer.obj
 0001:000021a0       ??_EIDarkNet@@UAEPAXI@Z    100031a0 f i DarkPeer.obj
 0001:000021c0       ?what@logic_error@std@@UBEPBDXZ 100031c0 f i DarkPeer.obj
 0001:000021d0       ??_Gout_of_range@std@@UAEPAXI@Z 100031d0 f i DarkPeer.obj
 0001:000021d0       ??_Elogic_error@std@@UAEPAXI@Z 100031d0 f i DarkPeer.obj
 0001:000021d0       ??_Glogic_error@std@@UAEPAXI@Z 100031d0 f i DarkPeer.obj
 0001:000021d0       ??_Glength_error@std@@UAEPAXI@Z 100031d0 f i DarkPeer.obj
 0001:000021d0       ??_Elength_error@std@@UAEPAXI@Z 100031d0 f i DarkPeer.obj
 0001:000021d0       ??_Eout_of_range@std@@UAEPAXI@Z 100031d0 f i DarkPeer.obj
 0001:00002200       ??1length_error@std@@UAE@XZ 10003200 f i DarkPeer.obj
 0001:00002200       ??1out_of_range@std@@UAE@XZ 10003200 f i DarkPeer.obj
 0001:00002220       ?CancelEnumeration@CDarkPeer@@UAEXXZ 10003220 f   DarkPeer.obj
 0001:00002240       ?CancelAllEnumerations@CDarkPeer@@UAEXXZ 10003240 f   DarkPeer.obj
 0001:00002260       ?Close@CDarkPeer@@UAEXXZ   10003260 f   DarkPeer.obj
 0001:00002290       ?CrashCleanup@CDarkPeer@@UAEXXZ 10003290 f   DarkPeer.obj
 0001:000022c0       ?ConnectToServer@CDarkPeer@@UAE_NPBD0@Z 100032c0 f   DarkPeer.obj
 0001:00002310       ?DestroyPeer@CDarkPeer@@UAE_NKPBXK@Z 10003310 f   DarkPeer.obj
 0001:00002340       ?GetSendQueues@CDarkPeer@@UAEXXZ 10003340 f   DarkPeer.obj
 0001:00002410       ?GetHostConnectionInfo@CDarkPeer@@UAEJPAU_DPN_CONNECTION_INFO@@@Z 10003410 f   DarkPeer.obj
 0001:00002430       ?GetConnectionInfo@CDarkPeer@@UAEJKPAU_DPN_CONNECTION_INFO@@@Z 10003430 f   DarkPeer.obj
 0001:00002460       ?GetPeer@CDarkPeer@@UAEPAUIDirectPlay8Peer@@XZ 10003460 f   DarkPeer.obj
 0001:00002470       ?InitGlobalLink@CDarkPeer@@IAE_NXZ 10003470 f   DarkPeer.obj
 0001:000025c0       ?GetConnectEventHandle@CDarkPeer@@UAEPAXXZ 100035c0 f   DarkPeer.obj
 0001:000025d0       ?GetPeerInfo@CDarkPeer@@UAEPAU_DPN_PLAYER_INFO@@K@Z 100035d0 f   DarkPeer.obj
 0001:00002660       ?SendToAll@CDarkPeer@@UAEXPAXKKK@Z 10003660 f   DarkPeer.obj
 0001:00002680       ?SendOP@CDarkPeer@@UAEXKPAXKKK@Z 10003680 f   DarkPeer.obj
 0001:00002760       ?Update@CDarkPeer@@UAEXXZ  10003760 f   DarkPeer.obj
 0001:00002780       ?SetPlayerInfo@CDarkPeer@@UAEJXZ 10003780 f   DarkPeer.obj
 0001:00002810       ?Shutdown@CDarkPeer@@UAEXXZ 10003810 f   DarkPeer.obj
 0001:000028d0       ?GetSessionManager@CDarkPeer@@UAEPAVCDarkSessionManager@@XZ 100038d0 f   DarkPeer.obj
 0001:000028e0       ?GetSessionInfo@CDarkPeer@@UBEABUSessionInfo@@XZ 100038e0 f   DarkPeer.obj
 0001:000028f0       ?GetOldPlayerData@CDarkPeer@@UAEAAV?$map@KPAUDP4Data@@U?$less@K@std@@V?$allocator@U?$pair@$$CBKPAUDP4Data@@@std@@@3@@std@@XZ 100038f0 f   DarkPeer.obj
 0001:00002900       ?ReceivedPlayers@CDarkPeer@@UBE_NXZ 10003900 f   DarkPeer.obj
 0001:00002910       ?SetReceivedPlayers@CDarkPeer@@UAEX_N@Z 10003910 f   DarkPeer.obj
 0001:00002920       ?SendHeartbeat@CDarkPeer@@UAEXXZ 10003920 f   DarkPeer.obj
 0001:00002930       ??8const_iterator@?$_Tree@V?$_Tmap_traits@KPAUDP4Data@@U?$less@K@std@@V?$allocator@U?$pair@$$CBKPAUDP4Data@@@std@@@3@$0A@@std@@@std@@QBE_NABV012@@Z 10003930 f i DarkPeer.obj
 0001:00002930       ??8const_iterator@?$_Tree@V?$_Tmap_traits@HHU?$less@H@std@@V?$allocator@U?$pair@$$CBHH@std@@@2@$0A@@std@@@std@@QBE_NABV012@@Z 10003930 f i Gamesys.obj
 0001:00002960       ?_Max@?$_Tree@V?$_Tmap_traits@HHU?$less@H@std@@V?$allocator@U?$pair@$$CBHH@std@@@2@$0A@@std@@@std@@KAPAU_Node@?$_Tree_nod@V?$_Tmap_traits@HHU?$less@H@std@@V?$allocator@U?$pair@$$CBHH@std@@@2@$0A@@std@@@2@PAU342@@Z 10003960 f i Gamesys.obj
 0001:00002960       ?_Max@?$_Tree@V?$_Tmap_traits@KPAUDP4Data@@U?$less@K@std@@V?$allocator@U?$pair@$$CBKPAUDP4Data@@@std@@@3@$0A@@std@@@std@@KAPAU_Node@?$_Tree_nod@V?$_Tmap_traits@KPAUDP4Data@@U?$less@K@std@@V?$allocator@U?$pair@$$CBKPAUDP4Data@@@std@@@3@$0A@@std@@@2@PAU342@@Z 10003960 f i DarkPeer.obj
 0001:00002980       ?_Min@?$_Tree@V?$_Tmap_traits@KPAUDP4Data@@U?$less@K@std@@V?$allocator@U?$pair@$$CBKPAUDP4Data@@@std@@@3@$0A@@std@@@std@@KAPAU_Node@?$_Tree_nod@V?$_Tmap_traits@KPAUDP4Data@@U?$less@K@std@@V?$allocator@U?$pair@$$CBKPAUDP4Data@@@std@@@3@$0A@@std@@@2@PAU342@@Z 10003980 f i DarkPeer.obj
 0001:00002980       ?_Min@?$_Tree@V?$_Tmap_traits@HHU?$less@H@std@@V?$allocator@U?$pair@$$CBHH@std@@@2@$0A@@std@@@std@@KAPAU_Node@?$_Tree_nod@V?$_Tmap_traits@HHU?$less@H@std@@V?$allocator@U?$pair@$$CBHH@std@@@2@$0A@@std@@@2@PAU342@@Z 10003980 f i Gamesys.obj
 0001:000029a0       ??0bad_alloc@std@@QAE@ABV01@@Z 100039a0 f i DarkPeer.obj
 0001:000029c0       ?EnumHosts@CDarkPeer@@UAEXPBD0@Z 100039c0 f   DarkPeer.obj
 0001:00002ad0       ?OnEnumerationResponse@CDarkPeer@@IAEXPAU_DPNMSG_ENUM_HOSTS_RESPONSE@@@Z 10003ad0 f   DarkPeer.obj
 0001:00002cb0       ?GetSendQueueStats@CDarkPeer@@UAE_NAAUQueueStats@@@Z 10003cb0 f   DarkPeer.obj
 0001:00002cd0       ?SendToHost@CDarkPeer@@UAEXPAXKK@Z 10003cd0 f   DarkPeer.obj
 0001:00002d30       ?Send@CDarkPeer@@UAEXKPAXKKK@Z 10003d30 f   DarkPeer.obj
 0001:00002e20       ?SendChat@CDarkPeer@@UAEX_NPBD@Z 10003e20 f   DarkPeer.obj
 0001:00002ee0       ?HandleGameModeEntry@CDarkPeer@@IAEXXZ 10003ee0 f   DarkPeer.obj
 0001:00002fa0       ?EventHandler@CDarkPeer@@UAEXHPAX@Z 10003fa0 f   DarkPeer.obj
 0001:00002fd0       ?PopQueuedMessage@CDarkPeer@@UAEPAUNetMessage@@XZ 10003fd0 f   DarkPeer.obj
 0001:00003010       ?Start@ConnectAttempt@@QAEXIPBDPBG@Z 10004010 f   DarkPeer.obj
 0001:00003070       ?GetPlayers@@YAXQAH@Z      10004070 f   DarkPeer.obj
 0001:000030e0       ?Push@?$SimpleQueue@D@@QAEXPAD@Z 100040e0 f i ConsoleGUI.obj
 0001:000030e0       ?Push@?$SimpleQueue@H@@QAEXPAH@Z 100040e0 f i Gamesys.obj
 0001:000030e0       ?Push@?$SimpleQueue@UNetMessage@@@@QAEXPAUNetMessage@@@Z 100040e0 f i DarkPeer.obj
 0001:00003160       ?_Dec@const_iterator@?$_Tree@V?$_Tmap_traits@HHU?$less@H@std@@V?$allocator@U?$pair@$$CBHH@std@@@2@$0A@@std@@@std@@QAEXXZ 10004160 f i Gamesys.obj
 0001:00003160       ?_Dec@const_iterator@?$_Tree@V?$_Tmap_traits@KPAUDP4Data@@U?$less@K@std@@V?$allocator@U?$pair@$$CBKPAUDP4Data@@@std@@@3@$0A@@std@@@std@@QAEXXZ 10004160 f i DarkPeer.obj
 0001:000031f0       ?HandleCreatePlayerMsg@CDarkPeer@@IAEXPAU_DPNMSG_CREATE_PLAYER@@@Z 100041f0 f   DarkPeer.obj
 0001:00003430       ?HandleNewPacket@CDarkPeer@@IAEXPAEKK@Z 10004430 f   DarkPeer.obj
 0001:00003490       ?_Buynode@?$_Tree@V?$_Tmap_traits@HHU?$less@H@std@@V?$allocator@U?$pair@$$CBHH@std@@@2@$0A@@std@@@std@@IAEPAU_Node@?$_Tree_nod@V?$_Tmap_traits@HHU?$less@H@std@@V?$allocator@U?$pair@$$CBHH@std@@@2@$0A@@std@@@2@XZ 10004490 f i Gamesys.obj
 0001:00003490       ?_Buynode@?$_Tree@V?$_Tmap_traits@KPAUDP4Data@@U?$less@K@std@@V?$allocator@U?$pair@$$CBKPAUDP4Data@@@std@@@3@$0A@@std@@@std@@IAEPAU_Node@?$_Tree_nod@V?$_Tmap_traits@KPAUDP4Data@@U?$less@K@std@@V?$allocator@U?$pair@$$CBKPAUDP4Data@@@std@@@3@$0A@@std@@@2@XZ 10004490 f i DarkPeer.obj
 0001:000034d0       ?_Buynode@?$_Tree@V?$_Tmap_traits@HHU?$less@H@std@@V?$allocator@U?$pair@$$CBHH@std@@@2@$0A@@std@@@std@@IAEPAU_Node@?$_Tree_nod@V?$_Tmap_traits@HHU?$less@H@std@@V?$allocator@U?$pair@$$CBHH@std@@@2@$0A@@std@@@2@PAU342@00ABU?$pair@$$CBHH@2@D@Z 100044d0 f i Gamesys.obj
 0001:000034d0       ?_Buynode@?$_Tree@V?$_Tmap_traits@KPAUDP4Data@@U?$less@K@std@@V?$allocator@U?$pair@$$CBKPAUDP4Data@@@std@@@3@$0A@@std@@@std@@IAEPAU_Node@?$_Tree_nod@V?$_Tmap_traits@KPAUDP4Data@@U?$less@K@std@@V?$allocator@U?$pair@$$CBKPAUDP4Data@@@std@@@3@$0A@@std@@@2@PAU342@00ABU?$pair@$$CBKPAUDP4Data@@@2@D@Z 100044d0 f i DarkPeer.obj
 0001:00003510       ?_Erase@?$_Tree@V?$_Tmap_traits@HHU?$less@H@std@@V?$allocator@U?$pair@$$CBHH@std@@@2@$0A@@std@@@std@@IAEXPAU_Node@?$_Tree_nod@V?$_Tmap_traits@HHU?$less@H@std@@V?$allocator@U?$pair@$$CBHH@std@@@2@$0A@@std@@@2@@Z 10004510 f i Gamesys.obj
 0001:00003510       ?_Erase@?$_Tree@V?$_Tmap_traits@KPAUDP4Data@@U?$less@K@std@@V?$allocator@U?$pair@$$CBKPAUDP4Data@@@std@@@3@$0A@@std@@@std@@IAEXPAU_Node@?$_Tree_nod@V?$_Tmap_traits@KPAUDP4Data@@U?$less@K@std@@V?$allocator@U?$pair@$$CBKPAUDP4Data@@@std@@@3@$0A@@std@@@2@@Z 10004510 f i DarkPeer.obj
 0001:00003550       ?_Insert@?$_Tree@V?$_Tmap_traits@HHU?$less@H@std@@V?$allocator@U?$pair@$$CBHH@std@@@2@$0A@@std@@@std@@IAE?AViterator@12@_NPAU_Node@?$_Tree_nod@V?$_Tmap_traits@HHU?$less@H@std@@V?$allocator@U?$pair@$$CBHH@std@@@2@$0A@@std@@@2@ABU?$pair@$$CBHH@2@@Z 10004550 f i Gamesys.obj
 0001:00003550       ?_Insert@?$_Tree@V?$_Tmap_traits@KPAUDP4Data@@U?$less@K@std@@V?$allocator@U?$pair@$$CBKPAUDP4Data@@@std@@@3@$0A@@std@@@std@@IAE?AViterator@12@_NPAU_Node@?$_Tree_nod@V?$_Tmap_traits@KPAUDP4Data@@U?$less@K@std@@V?$allocator@U?$pair@$$CBKPAUDP4Data@@@std@@@3@$0A@@std@@@2@ABU?$pair@$$CBKPAUDP4Data@@@2@@Z 10004550 f i DarkPeer.obj
 0001:00003750       ??0logic_error@std@@QAE@ABV01@@Z 10004750 f i DarkPeer.obj
 0001:000037b0       ??0length_error@std@@QAE@ABV01@@Z 100047b0 f i DarkPeer.obj
 0001:000037d0       ??0out_of_range@std@@QAE@ABV01@@Z 100047d0 f i DarkPeer.obj
 0001:000037f0       ?insert@?$_Tree@V?$_Tmap_traits@KPAUDP4Data@@U?$less@K@std@@V?$allocator@U?$pair@$$CBKPAUDP4Data@@@std@@@3@$0A@@std@@@std@@QAE?AU?$pair@Viterator@?$_Tree@V?$_Tmap_traits@KPAUDP4Data@@U?$less@K@std@@V?$allocator@U?$pair@$$CBKPAUDP4Data@@@std@@@3@$0A@@std@@@std@@_N@2@ABU?$pair@$$CBKPAUDP4Data@@@2@@Z 100047f0 f i DarkPeer.obj
 0001:000038e0       ?insert@?$_Tree@V?$_Tmap_traits@KPAUDP4Data@@U?$less@K@std@@V?$allocator@U?$pair@$$CBKPAUDP4Data@@@std@@@3@$0A@@std@@@std@@QAE?AViterator@12@Vconst_iterator@12@ABU?$pair@$$CBKPAUDP4Data@@@2@@Z 100048e0 f i DarkPeer.obj
 0001:00003ac0       ??A?$map@KPAUDP4Data@@U?$less@K@std@@V?$allocator@U?$pair@$$CBKPAUDP4Data@@@std@@@3@@std@@QAEAAPAUDP4Data@@ABK@Z 10004ac0 f i DarkPeer.obj
 0001:00003b70       ??0?$_Tree@V?$_Tmap_traits@KPAUDP4Data@@U?$less@K@std@@V?$allocator@U?$pair@$$CBKPAUDP4Data@@@std@@@3@$0A@@std@@@std@@QAE@ABU?$less@K@1@ABV?$allocator@U?$pair@$$CBKPAUDP4Data@@@std@@@1@@Z 10004b70 f i DarkPeer.obj
 0001:00003b70       ??0?$_Tree@V?$_Tmap_traits@HHU?$less@H@std@@V?$allocator@U?$pair@$$CBHH@std@@@2@$0A@@std@@@std@@QAE@ABU?$less@H@1@ABV?$allocator@U?$pair@$$CBHH@std@@@1@@Z 10004b70 f i Gamesys.obj
 0001:00003bf0       ??1?$map@KPAUDP4Data@@U?$less@K@std@@V?$allocator@U?$pair@$$CBKPAUDP4Data@@@std@@@3@@std@@QAE@XZ 10004bf0 f i DarkPeer.obj
 0001:00003c00       ??1CDarkPeer@@UAE@XZ       10004c00 f   DarkPeer.obj
 0001:00003dc0       ?EventHandler@CDarkPeer@@W3AEXHPAX@Z 10004dc0 f i DarkPeer.obj
 0001:00003dd0       ?MessageHandler@CDarkPeer@@IAEJPAXK0@Z 10004dd0 f   DarkPeer.obj
 0001:00004110       ??_GCDarkPeer@@UAEPAXI@Z   10005110 f i DarkPeer.obj
 0001:00004110       ??_ECDarkPeer@@UAEPAXI@Z   10005110 f i DarkPeer.obj
 0001:00004130       ?StaticMessageHandler@CDarkPeer@@KGJPAXK0@Z 10005130 f   DarkPeer.obj
 0001:00004140       ?InitClient@CDarkPeer@@IAEXXZ 10005140 f   DarkPeer.obj
 0001:00004380       ?InitServer@CDarkPeer@@IAEXXZ 10005380 f   DarkPeer.obj
 0001:00004710       ??0CDarkPeer@@QAE@W4NetState@@@Z 10005710 f   DarkPeer.obj
 0001:000048a0       ?SetApplicationDesc@CDarkSessionManager@@QAEXPBU_DPN_APPLICATION_DESC@@@Z 100058a0 f   DarkSessionManager.obj
 0001:00004920       ?DPGetApplicationDesc@CDarkSessionManager@@IAEXXZ 10005920 f   DarkSessionManager.obj
 0001:000049a0       ?SetSessionInfo@CDarkSessionManager@@QAEXPBU_DPN_APPLICATION_DESC@@@Z 100059a0 f   DarkSessionManager.obj
 0001:00004a30       ?GetSessionInfo@CDarkSessionManager@@QBEABUSessionInfo@@XZ 10005a30 f   DarkSessionManager.obj
 0001:00004a40       ??0CDarkSessionManager@@QAE@PAUIDirectPlay8Peer@@@Z 10005a40 f   DarkSessionManager.obj
 0001:00004ab0       ??1CDarkSessionManager@@UAE@XZ 10005ab0 f   DarkSessionManager.obj
 0001:00004b20       ?GetServerName@CDarkSessionManager@@QBEPBDXZ 10005b20 f   DarkSessionManager.obj
 0001:00004b30       ?UpdateSessionInfo@CDarkSessionManager@@QAEXXZ 10005b30 f   DarkSessionManager.obj
 0001:00004c60       ??_GCDarkSessionManager@@UAEPAXI@Z 10005c60 f i DarkSessionManager.obj
 0001:00004c60       ??_ECDarkSessionManager@@UAEPAXI@Z 10005c60 f i DarkSessionManager.obj
 0001:00004c80       ?Rebuild@CMarshalled@@UAEXPAE@Z 10005c80 f   Marshal.obj
 0001:00004cc0       ?CopyMultiParm@CDarkMarshalBuffer@@QAEXABUsMultiParm@@@Z 10005cc0 f   Marshal.obj
 0001:00004cf0       ?CopyChainedEvent@CDarkMarshalBuffer@@QAEXABUsChainedEvent@@@Z 10005cf0 f   Marshal.obj
 0001:00004d30       ?GetChainedEvent@CDarkMarshalBuffer@@QAEXAAUsChainedEvent@@@Z 10005d30 f   Marshal.obj
 0001:00004d70       ?GetMultiParm@CDarkMarshalBuffer@@QAEXAAUsMultiParm@@@Z 10005d70 f   Marshal.obj
 0001:00004da0       ?Send@CMarshalled@@UAEHKK@Z 10005da0 f   Marshal.obj
 0001:00004e10       ?CopyGlobalFromObj@CDarkMarshalBuffer@@QAEXH@Z 10005e10 f   Marshal.obj
 0001:00004e40       ?CopyReactionEvent@CDarkMarshalBuffer@@QAEXABUsReactionEvent@@@Z 10005e40 f   Marshal.obj
 0001:00004e80       ?CopyReactionParam@CDarkMarshalBuffer@@QAEXABUsReactionParam@@@Z 10005e80 f   Marshal.obj
 0001:00004ef0       ?GetObjFromGlobal@CDarkMarshalBuffer@@QAEHXZ 10005ef0 f   Marshal.obj
 0001:00004f20       ?GetReactionEvent@CDarkMarshalBuffer@@QAEXAAUsReactionEvent@@@Z 10005f20 f   Marshal.obj
 0001:00004f70       ?GetReactionParam@CDarkMarshalBuffer@@QAEXAAUsReactionParam@@@Z 10005f70 f   Marshal.obj
 0001:00004fe0       ?SendTimeLimit@@YAXXZ      10005fe0 f   Network.obj
 0001:00005020       ?NetSimCallback@@YAXHH@Z   10006020 f   Network.obj
 0001:000050a0       ?ObjectSendData@@YAXHHPAXKK@Z 100060a0 f   Network.obj
 0001:00005140       ?SendAddLoot@@YAXHK@Z      10006140 f   Network.obj
 0001:000051d0       ?SendEndMission@@YAXXZ     100061d0 f   Network.obj
 0001:00005240       ?SendPlayerStopAnimation@@YAXXZ 10006240 f   Network.obj
 0001:000052b0       ??1PlayerData@@QAE@XZ      100062b0 f i PlayerDB.obj
 0001:000052c0       ??0PlayerData@@QAE@XZ      100062c0 f i PlayerDB.obj
 0001:000052d0       ?ClearPlayerInfo@PlayerDB@@QAEXXZ 100062d0 f   PlayerDB.obj
 0001:00005390       ??0PlayerDB@@QAE@XZ        10006390 f   PlayerDB.obj
 0001:000053f0       ?NameFromIndex@PlayerDB@@QAEPBDH@Z 100063f0 f   PlayerDB.obj
 0001:00005460       ?NameFromDPNID@PlayerDB@@QAEPBDK@Z 10006460 f   PlayerDB.obj
 0001:000054e0       ?SetPlayerInfo@PlayerDB@@QAEXHPBDH@Z 100064e0 f   PlayerDB.obj
 0001:000055b0       ??0CNetMsg_GenericReaction@@QAE@FPAUsReactionEvent@@PAUsReactionParam@@@Z 100065b0 f   T2GenericReaction.obj
 0001:00005680       ?Marshal@CNetMsg_GenericReaction@@UAEXAAVCDarkMarshalBuffer@@@Z 10006680 f   T2GenericReaction.obj
 0001:00005750       ?Unmarshal@CNetMsg_GenericReaction@@UAEXAAVCDarkMarshalBuffer@@@Z 10006750 f   T2GenericReaction.obj
 0001:00005820       ??0CNetMsg_PlayerDeath@@QAE@HH@Z 10006820 f   T2PlayerDeath.obj
 0001:00005840       ?Marshal@CNetMsg_PlayerDeath@@UAEXAAVCDarkMarshalBuffer@@@Z 10006840 f   T2PlayerDeath.obj
 0001:00005870       ?Unmarshal@CNetMsg_PlayerDeath@@UAEXAAVCDarkMarshalBuffer@@@Z 10006870 f   T2PlayerDeath.obj
 0001:000058a0       ?Marshal@CNetMsg_ScriptMsg@@UAEXAAVCDarkMarshalBuffer@@@Z 100068a0 f   T2ScriptMsg.obj
 0001:00005900       ?Unmarshal@CNetMsg_ScriptMsg@@UAEXAAVCDarkMarshalBuffer@@@Z 10006900 f   T2ScriptMsg.obj
 0001:00005960       ??0CNetMsg_ScriptMsg@@QAE@HHPBDPAUsMultiParm@@@Z 10006960 f   T2ScriptMsg.obj
 0001:000059c0       ??0sScrMsg@@QAE@XZ         100069c0 f i T2ScriptMsg.obj
 0001:000059e0       ?CreateFrobMsg@CNetMsg_ScriptMsg@@IAEPAUsScrMsg@@XZ 100069e0 f   T2ScriptMsg.obj
 0001:00005a50       ?CreateScrMsg@CNetMsg_ScriptMsg@@IAEPAUsScrMsg@@XZ 10006a50 f   T2ScriptMsg.obj
 0001:00005aa0       ?ScriptMessageCreate@CNetMsg_ScriptMsg@@QAEPAUsScrMsg@@XZ 10006aa0 f   T2ScriptMsg.obj
 0001:00005ad0       ?GetInt@CEControl@EngCtrls@@UAEHXZ 10006ad0 f i ConnectDialog.obj
 0001:00005af0       ?OnInitDialog@CConnectDialog@@QAEXPAUHWND__@@@Z 10006af0 f   ConnectDialog.obj
 0001:00005b80       ?SaveSettings@CConnectDialog@@QAEXXZ 10006b80 f   ConnectDialog.obj
 0001:00005c10       ??0CConnectDialog@@QAE@XZ  10006c10 f   ConnectDialog.obj
 0001:00005c60       ?DialogProc@CConnectDialog@@QAGHPAUHWND__@@IIJ@Z 10006c60 f   ConnectDialog.obj
 0001:00005da0       ?OnConnect@CConnectDialog@@QAEXXZ 10006da0 f   ConnectDialog.obj
 0001:00005e00       ?StaticDialogProc@CConnectDialog@@SGHPAUHWND__@@IIJ@Z 10006e00 f   ConnectDialog.obj
 0001:00005e30       ?DisplayPage@CConnectDialog@@QAEXXZ 10006e30 f   ConnectDialog.obj
 0001:00005f30       ??0HistoryItem@@QAE@PBD@Z  10006f30 f i ConsoleGUI.obj
 0001:00005f80       ??_GHistoryItem@@UAEPAXI@Z 10006f80 f i ConsoleGUI.obj
 0001:00005f80       ??_EHistoryItem@@UAEPAXI@Z 10006f80 f i ConsoleGUI.obj
 0001:00005fb0       ?FindCommand@CConsoleBase@@QAEHPBD@Z 10006fb0 f   ConsoleGUI.obj
 0001:00006030       ?OnInit@CConsoleBase@@UAEXXZ 10007030 f   ConsoleGUI.obj
 0001:00006050       ?SetWindowTitle@CConsoleBase@@QAEXPBD@Z 10007050 f   ConsoleGUI.obj
 0001:00006070       ?SetCommands@CConsoleBase@@QAEXPAUConsoleCommand@@H@Z 10007070 f   ConsoleGUI.obj
 0001:00006090       ?SetAcceleratorTable@CConsoleBase@@QAEXH@Z 10007090 f   ConsoleGUI.obj
 0001:000060d0       ?ExecuteCommand@CConsoleBase@@QAEXHPBD@Z 100070d0 f   ConsoleGUI.obj
 0001:00006200       ?ExecuteRaw@CConsoleBase@@QAE_NPAD@Z 10007200 f   ConsoleGUI.obj
 0001:00006250       ?Update@CConsoleBase@@QAEXXZ 10007250 f   ConsoleGUI.obj
 0001:00006340       ?PostMessageA@CConsoleBase@@QAEXPBD@Z 10007340 f   ConsoleGUI.obj
 0001:00006390       ?_Buynode@?$list@PAVMessage@@V?$allocator@PAVMessage@@@std@@@std@@IAEPAU_Node@?$_List_nod@PAVMessage@@V?$allocator@PAVMessage@@@std@@@2@PAU342@0ABQAVMessage@@@Z 10007390 f i MessageManager.obj
 0001:00006390       ?_Buynode@?$list@PAVHistoryItem@@V?$allocator@PAVHistoryItem@@@std@@@std@@IAEPAU_Node@?$_List_nod@PAVHistoryItem@@V?$allocator@PAVHistoryItem@@@std@@@2@PAU342@0ABQAVHistoryItem@@@Z 10007390 f i ConsoleGUI.obj
 0001:00006390       ?_Buynode@?$list@PAVCServerListEntry@@V?$allocator@PAVCServerListEntry@@@std@@@std@@IAEPAU_Node@?$_List_nod@PAVCServerListEntry@@V?$allocator@PAVCServerListEntry@@@std@@@2@PAU342@0ABQAVCServerListEntry@@@Z 10007390 f i ServerList.obj
 0001:000063d0       ?Advance@HistoryManager@@QAEX_N@Z 100073d0 f   ConsoleGUI.obj
 0001:00006570       ?OnUpKey@CConsoleBase@@UAEXXZ 10007570 f   ConsoleGUI.obj
 0001:000065f0       ?OnDownKey@CConsoleBase@@UAEXXZ 100075f0 f   ConsoleGUI.obj
 0001:00006630       ?AddLine@HistoryManager@@QAEXPBD@Z 10007630 f   ConsoleGUI.obj
 0001:000066e0       ??1HistoryManager@@QAE@XZ  100076e0 f   ConsoleGUI.obj
 0001:000067d0       ??0CConsoleBase@@QAE@PAUHINSTANCE__@@HHHP6GHPAUHWND__@@IIJ@Z@Z 100077d0 f   ConsoleGUI.obj
 0001:00006900       ??1CConsoleBase@@UAE@XZ    10007900 f   ConsoleGUI.obj
 0001:00006950       ?OnEnterKey@CConsoleBase@@UAEXXZ 10007950 f   ConsoleGUI.obj
 0001:00006a00       ??_ECConsoleBase@@UAEPAXI@Z 10007a00 f i ConsoleGUI.obj
 0001:00006a00       ??_GCConsoleBase@@UAEPAXI@Z 10007a00 f i ConsoleGUI.obj
 0001:00006a00       ??_GCThiefConsole@@UAEPAXI@Z 10007a00 f i DarkWinGui.obj
 0001:00006a00       ??_ECThiefConsole@@UAEPAXI@Z 10007a00 f i DarkWinGui.obj
 0001:00006a20       ??0CThiefConsole@@QAE@PAUHINSTANCE__@@HHHP6GHPAUHWND__@@IIJ@Z@Z 10007a20 f i DarkWinGui.obj
 0001:00006a60       ?Startup@InterfaceManager@@UAEXXZ 10007a60 f   DarkWinGui.obj
 0001:00006a70       ?Shutdown@InterfaceManager@@UAEXXZ 10007a70 f   DarkWinGui.obj
 0001:00006ab0       ?Update@InterfaceManager@@UAEXXZ 10007ab0 f   DarkWinGui.obj
 0001:00006ac0       ?PromptDisconnect@@YAHXZ   10007ac0 f   DarkWinGui.obj
 0001:00006ae0       ?WinGuiTerm@@YAXXZ         10007ae0 f   DarkWinGui.obj
 0001:00006b10       ?DialogProc@CThiefConsole@@QAGHPAUHWND__@@IIJ@Z 10007b10 f   DarkWinGui.obj
 0001:00006ff0       ?WinGuiInit@@YAXXZ         10007ff0 f   DarkWinGui.obj
 0001:00007050       ??_EInterfaceManager@@UAEPAXI@Z 10008050 f i DarkWinGui.obj
 0001:00007050       ??_GInterfaceManager@@UAEPAXI@Z 10008050 f i DarkWinGui.obj
 0001:000070b0       ?StaticDialogProc@CThiefConsole@@SGHPAUHWND__@@IIJ@Z 100080b0 f   DarkWinGui.obj
 0001:000070f0       ?CreateChildWindow@InterfaceManager@@UAEXH@Z 100080f0 f   DarkWinGui.obj
 0001:00007400       ?DbgMenuToggleEcho@@YAXXZ  10008400 f   DbgMenu.obj
 0001:00007410       ?EnableDebugMenuItems@@YAXPAUHMENU__@@@Z 10008410 f   DbgMenu.obj
 0001:00007570       ?Enable@CEEditBox@EngCtrls@@QAE_N_N@Z 10008570 f i HostDialog.obj
 0001:00007590       ?InitControlStates@CHostDialog@@QAEXXZ 10008590 f   HostDialog.obj
 0001:00007840       ?SaveSettings@CHostDialog@@QAEXXZ 10008840 f   HostDialog.obj
 0001:00007bc0       ??1?$IPtr@UIAINetManager@@@@QAE@XZ 10008bc0 f i ClientPacketHandler.obj
 0001:00007bc0       ??1?$IPtr@UIResMan@@@@QAE@XZ 10008bc0 f i DarkUIUtils.obj
 0001:00007bc0       ??1?$IPtr@UIGameStrings@@@@QAE@XZ 10008bc0 f i HostDialog.obj
 0001:00007bc0       ??1?$IPtr@UIStructDescTools@@@@QAE@XZ 10008bc0 f i HostDialog.obj
 0001:00007bc0       ??1?$IPtr@UIQuestData@@@@QAE@XZ 10008bc0 f i Commands.obj
 0001:00007bd0       ??0CHostDialog@@QAE@XZ     10008bd0 f   HostDialog.obj
 0001:00007ca0       ?OnHost@CHostDialog@@QAEXXZ 10008ca0 f   HostDialog.obj
 0001:00007d10       ?GetMissionFlags@CHostDialog@@QAEKH@Z 10008d10 f   HostDialog.obj
 0001:00007e10       ?InitButtons@CHostDialog@@QAEXXZ 10008e10 f   HostDialog.obj
 0001:00008180       ?DialogProc@CHostDialog@@QAGHPAUHWND__@@IIJ@Z 10009180 f   HostDialog.obj
 0001:00008350       ?StaticDialogProc@CHostDialog@@SGHPAUHWND__@@IIJ@Z 10009350 f   HostDialog.obj
 0001:00008380       ?DisplayPage@CHostDialog@@QAEXXZ 10009380 f   HostDialog.obj
 0001:00008440       ?OnInitDialog@CMissionSelectDialog@@QAEXPAUHWND__@@@Z 10009440 f   MissSelect.obj
 0001:00008560       ?DialogProc@CMissionSelectDialog@@QAGHPAUHWND__@@IIJ@Z 10009560 f   MissSelect.obj
 0001:00008600       ?StaticDialogProc@CMissionSelectDialog@@SGHPAUHWND__@@IIJ@Z 10009600 f   MissSelect.obj
 0001:00008630       ?DisplayPage@CMissionSelectDialog@@QAEXXZ 10009630 f   MissSelect.obj
 0001:000086c0       ??0CPasswordDialog@@QAE@XZ 100096c0 f   PasswordDialog.obj
 0001:000086f0       ?DialogProc@CPasswordDialog@@QAGHPAUHWND__@@IIJ@Z 100096f0 f   PasswordDialog.obj
 0001:000087a0       ?StaticDialogProc@CPasswordDialog@@SGHPAUHWND__@@IIJ@Z 100097a0 f   PasswordDialog.obj
 0001:000087d0       ?DisplayPage@CPasswordDialog@@QAEXXZ 100097d0 f   PasswordDialog.obj
 0001:00008860       ?InitButtons@CPlayerSettingsDialog@@QAEXXZ 10009860 f   PlayerSettings.obj
 0001:000088f0       ?InitControlStates@CPlayerSettingsDialog@@QAEXXZ 100098f0 f   PlayerSettings.obj
 0001:00008960       ?SaveSettings@CPlayerSettingsDialog@@QAEXXZ 10009960 f   PlayerSettings.obj
 0001:00008a00       ?DialogProc@CPlayerSettingsDialog@@QAGHPAUHWND__@@IIJ@Z 10009a00 f   PlayerSettings.obj
 0001:00008ab0       ?StaticDialogProc@CPlayerSettingsDialog@@SGHPAUHWND__@@IIJ@Z 10009ab0 f   PlayerSettings.obj
 0001:00008ae0       ?DisplayPage@CPlayerSettingsDialog@@QAEXXZ 10009ae0 f   PlayerSettings.obj
 0001:00008b40       ?EquipAIWeaponHook@@YGHHKK@Z 10009b40 f   AI.obj
 0001:00008b80       ?OnIsValidTarget@@YGHH@Z   10009b80 f   AI.obj
 0001:00008be0       ?DarkChatTerm@@YAXXZ       10009be0 f   Chat.obj
 0001:00008c10       ?ChatboxIsOpen@@YA_NXZ     10009c10 f   Chat.obj
 0001:00008c20       ?ChatboxOpen@@YAXXZ        10009c20 f   Chat.obj
 0001:00008cb0       ?ChatboxClose@@YAXPAU_LGadTextBox@@@Z 10009cb0 f   Chat.obj
 0001:00008d40       ?ChatboxCallback@@YAXPAU_LGadTextBox@@W4_LGadTextBoxEvent@@HPAX@Z 10009d40 f   Chat.obj
 0001:00008de0       ?DarkChatInit@@YAXXZ       10009de0 f   Chat.obj
 0001:00008e80       ?LoadMission@CClient@@QAEXH@Z 10009e80 f   Client.obj
 0001:00008eb0       ?MissionStarted@CClient@@QAE_NXZ 10009eb0 f   Client.obj
 0001:00008ec0       ?IsSimRunning@CClient@@QAE_NXZ 10009ec0 f   Client.obj
 0001:00008ed0       ?SetSimRunning@CClient@@QAEX_N@Z 10009ed0 f   Client.obj
 0001:00008ee0       ?GetTimeRemaining@CClient@@QAEMXZ 10009ee0 f   Client.obj
 0001:00008ef0       ?SetTimeRemaining@CClient@@QAEXM@Z 10009ef0 f   Client.obj
 0001:00008f10       ?IsTimeLimitSet@CClient@@QAE_NXZ 10009f10 f   Client.obj
 0001:00008f30       ?GameIsEnding@CClient@@QAE_NXZ 10009f30 f   Client.obj
 0001:00008f50       ?StartEndGameTimer@CClient@@QAEXMW4EndReason@@@Z 10009f50 f   Client.obj
 0001:00008fb0       ?EventHandler@CClient@@UAEXHPAX@Z 10009fb0 f   Client.obj
 0001:00008fc0       ?DrawPlayerNames@CClient@@QAEXXZ 10009fc0 f   Client.obj
 0001:00009070       ?DebugDrawVisibility@CClient@@QAEXXZ 1000a070 f   Client.obj
 0001:00009180       ?DebugDrawNetStats@CClient@@QAEXXZ 1000a180 f   Client.obj
 0001:000092c0       ?DebugDrawMiscStats@CClient@@QAEXXZ 1000a2c0 f   Client.obj
 0001:00009440       ?RenderOverlays@CClient@@QAEXXZ 1000a440 f   Client.obj
 0001:00009480       ?OnPlayerCreate@CClient@@SAXXZ 1000a480 f   Client.obj
 0001:000094b0       ?OnJump@CClient@@SAHXZ     1000a4b0 f   Client.obj
 0001:000094e0       ?OnLoadWorld@CClient@@QAEXXZ 1000a4e0 f   Client.obj
 0001:00009560       ?IsClient@CClient@@QAE_NXZ 1000a560 f   Client.obj
 0001:00009590       ?UpdateTransparency@CClient@@QAEXXZ 1000a590 f   Client.obj
 0001:00009720       ?OnDeath@CClient@@QAEXXZ   1000a720 f   Client.obj
 0001:00009810       ?RespawnPlayer@CClient@@QAEXXZ 1000a810 f   Client.obj
 0001:00009900       ?Update@CClient@@QAEXXZ    1000a900 f   Client.obj
 0001:00009aa0       ?StaticOnDeath@CClient@@SAXXZ 1000aaa0 f   Client.obj
 0001:00009ab0       ?StartGameModeCallback@CClient@@SGXK@Z 1000aab0 f   Client.obj
 0001:00009b70       ?HandleMissionEnd@PacketHandler@@IAEXXZ 1000ab70 f   ClientPacketHandler.obj
 0001:00009ba0       ?HandleLoadGame@PacketHandler@@IAEXXZ 1000aba0 f   ClientPacketHandler.obj
 0001:00009be0       ?HandleSaveGame@PacketHandler@@IAEXXZ 1000abe0 f   ClientPacketHandler.obj
 0001:00009c20       ?HandleObjectData@PacketHandler@@IAEXXZ 1000ac20 f   ClientPacketHandler.obj
 0001:00009d90       ?HandleFrobObject@PacketHandler@@IAEXXZ 1000ad90 f   ClientPacketHandler.obj
 0001:00009e30       ?HandleGiveObj@PacketHandler@@IAEXXZ 1000ae30 f   ClientPacketHandler.obj
 0001:00009f30       ?HandleAddLoot@PacketHandler@@IAEXXZ 1000af30 f   ClientPacketHandler.obj
 0001:0000a1a0       ?HandleSetWeapon@PacketHandler@@IAEXXZ 1000b1a0 f   ClientPacketHandler.obj
 0001:0000a200       ?HandleMissionStart@PacketHandler@@IAEXXZ 1000b200 f   ClientPacketHandler.obj
 0001:0000a300       ?HandleChat@PacketHandler@@IAEXXZ 1000b300 f   ClientPacketHandler.obj
 0001:0000a480       ?HandleCrcRequest@PacketHandler@@IAEXXZ 1000b480 f   ClientPacketHandler.obj
 0001:0000a5a0       ?HandleCrcResponse@PacketHandler@@IAEXXZ 1000b5a0 f   ClientPacketHandler.obj
 0001:0000a730       ?HandlePlayerDeath@PacketHandler@@IAEXXZ 1000b730 f   ClientPacketHandler.obj
 0001:0000a810       ?HandleSpeechHalt@PacketHandler@@IAEXXZ 1000b810 f   ClientPacketHandler.obj
 0001:0000a8a0       ?HandleSpeech@PacketHandler@@IAEXXZ 1000b8a0 f   ClientPacketHandler.obj
 0001:0000aac0       ?HandleGenericReaction@PacketHandler@@IAEXXZ 1000bac0 f   ClientPacketHandler.obj
 0001:0000acb0       ?HandleTransferAI@PacketHandler@@IAEXXZ 1000bcb0 f   ClientPacketHandler.obj
 0001:0000adf0       ?HandleObjectDamaged@PacketHandler@@IAEXXZ 1000bdf0 f   ClientPacketHandler.obj
 0001:0000aeb0       ?HandleSnapshotRequest@PacketHandler@@IAEXXZ 1000beb0 f   ClientPacketHandler.obj
 0001:0000af00       ?HandleCreatePlayer@PacketHandler@@IAEXXZ 1000bf00 f   ClientPacketHandler.obj
 0001:0000b1e0       ?HandleScriptMsg@PacketHandler@@IAEXXZ 1000c1e0 f   ClientPacketHandler.obj
 0001:0000b270       ?OnPollNetwork@PacketHandler@@QAEXXZ 1000c270 f   ClientPacketHandler.obj
 0001:0000b480       ?OnLoopMsg@HookLoading@@YIXPAVcLoading@@HHPAUtLoopMessageData__@@@Z 1000c480 f   ClientSynch.obj
 0001:0000b6d0       ?DoFileLoad@HookLoading@@YIXPAVcLoading@@HPAUITagFile@@@Z 1000c6d0 f   ClientSynch.obj
 0001:0000b700       ?OnLoopMsg@HookLoadingSaveGame@@YIXPAVcLoadingSaveGame@@HHPAUtLoopMessageData__@@@Z 1000c700 f   ClientSynch.obj
 0001:0000b7a0       ?ApplySettings@Config@@YAXXZ 1000c7a0 f   Config.obj
 0001:0000b7f0       ?GetSettings@Config@@YAXXZ 1000c7f0 f   Config.obj
 0001:0000be00       ?Reload@Config@@YAXXZ      1000ce00 f   Config.obj
 0001:0000be20       ?ConfigInit@@YAXXZ         1000ce20 f   Config.obj
 0001:0000be40       ?ConPrintF@@YAXPBDZZ       1000ce40 f   Console.obj
 0001:0000bf00       ?ConPrintEchoF@@YAXPBDZZ   1000cf00 f   Console.obj
 0001:0000bfa0       ?CmdAIPrediction@@YAXXZ    1000cfa0 f   Console.obj
 0001:0000bfb0       ?CmdClear@@YAXXZ           1000cfb0 f   Console.obj
 0001:0000bfc0       ?CmdNetStats@@YAXXZ        1000cfc0 f   Console.obj
 0001:0000bfd0       ?CmdVisStats@@YAXXZ        1000cfd0 f   Console.obj
 0001:0000bfe0       ?CmdObjPlayers@@YAXXZ      1000cfe0 f   Console.obj
 0001:0000c020       ?CmdSuicide@@YAXXZ         1000d020 f   Console.obj
 0001:0000c030       ?CmdSimTime@@YAXXZ         1000d030 f   Console.obj
 0001:0000c050       ?CmdSfxReset@@YAXXZ        1000d050 f   Console.obj
 0001:0000c070       ?CmdReload@@YAXXZ          1000d070 f   Console.obj
 0001:0000c090       ?CmdTeleport@@YAXPAD@Z     1000d090 f   Console.obj
 0001:0000c3a0       ?CmdTransMax@@YAXN@Z       1000d3a0 f   Console.obj
 0001:0000c3c0       ?CmdTransDistance@@YAXN@Z  1000d3c0 f   Console.obj
 0001:0000c3e0       ?CmdHelp@@YAXXZ            1000d3e0 f   Console.obj
 0001:0000c420       ?CmdObjHighlit@@YAXXZ      1000d420 f   Console.obj
 0001:0000c440       ?CmdTest@@YAXPAUsGhostRemote@@@Z 1000d440 f   Console.obj
 0001:0000c450       ?CmdObjectives@@YAXXZ      1000d450 f   Console.obj
 0001:0000c470       ?CmdNetState@@YAXXZ        1000d470 f   Console.obj
 0001:0000c4e0       ?CmdContainList@@YAXH@Z    1000d4e0 f   Console.obj
 0001:0000c570       ?CmdInvAdd@@YAXPBD@Z       1000d570 f   Console.obj
 0001:0000c5f0       ?CmdInvRem@@YAXH@Z         1000d5f0 f   Console.obj
 0001:0000c640       ?CmdSummonObj@@YAXPBD@Z    1000d640 f   Console.obj
 0001:0000c6a0       ?CmdObjDetails@@YAXH@Z     1000d6a0 f   Console.obj
 0001:0000ca60       ?CmdObjID@@YAXPBD@Z        1000da60 f   Console.obj
 0001:0000ca90       ?CmdQuestGet@@YAXPBD@Z     1000da90 f   Console.obj
 0001:0000cb10       ?CmdGhostList@@YAXXZ       1000db10 f   Console.obj
 0001:0000cbc0       ?CmdFindAll@@YAXPBD@Z      1000dbc0 f   Console.obj
 0001:0000cc60       ?CmdOpen@@YAXXZ            1000dc60 f   Console.obj
 0001:0000ccc0       ?CmdShowPlayers@@YAXXZ     1000dcc0 f   Console.obj
 0001:0000ccf0       ?InitNetCommands@@YAXXZ    1000dcf0 f   Console.obj
 0001:0000cd10       ?MainMenuBlistHook@@YIXPAVcDarkPanel@@HGH@Z 1000dd10 f   DarkPanels.obj
 0001:0000cdb0       ?DebriefBlistHook@@YIXPAVcDarkPanel@@HGH@Z 1000ddb0 f   DarkPanels.obj
 0001:0000cdf0       ?SimMenuBlistHook@@YIXPAVcDarkPanel@@HGH@Z 1000ddf0 f   DarkPanels.obj
 0001:0000cf40       ?DarkStatIntSet@@YAXPADH@Z 1000df40 f   DarkStat.obj
 0001:0000cfc0       ?DarkUIUtilsTerm@@YAXXZ    1000dfc0 f   DarkUIUtils.obj
 0001:0000d000       ?DarkUIUtilsInit@@YAXXZ    1000e000 f   DarkUIUtils.obj
 0001:0000d0b0       ?GetTextWidth@@YAMPAUgrs_font@@PBD@Z 1000e0b0 f   DarkUIUtils.obj
 0001:0000d100       ?TextDraw@@YAXPAUgrs_font@@HPBDHH@Z 1000e100 f   DarkUIUtils.obj
 0001:0000d160       ?TextDrawCentered@@YAXPAUgrs_font@@HPBDMM@Z 1000e160 f   DarkUIUtils.obj
 0001:0000d220       ?TextDraw@@YAXPAUgrs_font@@HPBDMM@Z 1000e220 f   DarkUIUtils.obj
 0001:0000d270       ?RestoreExceptionFilter@CDebugManager@@QAEXXZ 1000e270 f   Debug.obj
 0001:0000d290       ?SaveFlags@CDebugManager@@QAEXXZ 1000e290 f   Debug.obj
 0001:0000d2d0       ?ToggleFlag@CDebugManager@@QAEXI@Z 1000e2d0 f   Debug.obj
 0001:0000d2e0       ?ClearAllFlags@CDebugManager@@QAEXXZ 1000e2e0 f   Debug.obj
 0001:0000d2f0       ?ExceptFilter@CDebugManager@@KGJPAU_EXCEPTION_POINTERS@@@Z 1000e2f0 f   Debug.obj
 0001:0000d310       ?DebugInit@@YAXXZ          1000e310 f   Debug.obj
 0001:0000d350       ?SetExceptionFilter@CDebugManager@@QAEXXZ 1000e350 f   Debug.obj
 0001:0000d370       ?Difficulty_OnMeleeAttack@@YAXXZ 1000e370 f   Difficulty.obj
 0001:0000d3a0       ?Difficulty_GetAIAwarenessDelay@@YGHPAUIProperty@@HPAPAUsAIAwareDelay@@@Z 1000e3a0 f   Difficulty.obj
 0001:0000d440       ?Difficulty_SetAIAwarenessDelay@@YGHPAUIProperty@@HPAUsAIAwareDelay@@@Z 1000e440 f   Difficulty.obj
 0001:0000d490       ?AddRef@CDPWrapper@@UAGKXZ 1000e490 f   DP4Wrapper.obj
 0001:0000d4c0       ?Release@CDPWrapper@@UAGKXZ 1000e4c0 f   DP4Wrapper.obj
 0001:0000d4f0       ?QueryInterface@CDPWrapper@@UAGJABU_GUID@@PAPAX@Z 1000e4f0 f   DP4Wrapper.obj
 0001:0000d510       ?AddGroupToGroup@CDPWrapper@@UAGJKK@Z 1000e510 f   DP4Wrapper.obj
 0001:0000d530       ?AddPlayerToGroup@CDPWrapper@@UAGJKK@Z 1000e530 f   DP4Wrapper.obj
 0001:0000d550       ?CancelMessage@CDPWrapper@@UAGJKK@Z 1000e550 f   DP4Wrapper.obj
 0001:0000d570       ?CancelPriority@CDPWrapper@@UAGJKKK@Z 1000e570 f   DP4Wrapper.obj
 0001:0000d590       ?Close@CDPWrapper@@UAGJXZ  1000e590 f   DP4Wrapper.obj
 0001:0000d5c0       ?CreateGroup@CDPWrapper@@UAGJPAKPAUDPNAME@@PAXKK@Z 1000e5c0 f   DP4Wrapper.obj
 0001:0000d5e0       ?CreateGroupInGroup@CDPWrapper@@UAGJKPAKPAUDPNAME@@PAXKK@Z 1000e5e0 f   DP4Wrapper.obj
 0001:0000d600       ?CreatePlayer@CDPWrapper@@UAGJPAKPAUDPNAME@@PAX2KK@Z 1000e600 f   DP4Wrapper.obj
 0001:0000d6a0       ?DeleteGroupFromGroup@CDPWrapper@@UAGJKK@Z 1000e6a0 f   DP4Wrapper.obj
 0001:0000d6c0       ?DeletePlayerFromGroup@CDPWrapper@@UAGJKK@Z 1000e6c0 f   DP4Wrapper.obj
 0001:0000d6e0       ?DestroyGroup@CDPWrapper@@UAGJK@Z 1000e6e0 f   DP4Wrapper.obj
 0001:0000d700       ?DestroyPlayer@CDPWrapper@@UAGJK@Z 1000e700 f   DP4Wrapper.obj
 0001:0000d710       ?EnumConnections@CDPWrapper@@UAGJPBU_GUID@@P6GH0PAXKPBUDPNAME@@K1@Z1K@Z 1000e710 f   DP4Wrapper.obj
 0001:0000d730       ?EnumGroupPlayers@CDPWrapper@@UAGJKPAU_GUID@@P6GHKKPBUDPNAME@@KPAX@Z2K@Z 1000e730 f   DP4Wrapper.obj
 0001:0000d750       ?EnumGroups@CDPWrapper@@UAGJPAU_GUID@@P6GHKKPBUDPNAME@@KPAX@Z2K@Z 1000e750 f   DP4Wrapper.obj
 0001:0000d770       ?EnumGroupsInGroup@CDPWrapper@@UAGJKPAU_GUID@@P6GHKKPBUDPNAME@@KPAX@Z2K@Z 1000e770 f   DP4Wrapper.obj
 0001:0000d790       ?EnumPlayers@CDPWrapper@@UAGJPAU_GUID@@P6GHKKPBUDPNAME@@KPAX@Z2K@Z 1000e790 f   DP4Wrapper.obj
 0001:0000d920       ?EnumSessions@CDPWrapper@@UAGJPAUDPSESSIONDESC2@@KP6GHPBU2@PAKKPAX@Z3K@Z 1000e920 f   DP4Wrapper.obj
 0001:0000d930       ?GetCaps@CDPWrapper@@UAGJPAUDPCAPS@@K@Z 1000e930 f   DP4Wrapper.obj
 0001:0000d950       ?GetGroupConnectionSettings@CDPWrapper@@UAGJKKPAXPAK@Z 1000e950 f   DP4Wrapper.obj
 0001:0000d970       ?GetGroupData@CDPWrapper@@UAGJKPAXPAKK@Z 1000e970 f   DP4Wrapper.obj
 0001:0000d990       ?GetGroupFlags@CDPWrapper@@UAGJKPAK@Z 1000e990 f   DP4Wrapper.obj
 0001:0000d9b0       ?GetGroupName@CDPWrapper@@UAGJKPAXPAK@Z 1000e9b0 f   DP4Wrapper.obj
 0001:0000d9d0       ?GetGroupOwner@CDPWrapper@@UAGJKPAK@Z 1000e9d0 f   DP4Wrapper.obj
 0001:0000d9f0       ?GetGroupParent@CDPWrapper@@UAGJKPAK@Z 1000e9f0 f   DP4Wrapper.obj
 0001:0000da10       ?GetMessageCount@CDPWrapper@@UAGJKPAK@Z 1000ea10 f   DP4Wrapper.obj
 0001:0000da30       ?GetMessageQueue@CDPWrapper@@UAGJKKKPAK0@Z 1000ea30 f   DP4Wrapper.obj
 0001:0000da50       ?GetPlayerAccount@CDPWrapper@@UAGJKKPAXPAK@Z 1000ea50 f   DP4Wrapper.obj
 0001:0000da70       ?GetPlayerAddress@CDPWrapper@@UAGJKPAXPAK@Z 1000ea70 f   DP4Wrapper.obj
 0001:0000da80       ?GetPlayerCaps@CDPWrapper@@UAGJKPAUDPCAPS@@K@Z 1000ea80 f   DP4Wrapper.obj
 0001:0000daa0       ?GetPlayerFlags@CDPWrapper@@UAGJKPAK@Z 1000eaa0 f   DP4Wrapper.obj
 0001:0000dac0       ?GetPlayerName@CDPWrapper@@UAGJKPAXPAK@Z 1000eac0 f   DP4Wrapper.obj
 0001:0000dae0       ?GetSessionDesc@CDPWrapper@@UAGJPAXPAK@Z 1000eae0 f   DP4Wrapper.obj
 0001:0000db00       ?Initialize@CDPWrapper@@UAGJPAU_GUID@@@Z 1000eb00 f   DP4Wrapper.obj
 0001:0000db20       ?InitializeConnection@CDPWrapper@@UAGJPAXK@Z 1000eb20 f   DP4Wrapper.obj
 0001:0000db30       ?Open@CDPWrapper@@UAGJPAUDPSESSIONDESC2@@K@Z 1000eb30 f   DP4Wrapper.obj
 0001:0000dbe0       ?SecureOpen@CDPWrapper@@UAGJPBUDPSESSIONDESC2@@KPBUDPSECURITYDESC@@PBUDPCREDENTIALS@@@Z 1000ebe0 f   DP4Wrapper.obj
 0001:0000dc00       ?Send@CDPWrapper@@UAGJKKKPAXK@Z 1000ec00 f   DP4Wrapper.obj
 0001:0000dc20       ?SendChatMessage@CDPWrapper@@UAGJKKKPAUDPCHAT@@@Z 1000ec20 f   DP4Wrapper.obj
 0001:0000dc40       ?SendEx@CDPWrapper@@UAGJKKKPAXKKK0PAK@Z 1000ec40 f   DP4Wrapper.obj
 0001:0000dc70       ?SetGroupConnectionSettings@CDPWrapper@@UAGJKKPAUDPLCONNECTION@@@Z 1000ec70 f   DP4Wrapper.obj
 0001:0000dc90       ?SetGroupData@CDPWrapper@@UAGJKPAXKK@Z 1000ec90 f   DP4Wrapper.obj
 0001:0000dcb0       ?SetGroupName@CDPWrapper@@UAGJKPAUDPNAME@@K@Z 1000ecb0 f   DP4Wrapper.obj
 0001:0000dcd0       ?SetGroupOwner@CDPWrapper@@UAGJKK@Z 1000ecd0 f   DP4Wrapper.obj
 0001:0000dcf0       ?SetPlayerName@CDPWrapper@@UAGJKPAUDPNAME@@K@Z 1000ecf0 f   DP4Wrapper.obj
 0001:0000dd10       ?SetSessionDesc@CDPWrapper@@UAGJPAUDPSESSIONDESC2@@K@Z 1000ed10 f   DP4Wrapper.obj
 0001:0000dd30       ?StartSession@CDPWrapper@@UAGJKK@Z 1000ed30 f   DP4Wrapper.obj
 0001:0000dd50       ?WrapperTerm@@YAXXZ        1000ed50 f   DP4Wrapper.obj
 0001:0000dd70       ?Receive@CDPWrapper@@UAGJPAK0KPAX0@Z 1000ed70 f   DP4Wrapper.obj
 0001:0000deb0       ?FakeCoCreateInstance@@YGJABU_GUID@@PAUIUnknown@@K0PAPAX@Z 1000eeb0 f   DP4Wrapper.obj
 0001:0000df40       ?GetPlayerData@CDPWrapper@@UAGJKPAXPAKK@Z 1000ef40 f   DP4Wrapper.obj
 0001:0000dfd0       ?SetPlayerData@CDPWrapper@@UAGJKPAXKK@Z 1000efd0 f   DP4Wrapper.obj
 0001:0000e070       ?DoResize@cDABaseSrvFns@@SAHPAPAXII@Z 1000f070 f   DynArray.obj
 0001:0000e0f0       ?CollisionResolverHook@@YGXPBUtSpringInfo@@K@Z 1000f0f0 f   ErrorHanding.obj
 0001:0000e170       ?ObjectAnglesFuncHook@@YAXH@Z 1000f170 f   ErrorHanding.obj
 0001:0000e1a0       ?LoopSampleCallbackHook@@YAXKH@Z 1000f1a0 f   ErrorHanding.obj
 0001:0000e230       ?PropSndEnterCBHook@@YIHPAVcPropSndInstHigh@@HPBVcRoom@@PBVcRoomPortal@@ABUmxs_vector@@M@Z 1000f230 f   ErrorHanding.obj
 0001:0000e2f0       ?SpeechEndCallbackHook@@YAXHHH@Z 1000f2f0 f   ErrorHanding.obj
 0001:0000e390       ?mx_sub_vec_safe@@YAXPAUmxs_vector@@PBU1@1@Z 1000f390 f   ErrorHanding.obj
 0001:0000e3f0       ?mx_dist_vec_safe@@YAMPAUmxs_vector@@0@Z 1000f3f0 f   ErrorHanding.obj
 0001:0000e460       ?CellBinComputeFuncHook@@YAHHKK@Z 1000f460 f   ErrorHanding.obj
 0001:0000e4a0       ?OnCollideEvent@@YGHHHHMPAVcPhysClsn@@@Z 1000f4a0 f   ErrorHanding.obj
 0001:0000e520       ?ValidateScriptModules@@YAXXZ 1000f520 f   FileHash.obj
 0001:0000e5b0       ?GetGamesysCrc@CGamesysManager@@QAEKXZ 1000f5b0 f   Gamesys.obj
 0001:0000e5c0       ?EventHandler@CGamesysManager@@UAEXHPAX@Z 1000f5c0 f   Gamesys.obj
 0001:0000e5f0       ?GamesysInit@@YAXXZ        1000f5f0 f   Gamesys.obj
 0001:0000e600       ?GamesysTerm@@YAXXZ        1000f600 f   Gamesys.obj
 0001:0000e610       ?Clear@?$SimpleQueue@D@@QAEXXZ 1000f610 f i ConsoleGUI.obj
 0001:0000e610       ?Clear@?$SimpleQueue@H@@QAEXXZ 1000f610 f i Gamesys.obj
 0001:0000e610       ?Clear@?$SimpleQueue@UNetMessage@@@@QAEXXZ 1000f610 f i DarkPeer.obj
 0001:0000e650       ?CacheArchetype@CGamesysManager@@QAEXAAHPBD@Z 1000f650 f   Gamesys.obj
 0001:0000e6c0       ?CreateNewArchetype@CGamesysManager@@QAEHHPBD@Z 1000f6c0 f   Gamesys.obj
 0001:0000e750       ?AvatarWeaponsTerm@CGamesysManager@@QAEXXZ 1000f750 f   Gamesys.obj
 0001:0000e7e0       ?FakeLootInit@CGamesysManager@@QAEXXZ 1000f7e0 f   Gamesys.obj
 0001:0000e850       ?CreateBaseAvatar@CGamesysManager@@QAEXXZ 1000f850 f   Gamesys.obj
 0001:0000ea10       ?CreateDerivedAvatars@CGamesysManager@@QAEXXZ 1000fa10 f   Gamesys.obj
 0001:0000ea90       ??1?$SimpleQueue@D@@QAE@XZ 1000fa90 f i ConsoleGUI.obj
 0001:0000ea90       ??1?$SimpleQueue@UNetMessage@@@@QAE@XZ 1000fa90 f i DarkPeer.obj
 0001:0000ea90       ??1?$SimpleQueue@H@@QAE@XZ 1000fa90 f i Gamesys.obj
 0001:0000eaa0       ?_Lrotate@?$_Tree@V?$_Tmap_traits@HHU?$less@H@std@@V?$allocator@U?$pair@$$CBHH@std@@@2@$0A@@std@@@std@@IAEXPAU_Node@?$_Tree_nod@V?$_Tmap_traits@HHU?$less@H@std@@V?$allocator@U?$pair@$$CBHH@std@@@2@$0A@@std@@@2@@Z 1000faa0 f i Gamesys.obj
 0001:0000eaa0       ?_Lrotate@?$_Tree@V?$_Tmap_traits@KPAUDP4Data@@U?$less@K@std@@V?$allocator@U?$pair@$$CBKPAUDP4Data@@@std@@@3@$0A@@std@@@std@@IAEXPAU_Node@?$_Tree_nod@V?$_Tmap_traits@KPAUDP4Data@@U?$less@K@std@@V?$allocator@U?$pair@$$CBKPAUDP4Data@@@std@@@3@$0A@@std@@@2@@Z 1000faa0 f i DarkPeer.obj
 0001:0000eaf0       ?_Rrotate@?$_Tree@V?$_Tmap_traits@HHU?$less@H@std@@V?$allocator@U?$pair@$$CBHH@std@@@2@$0A@@std@@@std@@IAEXPAU_Node@?$_Tree_nod@V?$_Tmap_traits@HHU?$less@H@std@@V?$allocator@U?$pair@$$CBHH@std@@@2@$0A@@std@@@2@@Z 1000faf0 f i Gamesys.obj
 0001:0000eaf0       ?_Rrotate@?$_Tree@V?$_Tmap_traits@KPAUDP4Data@@U?$less@K@std@@V?$allocator@U?$pair@$$CBKPAUDP4Data@@@std@@@3@$0A@@std@@@std@@IAEXPAU_Node@?$_Tree_nod@V?$_Tmap_traits@KPAUDP4Data@@U?$less@K@std@@V?$allocator@U?$pair@$$CBKPAUDP4Data@@@std@@@3@$0A@@std@@@2@@Z 1000faf0 f i DarkPeer.obj
 0001:0000eb50       ?_Inc@const_iterator@?$_Tree@V?$_Tmap_traits@KPAUDP4Data@@U?$less@K@std@@V?$allocator@U?$pair@$$CBKPAUDP4Data@@@std@@@3@$0A@@std@@@std@@QAEXXZ 1000fb50 f i DarkPeer.obj
 0001:0000eb50       ?_Inc@const_iterator@?$_Tree@V?$_Tmap_traits@HHU?$less@H@std@@V?$allocator@U?$pair@$$CBHH@std@@@2@$0A@@std@@@std@@QAEXXZ 1000fb50 f i Gamesys.obj
 0001:0000ebc0       ?AvatarWeaponsInit@CGamesysManager@@QAEXXZ 1000fbc0 f   Gamesys.obj
 0001:0000ed70       ?erase@?$_Tree@V?$_Tmap_traits@HHU?$less@H@std@@V?$allocator@U?$pair@$$CBHH@std@@@2@$0A@@std@@@std@@QAE?AViterator@12@Vconst_iterator@12@@Z 1000fd70 f i Gamesys.obj
 0001:0000ed70       ?erase@?$_Tree@V?$_Tmap_traits@KPAUDP4Data@@U?$less@K@std@@V?$allocator@U?$pair@$$CBKPAUDP4Data@@@std@@@3@$0A@@std@@@std@@QAE?AViterator@12@Vconst_iterator@12@@Z 1000fd70 f i DarkPeer.obj
 0001:0000f040       ?insert@?$_Tree@V?$_Tmap_traits@HHU?$less@H@std@@V?$allocator@U?$pair@$$CBHH@std@@@2@$0A@@std@@@std@@QAE?AU?$pair@Viterator@?$_Tree@V?$_Tmap_traits@HHU?$less@H@std@@V?$allocator@U?$pair@$$CBHH@std@@@2@$0A@@std@@@std@@_N@2@ABU?$pair@$$CBHH@2@@Z 10010040 f i Gamesys.obj
 0001:0000f130       ?erase@?$_Tree@V?$_Tmap_traits@KPAUDP4Data@@U?$less@K@std@@V?$allocator@U?$pair@$$CBKPAUDP4Data@@@std@@@3@$0A@@std@@@std@@QAE?AViterator@12@Vconst_iterator@12@0@Z 10010130 f i DarkPeer.obj
 0001:0000f130       ?erase@?$_Tree@V?$_Tmap_traits@HHU?$less@H@std@@V?$allocator@U?$pair@$$CBHH@std@@@2@$0A@@std@@@std@@QAE?AViterator@12@Vconst_iterator@12@0@Z 10010130 f i Gamesys.obj
 0001:0000f210       ?LocalToPickupProjectile@CGamesysManager@@QAEHH@Z 10010210 f   Gamesys.obj
 0001:0000f2b0       ?find@?$_Tree@V?$_Tmap_traits@HHU?$less@H@std@@V?$allocator@U?$pair@$$CBHH@std@@@2@$0A@@std@@@std@@QAE?AViterator@12@ABH@Z 100102b0 f i Gamesys.obj
 0001:0000f340       ?insert@?$_Tree@V?$_Tmap_traits@HHU?$less@H@std@@V?$allocator@U?$pair@$$CBHH@std@@@2@$0A@@std@@@std@@QAE?AViterator@12@Vconst_iterator@12@ABU?$pair@$$CBHH@2@@Z 10010340 f i Gamesys.obj
 0001:0000f520       ?PickupToLocalProjectile@CGamesysManager@@QAEHH@Z 10010520 f   Gamesys.obj
 0001:0000f590       ??A?$map@HHU?$less@H@std@@V?$allocator@U?$pair@$$CBHH@std@@@2@@std@@QAEAAHABH@Z 10010590 f i Gamesys.obj
 0001:0000f640       ??1?$_Tree@V?$_Tmap_traits@KPAUDP4Data@@U?$less@K@std@@V?$allocator@U?$pair@$$CBKPAUDP4Data@@@std@@@3@$0A@@std@@@std@@QAE@XZ 10010640 f i DarkPeer.obj
 0001:0000f640       ??1?$_Tree@V?$_Tmap_traits@HHU?$less@H@std@@V?$allocator@U?$pair@$$CBHH@std@@@2@$0A@@std@@@std@@QAE@XZ 10010640 f i Gamesys.obj
 0001:0000f6b0       ?CreateProjectilePickups@CGamesysManager@@QAEXXZ 100106b0 f   Gamesys.obj
 0001:0000f8b0       ?InitializeArchCache@CGamesysManager@@QAEXK@Z 100108b0 f   Gamesys.obj
 0001:00010070       ?GhostHeartbeatFrequencyMax@@YAHPAUsGhostLocal@@PAUsGhostPos@@@Z 10011070 f   Ghost.obj
 0001:00010080       ?IsNewPacketNeededHook@@YGHPAUsGhostLocal@@PAUsGhostPos@@@Z 10011080 f   Ghost.obj
 0001:000100f0       ?OnGhostJumpOff@@YGXH@Z    100110f0 f   Ghost.obj
 0001:00010190       ?GhostAllowedToBuildModels@@YAHPAUsGhostRemote@@@Z 10011190 f   Ghost.obj
 0001:000101d0       ?UpdateGhostPrediction@@YAXPAUsGhostRemote@@M@Z 100111d0 f   Ghost.obj
 0001:00010240       ?GhostPerFrameModeUpdate@@YA_NPAUsGhostRemote@@@Z 10011240 f   Ghost.obj
 0001:000102a0       ?MocapRunMe@@YAXPAUsGhostRemote@@PAD@Z 100112a0 f   Ghost.obj
 0001:00010300       ?_GhostConfigureRemoteModels@@YAXPAUsGhostRemote@@@Z 10011300 f   Ghost.obj
 0001:00010360       ?GhostFrameProcessRemote@@YAXPAUsGhostRemote@@M@Z 10011360 f   Ghost.obj
 0001:00010400       ?GhostAttachWeapon@@YAXHD@Z 10011400 f   Ghost.obj
 0001:000105c0       ?IsUpdateNeeded@@YA_NH@Z   100115c0 f   Ghost.obj
 0001:00010680       ?GhostFrameProcessLocal@@YAXPAUsGhostLocal@@M@Z 10011680 f   Ghost.obj
 0001:00010800       ?InitHook@@YAXXZ           10011800 f   Init.obj
 0001:00010830       ?InitGame@@YAXXZ           10011830 f   Init.obj
 0001:00010850       ?TermGame@@YAXXZ           10011850 f   Init.obj
 0001:00010870       ?ShutdownHook@@YAXXZ       10011870 f   Init.obj
 0001:00010890       ?IsSimTimePassing@@YA_NXZ  10011890 f   LG.obj
 0001:000108b0       ?ForceFinishBowAttack@@YAX_N@Z 100118b0 f   LG.obj
 0001:00010910       ?Append@cAnsiStr@@QAEXHPBD@Z 10011910 f   LG.obj
 0001:00010920       ?QueryInterface@IUnknownImpl@@EAGJABU_GUID@@PAPAX@Z 10011920 f   LG.obj
 0001:00010940       ?AddRef@IUnknownImpl@@EAGKXZ 10011940 f   LG.obj
 0001:00010950       ?Release@IUnknownImpl@@EAGKXZ 10011950 f   LG.obj
 0001:00010970       ?PlayerNum@cAvatar@@UAGKXZ 10011970 f   LG.obj
 0001:00010980       ?PlayerObjID@cAvatar@@UAGHXZ 10011980 f   LG.obj
 0001:00010990       ?WriteTagInfo@cAvatar@@UAGXPAUITagFile@@@Z 10011990 f   LG.obj
 0001:000109c0       ?DestroyArrowObject@@YAXXZ 100119c0 f   LG.obj
 0001:000109e0       ?NewUpdateBowAttack@@YGXXZ 100119e0 f   LG.obj
 0001:00010c20       ?FreeStr@cAnsiStr@@QAEXPAD@Z 10011c20 f   LG.obj
 0001:00010c40       ??0cAvatar@@QAE@HK@Z       10011c40 f   LG.obj
 0001:00010c60       ?SimulationLoopHook@@YGHKW4eLoopMsgType@@PAUtLoopMessageData__@@@Z 10011c60 f   LoopClients.obj
 0001:00010ca0       ?RenderLoopHook@@YGHKW4eLoopMsgType@@PAUtLoopMessageData__@@@Z 10011ca0 f   LoopClients.obj
 0001:00010d90       ?SimLoopClientHook@@YGHKW4eLoopMsgType@@PAUtLoopMessageData__@@@Z 10011d90 f   LoopClients.obj
 0001:00010e20       ?GameModeLoopClientHook@@YGHKW4eLoopMsgType@@PAUtLoopMessageData__@@@Z 10011e20 f   LoopClients.obj
 0001:00010e90       ?ObjSysLoopClientHook@@YGHKW4eLoopMsgType@@PAUtLoopMessageData__@@@Z 10011e90 f   LoopClients.obj
 0001:00010f10       _DllMain@12                10011f10 f   Main.obj
 0001:00010f80       ?PumpEventsHook@@YGXPAKHW4eWinPumpDuration@@@Z 10011f80 f   Main.obj
 0001:00010fc0       ??0Message@@QAE@PBDM@Z     10011fc0 f   MessageManager.obj
 0001:00011020       ?Shutdown@MessageMgr@@SAXXZ 10012020 f   MessageManager.obj
 0001:00011040       ?EnableRendering@MessageMgr@@QAEX_N@Z 10012040 f   MessageManager.obj
 0001:00011040       ?SetEnabled@DialogElement@@QAEX_N@Z 10012040 f   DialogElement.obj
 0001:00011050       ??_GMessage@@UAEPAXI@Z     10012050 f i MessageManager.obj
 0001:00011050       ??_EMessage@@UAEPAXI@Z     10012050 f i MessageManager.obj
 0001:00011080       ?DrawInput@MessageMgr@@QAEXXZ 10012080 f   MessageManager.obj
 0001:00011260       ?_Buynode@?$list@PAVHistoryItem@@V?$allocator@PAVHistoryItem@@@std@@@std@@IAEPAU_Node@?$_List_nod@PAVHistoryItem@@V?$allocator@PAVHistoryItem@@@std@@@2@XZ 10012260 f i ConsoleGUI.obj
 0001:00011260       ?_Buynode@?$list@PAVMessage@@V?$allocator@PAVMessage@@@std@@@std@@IAEPAU_Node@?$_List_nod@PAVMessage@@V?$allocator@PAVMessage@@@std@@@2@XZ 10012260 f i MessageManager.obj
 0001:00011260       ?_Buynode@?$list@PAVCServerListEntry@@V?$allocator@PAVCServerListEntry@@@std@@@std@@IAEPAU_Node@?$_List_nod@PAVCServerListEntry@@V?$allocator@PAVCServerListEntry@@@std@@@2@XZ 10012260 f i ServerBrowser.obj
 0001:00011280       ?_Tidy@?$list@PAVCServerListEntry@@V?$allocator@PAVCServerListEntry@@@std@@@std@@IAEXXZ 10012280 f i ServerBrowser.obj
 0001:00011280       ?_Tidy@?$list@PAVMessage@@V?$allocator@PAVMessage@@@std@@@std@@IAEXXZ 10012280 f i MessageManager.obj
 0001:00011280       ?_Tidy@?$list@PAVHistoryItem@@V?$allocator@PAVHistoryItem@@@std@@@std@@IAEXXZ 10012280 f i ConsoleGUI.obj
 0001:000112d0       ?front@?$list@PAVMessage@@V?$allocator@PAVMessage@@@std@@@std@@QAEAAPAVMessage@@XZ 100122d0 f i MessageManager.obj
 0001:00011300       ?ClearMessages@MessageMgr@@QAEXXZ 10012300 f   MessageManager.obj
 0001:000113a0       ??1?$list@PAVMessage@@V?$allocator@PAVMessage@@@std@@@std@@QAE@XZ 100123a0 f i MessageManager.obj
 0001:000113a0       ??1?$list@PAVHistoryItem@@V?$allocator@PAVHistoryItem@@@std@@@std@@QAE@XZ 100123a0 f i ConsoleGUI.obj
 0001:000113c0       ??1MessageMgr@@UAE@XZ      100123c0 f   MessageManager.obj
 0001:00011430       ?DeleteTopmost@MessageMgr@@IAEXXZ 10012430 f   MessageManager.obj
 0001:00011490       ?Update@MessageMgr@@QAEXXZ 10012490 f   MessageManager.obj
 0001:00011730       ??0?$list@PAVMessage@@V?$allocator@PAVMessage@@@std@@@std@@QAE@XZ 10012730 f i MessageManager.obj
 0001:00011730       ??0?$list@PAVCServerListEntry@@V?$allocator@PAVCServerListEntry@@@std@@@std@@QAE@XZ 10012730 f i ServerBrowser.obj
 0001:00011730       ??0?$list@PAVHistoryItem@@V?$allocator@PAVHistoryItem@@@std@@@std@@QAE@XZ 10012730 f i ConsoleGUI.obj
 0001:00011790       ??0MessageMgr@@QAE@XZ      10012790 f   MessageManager.obj
 0001:000117f0       ??_EMessageMgr@@UAEPAXI@Z  100127f0 f i MessageManager.obj
 0001:000117f0       ??_GMessageMgr@@UAEPAXI@Z  100127f0 f i MessageManager.obj
 0001:00011810       ?Get@MessageMgr@@SAPAV1@XZ 10012810 f   MessageManager.obj
 0001:00011880       ?AddLine@MessageMgr@@QAEX_NPBD@Z 10012880 f   MessageManager.obj
 0001:00011970       ?AddLineFormat@MessageMgr@@QAAX_NPBDZZ 10012970 f   MessageManager.obj
 0001:000119c0       ?PatchPropDescs@@YAXXZ     100129c0 f   NetProperties.obj
 0001:00011a20       ?NetPropertiesInit@@YAXXZ  10012a20 f   NetProperties.obj
 0001:00011a40       ?NetPropertiesTerm@@YAXXZ  10012a40 f   NetProperties.obj
 0001:00011a50       ?GetNetworkedReaction@@YAPAUNetworkableReactionInfo@@K@Z 10012a50 f   NetReactions.obj
 0001:00011aa0       ?PostReactionMessage@@YAXKPAUsReactionEvent@@PAUsReactionParam@@@Z 10012aa0 f   NetReactions.obj
 0001:00011b90       ?FilterFrobObjectReactionHandler@@YGKPAUsReactionEvent@@PBUsReactionParam@@PAX@Z 10012b90 f   NetReactions.obj
 0001:00011c20       ?FilterKnockoutReaction@@YG_NKPAUsReactionEvent@@PBUsReactionParam@@PAX@Z 10012c20 f   NetReactions.obj
 0001:00011cf0       ?PatchVtable@@YAXHZZ       10012cf0 f   Patcher.obj
 0001:00011d10       ?InstallCallbacks@@YAXXZ   10012d10 f   Patcher.obj
 0001:00011eb0       ?PatcherInit@@YAXXZ        10012eb0 f   Patcher.obj
 0001:00011f00       ?PlayerCreateHook@@YAXHH@Z 10012f00 f   Player.obj
 0001:00011f10       ?ThrowCreatureHook@@YAXHHMKKKK@Z 10012f10 f   Player.obj
 0001:00011f60       ?SendSetWeapon@@YAXH@Z     10012f60 f   Player.obj
 0001:00011ff0       ?EquipBowHook@@YGXHHH@Z    10012ff0 f   Player.obj
 0001:00012020       ?UnEquipBowHook@@YGXH@Z    10013020 f   Player.obj
 0001:00012070       ?LaunchProjectileHook@@YAHHHMKKKK@Z 10013070 f   Player.obj
 0001:00012160       ?ForceActivateLoadoutCache@@YAXH@Z 10013160 f   Player.obj
 0001:000121d0       ?MPPlayerCreate@@YAXXZ     100131d0 f   Player.obj
 0001:000124a0       ?SendLoadMsg@SaveManager@@QAEXXZ 100134a0 f   SaveManager.obj
 0001:000124d0       ?SendSaveMsg@SaveManager@@QAEXH@Z 100134d0 f   SaveManager.obj
 0001:00012510       ?SetLastSlot@SaveManager@@QAEXH@Z 10013510 f   SaveManager.obj
 0001:00012520       ?DoNetworkLoad@SaveManager@@QAEXH@Z 10013520 f   SaveManager.obj
 0001:000125d0       ?EventHandler@SaveManager@@UAEXHPAX@Z 100135d0 f   SaveManager.obj
 0001:00012600       ?SaveManagerTerm@@YAXXZ    10013600 f   SaveManager.obj
 0001:00012620       ??_ESaveManager@@UAEPAXI@Z 10013620 f i SaveManager.obj
 0001:00012620       ??_GSaveManager@@UAEPAXI@Z 10013620 f i SaveManager.obj
 0001:00012650       ?DoNetworkSave@SaveManager@@QAEXH@Z 10013650 f   SaveManager.obj
 0001:00012850       ?OnLoadRemoteGhosts@SaveManager@@IAEXPAVTagFileRead@@K@Z 10013850 f   SaveManager.obj
 0001:000128d0       ?OnSaveRemoteGhosts@SaveManager@@IAEXPAVTagFileWrite@@K@Z 100138d0 f   SaveManager.obj
 0001:00012b00       ?HookQuickSave@SaveManager@@SGXXZ 10013b00 f   SaveManager.obj
 0001:00012b60       ?HookQuickLoad@SaveManager@@SGXXZ 10013b60 f   SaveManager.obj
 0001:00012ba0       ?HookLoadRemoteGhosts@SaveManager@@SGXPAVTagFileRead@@K@Z 10013ba0 f   SaveManager.obj
 0001:00012bb0       ?HookSaveRemoteGhosts@SaveManager@@SAXPAVTagFileWrite@@K@Z 10013bb0 f   SaveManager.obj
 0001:00012bd0       ?SaveManagerInit@@YAXXZ    10013bd0 f   SaveManager.obj
 0001:00012c50       ?SchemaPlayAtObj@@YAXHH@Z  10013c50 f   Sound.obj
 0001:00012ca0       ?SchemaIDPlay@@YAPAUsSchemaPlay@@HPAUsSchemaCallParams@@PAX@Z 10013ca0 f   Sound.obj
 0001:00012dc0       ?NetSchemaPlaySample@@YAPAUsSchemaPlay@@HHPAUsSchemaCallParams@@PAX@Z 10013dc0 f   Sound.obj
 0001:00012eb0       ?DoEquipSound@@YAXPAUsGhostRemote@@@Z 10013eb0 f   Sound.obj
 0001:00012f40       ?DoUnequipSound@@YAXPAUsGhostRemote@@@Z 10013f40 f   Sound.obj
 0001:00012fd0       ?OnGenerateSoundVec@@YGHPAUmxs_vector@@HHPADMPAUsfx_parm@@HH@Z 10013fd0 f   Sound.obj
 0001:00013090       ?OnGenerateSoundObj@@YGHHHPADMPAUsfx_parm@@HH@Z 10014090 f   Sound.obj
 0001:00013150       ?OnGenerateSound@@YGHHPADPAUsfx_parm@@@Z 10014150 f   Sound.obj
 0001:00013200       ?OnSpeechHalt@@YAXH@Z      10014200 f   Sound.obj
 0001:00013320       ?SpeechBroadcast@@YAXAAVCNetMsg_AiSpeech@@@Z 10014320 f   SpeechNet.obj
 0001:00013350       ?GetAIVoice@@YAHH@Z        10014350 f   SpeechNet.obj
 0001:000133d0       ?PrintSpeechDebug@@YAXHHHHPBULabel@@_N@Z 100143d0 f   SpeechNet.obj
 0001:00013430       ?SpeechNetHandler@@YAXH_NPBUsSchemaCallParams@@@Z 10014430 f   SpeechNet.obj
 0001:00013550       ?LogPrintCallback@@YAXPAX@Z 10014550 f   Tools.obj
 0001:00013560       ?DebugStringHook@@YGXPBD@Z 10014560 f   Tools.obj
 0001:00013570       ?DPlayErrorToString@@YAPBDJ@Z 10014570 f   Tools.obj
 0001:00013760       ?MissionNumToMap@@YAHH@Z   10014760 f   Tools.obj
 0001:00013780       ?GetNumChainedEvents@@YAHPAUsChainedEvent@@@Z 10014780 f   Tools.obj
 0001:000137a0       ?PrintEventChain@@YAXPAUsChainedEvent@@@Z 100147a0 f   Tools.obj
 0001:000137f0       ?GetScreenMode@@YA?AUsScreenMode@@XZ 100147f0 f   Tools.obj
 0001:00013810       ?GetScreenRect@@YA?AURect@@XZ 10014810 f   Tools.obj
 0001:00013850       ?TimeString@@YA?AVNString@@H@Z 10014850 f   Tools.obj
 0001:00013920       ?SetFrobHandler@@YAXHW4eFrobHandler@@@Z 10014920 f   Tools.obj
 0001:00013940       ?SummonObject@@YAHH@Z      10014940 f   Tools.obj
 0001:000139b0       ?GetMissionName@@YA_NHPADH@Z 100149b0 f   Tools.obj
 0001:00013a60       ?PhysModelFromObj@@YAPAVcPhysModel@@H@Z 10014a60 f   Tools.obj
 0001:00013aa0       ?ObjHasScript@@YA_NHPBD@Z  10014aa0 f   Tools.obj
 0001:00013b00       ?ProxyFrobGetInverse@@YAHH@Z 10014b00 f   Tools.obj
 0001:00013b90       ?GetMissionName@@YA?AVcAnsiStr@@H@Z 10014b90 f   Tools.obj
 0001:00013c30       ?GS_OnReceive@@YAXPAUIGSClient@@PAEK@Z 10014c30 f   GlobalServer.obj
 0001:00013ce0       ?GS_OnConnectionLost@@YAXPAUIGSClient@@@Z 10014ce0 f   GlobalServer.obj
 0001:00013d00       ?GS_OnConnectComplete@@YAXPAUIGSClient@@W4ConnectResult@1@@Z 10014d00 f   GlobalServer.obj
 0001:00013d20       ?GetServers@CServerList@@QAEAAV?$list@PAVCServerListEntry@@V?$allocator@PAVCServerListEntry@@@std@@@std@@XZ 10014d20 f   GlobalServer.obj
 0001:00013d30       ?GS_SendHeartbeat@@YAXPAUIGSClient@@@Z 10014d30 f   GlobalServer.obj
 0001:00013e60       ?Marshal@Msg_DarkHeartbeat@@QAEXPAVCMarshalBuffer@@@Z 10014e60 f   Msg_Dark.obj
 0001:00013ed0       ?Unmarshal@Msg_DarkServerInfo@@QAEXPAVCMarshalBuffer@@@Z 10014ed0 f   Msg_Dark.obj
 0001:00013f40       ?ConnectToGlobal@CServerBrowser@@QAEXXZ 10014f40 f   ServerBrowser.obj
 0001:00013fc0       ?BrowserTerm@@YAXXZ        10014fc0 f   ServerBrowser.obj
 0001:00013fe0       ?HandlePingResponse@CServerBrowser@@UAEXPAX@Z 10014fe0 f   ServerBrowser.obj
 0001:00014100       ?UpdateServerCount@CServerBrowser@@QAEXXZ 10015100 f   ServerBrowser.obj
 0001:00014180       ?HandleRemoveServer@CServerBrowser@@UAEXPAXK@Z 10015180 f   ServerBrowser.obj
 0001:00014230       ?OnSelectItem@CServerBrowser@@IAEXXZ 10015230 f   ServerBrowser.obj
 0001:000142d0       ?ConnectToSelectedServer@CServerBrowser@@QAEXXZ 100152d0 f   ServerBrowser.obj
 0001:00014380       ?OnRefreshList@CServerBrowser@@IAEXXZ 10015380 f   ServerBrowser.obj
 0001:00014430       ?OnStateChange@CServerBrowser@@UAEXW4ConnState@IGSClient@@@Z 10015430 f   ServerBrowser.obj
 0001:00014540       ?HandleServerInfo@CServerBrowser@@UAEXPAXK@Z 10015540 f   ServerBrowser.obj
 0001:000146b0       ?OnDoubleClickItem@CServerBrowser@@IAEXXZ 100156b0 f   ServerBrowser.obj
 0001:00014720       ?DialogProc@CServerBrowser@@QAGHPAUHWND__@@IIJ@Z 10015720 f   ServerBrowser.obj
 0001:000147f0       ?StaticDialogProc@CServerBrowser@@SGHPAUHWND__@@IIJ@Z 100157f0 f   ServerBrowser.obj
 0001:00014820       ?CreateBrowserWindow@CServerBrowser@@QAE_NH@Z 10015820 f   ServerBrowser.obj
 0001:00014880       ?UpdatePings@CServerBrowser@@IAEXXZ 10015880 f   ServerBrowser.obj
 0001:00014970       ??1CServerList@@UAE@XZ     10015970 f i ServerBrowser.obj
 0001:00014990       ??_GCServerList@@UAEPAXI@Z 10015990 f i ServerBrowser.obj
 0001:00014990       ??_ECServerList@@UAEPAXI@Z 10015990 f i ServerBrowser.obj
 0001:000149d0       ??1CServerBrowser@@UAE@XZ  100159d0 f   ServerBrowser.obj
 0001:00014a60       ?Update@CServerBrowser@@QAEXXZ 10015a60 f   ServerBrowser.obj
 0001:00014a90       ??0CServerBrowser@@QAE@XZ  10015a90 f   ServerBrowser.obj
 0001:00014bd0       ??_GCServerBrowser@@UAEPAXI@Z 10015bd0 f i ServerBrowser.obj
 0001:00014bd0       ??_ECServerBrowser@@UAEPAXI@Z 10015bd0 f i ServerBrowser.obj
 0001:00014bf0       ??0CServerListEntry@@QAE@PBD00GGEE@Z 10015bf0 f   ServerList.obj
 0001:00014c70       ??_ECServerListEntry@@UAEPAXI@Z 10015c70 f i ServerList.obj
 0001:00014c70       ??_GCServerListEntry@@UAEPAXI@Z 10015c70 f i ServerList.obj
 0001:00014c90       ?UpdateListedServerData@CServerList@@QAEXPAVCServerListEntry@@@Z 10015c90 f   ServerList.obj
 0001:00014dc0       ?InitializeControls@CServerList@@QAEXPAUHWND__@@@Z 10015dc0 f   ServerList.obj
 0001:00014f10       ?GetLocalID@CDarkPeer@@UAEKXZ 10015f10 f   DarkPeer.obj
 0001:00014f10       ?GetCount@CServerList@@QAEIXZ 10015f10 f   ServerList.obj
 0001:00014f20       ?_Incsize@?$list@PAVCServerListEntry@@V?$allocator@PAVCServerListEntry@@@std@@@std@@IAEXI@Z 10015f20 f i ServerList.obj
 0001:00014f20       ?_Incsize@?$list@PAVHistoryItem@@V?$allocator@PAVHistoryItem@@@std@@@std@@IAEXI@Z 10015f20 f i ConsoleGUI.obj
 0001:00014f20       ?_Incsize@?$list@PAVMessage@@V?$allocator@PAVMessage@@@std@@@std@@IAEXI@Z 10015f20 f i MessageManager.obj
 0001:00014fc0       ?AddServer@CServerList@@QAEPAVCServerListEntry@@PBD00GGEE@Z 10015fc0 f   ServerList.obj
 0001:000150a0       ?FindServerFromIP@CServerList@@QAEPAVCServerListEntry@@PBD@Z 100160a0 f   ServerList.obj
 0001:00015130       ?DeleteAll@CServerList@@QAEXXZ 10016130 f   ServerList.obj
 0001:000151d0       ?erase@?$list@PAVHistoryItem@@V?$allocator@PAVHistoryItem@@@std@@@std@@QAE?AV?$_Iterator@$00@12@V?$_Const_iterator@$00@12@@Z 100161d0 f i ConsoleGUI.obj
 0001:000151d0       ?erase@?$list@PAVCServerListEntry@@V?$allocator@PAVCServerListEntry@@@std@@@std@@QAE?AV?$_Iterator@$00@12@V?$_Const_iterator@$00@12@@Z 100161d0 f i ServerList.obj
 0001:000151d0       ?erase@?$list@PAVMessage@@V?$allocator@PAVMessage@@@std@@@std@@QAE?AV?$_Iterator@$00@12@V?$_Const_iterator@$00@12@@Z 100161d0 f i MessageManager.obj
 0001:00015250       ?RemoveServer@CServerList@@QAEXPAVCServerListEntry@@@Z 10016250 f   ServerList.obj
 0001:00015310       ?FixupImports@@YAXXZ       10016310 f   Imports.obj
 0001:00015340       ?HookVictoryCheckOnSlain@@YGXPAUsScrMsg@@PAVcMultiParm@@@Z 10016340 f   ScriptHooks.obj
 0001:00015350       ?ApplyGenPatches@@YAXXZ    10016350 f   ScriptHooks.obj
 0001:00015390       ?IsScriptModule@@YA_NPBD0@Z 10016390 f   ScriptHooks.obj
 0001:000153f0       ?SendMessageA@HookScriptMan@@YGJKPAUsScrMsg@@PAUsMultiParm@@@Z 100163f0 f   ScriptHooks.obj
 0001:00015440       ?HookStdElevatorReceiveMessage@@YGXPAVStdElevatorScript@@PAUsScrMsg@@PAVcMultiParm@@W4eScrTraceAction@@@Z 10016440 f   ScriptHooks.obj
 0001:00015520       ?HookContainerReceiveMessage@@YGXPAUIRootScript@@PAUsScrMsg@@PAVcMultiParm@@W4eScrTraceAction@@@Z 10016520 f   ScriptHooks.obj
 0001:000155d0       ?HookLockSoundsReceiveMessage@@YGXPAUIRootScript@@PAUsScrMsg@@PAVcMultiParm@@W4eScrTraceAction@@@Z 100165d0 f   ScriptHooks.obj
 0001:00015760       ?HookStdBookReceiveMessage@@YGXPAUIRootScript@@PAUsScrMsg@@PAVcMultiParm@@W4eScrTraceAction@@@Z 10016760 f   ScriptHooks.obj
 0001:00015850       ?HookStdKeyReceiveMessage@@YGXPAUIRootScript@@PAUsScrMsg@@PAVcMultiParm@@W4eScrTraceAction@@@Z 10016850 f   ScriptHooks.obj
 0001:000159b0       ?HookArrowReceiveMessage@@YGXPAUIRootScript@@PAUsScrMsg@@PAVcMultiParm@@W4eScrTraceAction@@@Z 100169b0 f   ScriptHooks.obj
 0001:00015b10       ?HookCollisionStickReceiveMessage@@YGXPAVCollisionStickScript@@PAUsScrMsg@@PAVcMultiParm@@W4eScrTraceAction@@@Z 10016b10 f   ScriptHooks.obj
 0001:00015d10       ?AddModule@HookScriptMan@@YGJKPBD@Z 10016d10 f   ScriptHooks.obj
 0001:00015da0       ?WorldFrobbableReceiveMessage@@YGXPAUIRootScript@@PAUsScrMsg@@PAVcMultiParm@@W4eScrTraceAction@@@Z 10016da0 f   ScriptHooks.obj
 0001:00015ee0       ?FindString@StringHashTable@@QAE?AW4StringHashID@@PBD@Z 10016ee0 f   StringHashTable.obj
 0001:00015f20       ?StringHashInit@@YAXXZ     10016f20 f   StringHashTable.obj
 0001:00015fb0       ?StringHashTerm@@YAXXZ     10016fb0 f   StringHashTable.obj
 0001:00015fd0       ?FreePCX@@YAXAAPAUIRes@@@Z 10016fd0 f   DarkOverlay.obj
 0001:00016000       ?DrawByHandle@@YAXPAUIRes@@AAUPoint@@@Z 10017000 f   DarkOverlay.obj
 0001:00016040       ??1DarkOverlayManager@@UAE@XZ 10017040 f   DarkOverlay.obj
 0001:00016090       ?FindByName@DarkOverlayManager@@QAEPAUIDarkOverlay@@PBD@Z 10017090 f   DarkOverlay.obj
 0001:000160e0       ?OverlayEnabled@DarkOverlayManager@@QAE_NPBD@Z 100170e0 f   DarkOverlay.obj
 0001:00016100       ?InitAll@DarkOverlayManager@@QAEXXZ 10017100 f   DarkOverlay.obj
 0001:00016130       ?DrawAll@DarkOverlayManager@@QAEXXZ 10017130 f   DarkOverlay.obj
 0001:00016170       ?DisableAll@DarkOverlayManager@@QAEXXZ 10017170 f   DarkOverlay.obj
 0001:000161a0       ?AnyEnabled@DarkOverlayManager@@QAE_NXZ 100171a0 f   DarkOverlay.obj
 0001:000161d0       ?TermAll@DarkOverlayManager@@QAEXXZ 100171d0 f   DarkOverlay.obj
 0001:00016200       ?SetEnable@DarkOverlay@@UAEX_N@Z 10017200 f   DarkOverlay.obj
 0001:00016230       ?IsEnabled@DarkOverlay@@UAE_NXZ 10017230 f   DarkOverlay.obj
 0001:00016240       ?GetID@DarkOverlay@@UAEKXZ 10017240 f   DarkOverlay.obj
 0001:00016250       ?CenterRect@DarkOverlay@@IAEXAAURect@@0@Z 10017250 f   DarkOverlay.obj
 0001:000162c0       ?Init@DarkOverlay@@UAE_NXZ 100172c0 f   DarkOverlay.obj
 0001:000162f0       ?OnAddTimeClicked@PlayersOverlay@@SAXPAVDialogElement@@UPoint@@@Z 100172f0 f   DarkOverlay.obj
 0001:00016330       ?Init@BookOverlay@@UAE_NXZ 10017330 f   DarkOverlay.obj
 0001:00016380       ?OnLeftClick@BookOverlay@@UAEXUPoint@@@Z 10017380 f   DarkOverlay.obj
 0001:000163f0       ?SetupPages@BookOverlay@@QAEXXZ 100173f0 f   DarkOverlay.obj
 0001:000164b0       ?IsStagingMode@@YA_NXZ     100174b0 f   DarkOverlay.obj
 0001:000164d0       ?OverlayTerm@@YAXXZ        100174d0 f   DarkOverlay.obj
 0001:000164f0       ?_Xlen@?$vector@PAVDialogElement@@V?$allocator@PAVDialogElement@@@std@@@std@@KAXXZ 100174f0 f i DarkOverlay.obj
 0001:00016570       ??$_Allocate@PAVDialogElement@@@std@@YAPAPAVDialogElement@@IPAPAV1@@Z 10017570 f i DarkOverlay.obj
 0001:000165d0       ?LoadPCX@@YAPAUIRes@@PBD0_N@Z 100175d0 f   DarkOverlay.obj
 0001:000166a0       ?Draw@DarkOverlay@@UAEXXZ  100176a0 f   DarkOverlay.obj
 0001:00016720       ??_EDarkOverlayManager@@UAEPAXI@Z 10017720 f i DarkOverlay.obj
 0001:00016720       ??_GDarkOverlayManager@@UAEPAXI@Z 10017720 f i DarkOverlay.obj
 0001:00016740       ?EnableOverlay@DarkOverlayManager@@QAEXPBD_N@Z 10017740 f   DarkOverlay.obj
 0001:000167a0       ?ToggleOverlay@DarkOverlayManager@@QAEXPBD@Z 100177a0 f   DarkOverlay.obj
 0001:00016800       ?EnableMouseMode@DarkOverlayManager@@QAEX_N@Z 10017800 f   DarkOverlay.obj
 0001:000168c0       ?DrawCursor@DarkOverlayManager@@QAEXXZ 100178c0 f   DarkOverlay.obj
 0001:00016920       ?HandleClick@DarkOverlayManager@@QAE_NXZ 10017920 f   DarkOverlay.obj
 0001:000169a0       ?OnLeftClick@PlayersOverlay@@UAEXUPoint@@@Z 100179a0 f   DarkOverlay.obj
 0001:00016a00       ?UpdatePlayers@PlayersOverlay@@QAEXXZ 10017a00 f   DarkOverlay.obj
 0001:00016be0       ?SetEnable@PlayersOverlay@@UAEX_N@Z 10017be0 f   DarkOverlay.obj
 0001:00016cb0       ?OnKickPlayerClicked@PlayersOverlay@@SAXPAVDialogElement@@UPoint@@@Z 10017cb0 f   DarkOverlay.obj
 0001:00016d10       ?LoadMapImage@MapOverlay@@QAEXXZ 10017d10 f   DarkOverlay.obj
 0001:00016d70       ?Draw@BookOverlay@@UAEXXZ  10017d70 f   DarkOverlay.obj
 0001:00017050       ?SetEnable@BookOverlay@@UAEX_N@Z 10018050 f   DarkOverlay.obj
 0001:00017050       ?SetEnable@SimOverlay@@UAEX_N@Z 10018050 f   DarkOverlay.obj
 0001:000170b0       ?DestroyBook@BookOverlay@@QAEXXZ 100180b0 f   DarkOverlay.obj
 0001:00017180       ?LoadBook@BookOverlay@@QAEXPBD0@Z 10018180 f   DarkOverlay.obj
 0001:000174b0       ?Init@SimOverlay@@UAE_NXZ  100184b0 f   DarkOverlay.obj
 0001:00017570       ?Draw@SimOverlay@@UAEXXZ   10018570 f   DarkOverlay.obj
 0001:00017740       ?Init@ObjectivesOverlay@@UAE_NXZ 10018740 f   DarkOverlay.obj
 0001:000179b0       ?DrawGoalStatus@ObjectivesOverlay@@IAEXHPAUgrs_font@@H@Z 100189b0 f   DarkOverlay.obj
 0001:00017aa0       ?DisplayFits@ObjectivesOverlay@@IAE_NABURect@@PAUgrs_font@@@Z 10018aa0 f   DarkOverlay.obj
 0001:00017bd0       ?Draw@ObjectivesOverlay@@UAEXXZ 10018bd0 f   DarkOverlay.obj
 0001:00017ee0       ?SetEnable@ObjectivesOverlay@@UAEX_N@Z 10018ee0 f   DarkOverlay.obj
 0001:00017f50       ?Draw@StagingOverlay@@UAEXXZ 10018f50 f   DarkOverlay.obj
 0001:00017fc0       ?UpdateSettings@StagingOverlay@@IAEXXZ 10018fc0 f   DarkOverlay.obj
 0001:00018220       ?SetEnable@StagingOverlay@@UAEX_N@Z 10019220 f   DarkOverlay.obj
 0001:00018270       ?OnLeftClick@StagingOverlay@@UAEXUPoint@@@Z 10019270 f   DarkOverlay.obj
 0001:00018280       ?StagingClose@@YAXXZ       10019280 f   DarkOverlay.obj
 0001:000182d0       ?OnFrame@DarkOverlayManager@@QAEXXZ 100192d0 f   DarkOverlay.obj
 0001:000182e0       ?Draw@PlayersOverlay@@UAEXXZ 100192e0 f   DarkOverlay.obj
 0001:00018320       ?Init@MapOverlay@@UAE_NXZ  10019320 f   DarkOverlay.obj
 0001:000183c0       ?OnLeftClick@MapOverlay@@UAEXUPoint@@@Z 100193c0 f   DarkOverlay.obj
 0001:00018410       ?OnReadBook@@YGJKPBD0@Z    10019410 f   DarkOverlay.obj
 0001:000184f0       ?OnLoadMission@StagingOverlay@@SAXPAVDialogElement@@UPoint@@@Z 100194f0 f   DarkOverlay.obj
 0001:00018520       ?OnQuit@StagingOverlay@@SAXPAVDialogElement@@UPoint@@@Z 10019520 f   DarkOverlay.obj
 0001:00018590       ??1?$_List_val@PAVMessage@@V?$allocator@PAVMessage@@@std@@@std@@QAE@XZ 10019590 f i MessageManager.obj
 0001:00018590       ??1?$_List_val@PAVHistoryItem@@V?$allocator@PAVHistoryItem@@@std@@@std@@QAE@XZ 10019590 f i ConsoleGUI.obj
 0001:00018590       ??1?$_Vector_val@PAVDialogElement@@V?$allocator@PAVDialogElement@@@std@@@std@@QAE@XZ 10019590 f i DarkOverlay.obj
 0001:00018590       ??1?$_Tree_val@V?$_Tmap_traits@HHU?$less@H@std@@V?$allocator@U?$pair@$$CBHH@std@@@2@$0A@@std@@@std@@QAE@XZ 10019590 f i Gamesys.obj
 0001:00018590       ??1?$_List_val@PAVCServerListEntry@@V?$allocator@PAVCServerListEntry@@@std@@@std@@QAE@XZ 10019590 f i ServerBrowser.obj
 0001:00018590       ??1?$_Tree_val@V?$_Tmap_traits@KPAUDP4Data@@U?$less@K@std@@V?$allocator@U?$pair@$$CBKPAUDP4Data@@@std@@@3@$0A@@std@@@std@@QAE@XZ 10019590 f i DarkPeer.obj
 0001:000185a0       ??$fill@PAPAVDialogElement@@PAV1@@std@@YAXPAPAVDialogElement@@0ABQAV1@@Z 100195a0 f i DarkOverlay.obj
[...]
 0001:0001eb02       __ehhandler$?erase@?$_Tree@V?$_Tmap_traits@HHU?$less@H@std@@V?$allocator@U?$pair@$$CBHH@std@@@2@$0A@@std@@@std@@QAE?AViterator@12@Vconst_iterator@12@@Z 1001fb02 f   Gamesys.obj
 0001:0001eb02       __ehhandler$?erase@?$_Tree@V?$_Tmap_traits@KPAUDP4Data@@U?$less@K@std@@V?$allocator@U?$pair@$$CBKPAUDP4Data@@@std@@@3@$0A@@std@@@std@@QAE?AViterator@12@Vconst_iterator@12@@Z 1001fb02 f   Gamesys.obj
 0001:0001eb02       __ehhandler$?_Insert@?$_Tree@V?$_Tmap_traits@KPAUDP4Data@@U?$less@K@std@@V?$allocator@U?$pair@$$CBKPAUDP4Data@@@std@@@3@$0A@@std@@@std@@IAE?AViterator@12@_NPAU_Node@?$_Tree_nod@V?$_Tmap_traits@KPAUDP4Data@@U?$less@K@std@@V?$allocator@U?$pair@$$CBKPAUDP4Data@@@std@@@3@$0A@@std@@@2@ABU?$pair@$$CBKPAUDP4Data@@@2@@Z 1001fb02 f   Gamesys.obj
 0001:0001eb02       __ehhandler$?_Incsize@?$list@PAVHistoryItem@@V?$allocator@PAVHistoryItem@@@std@@@std@@IAEXI@Z 1001fb02 f   Gamesys.obj
 0001:0001eb02       __ehhandler$?_Incsize@?$list@PAVCServerListEntry@@V?$allocator@PAVCServerListEntry@@@std@@@std@@IAEXI@Z 1001fb02 f   Gamesys.obj
 0001:0001eb10       __unwindfunclet$??1?$_Tree@V?$_Tmap_traits@KPAUDP4Data@@U?$less@K@std@@V?$allocator@U?$pair@$$CBKPAUDP4Data@@@std@@@3@$0A@@std@@@std@@QAE@XZ$0 1001fb10 f   Gamesys.obj
 0001:0001eb10       __unwindfunclet$??1?$_Tree@V?$_Tmap_traits@HHU?$less@H@std@@V?$allocator@U?$pair@$$CBHH@std@@@2@$0A@@std@@@std@@QAE@XZ$0 1001fb10 f   Gamesys.obj
 0001:0001eb18       __ehhandler$??1?$_Tree@V?$_Tmap_traits@KPAUDP4Data@@U?$less@K@std@@V?$allocator@U?$pair@$$CBKPAUDP4Data@@@std@@@3@$0A@@std@@@std@@QAE@XZ 1001fb18 f   Gamesys.obj
 0001:0001eb18       __ehhandler$??1?$_Tree@V?$_Tmap_traits@HHU?$less@H@std@@V?$allocator@U?$pair@$$CBHH@std@@@2@$0A@@std@@@std@@QAE@XZ 1001fb18 f   Gamesys.obj
 0001:0001eb30       __unwindfunclet$?CreateProjectilePickups@CGamesysManager@@QAEXXZ$0 1001fb30 f   Gamesys.obj
 0001:0001eb3b       __ehhandler$?CreateProjectilePickups@CGamesysManager@@QAEXXZ 1001fb3b f   Gamesys.obj
 0001:0001eb50       __unwindfunclet$??1MessageMgr@@UAE@XZ$0 1001fb50 f   MessageManager.obj
 0001:0001eb5b       __unwindfunclet$??1MessageMgr@@UAE@XZ$1 1001fb5b f   MessageManager.obj
 0001:0001eb66       __ehhandler$??1MessageMgr@@UAE@XZ 1001fb66 f   MessageManager.obj
 0001:0001eb70       __unwindfunclet$?Update@MessageMgr@@QAEXXZ$0 1001fb70 f   MessageManager.obj
 0001:0001eb7b       __ehhandler$?Update@MessageMgr@@QAEXXZ 1001fb7b f   MessageManager.obj
 0001:0001eb90       __unwindfunclet$??0?$_Tree@V?$_Tmap_traits@KPAUDP4Data@@U?$less@K@std@@V?$allocator@U?$pair@$$CBKPAUDP4Data@@@std@@@3@$0A@@std@@@std@@QAE@ABU?$less@K@1@ABV?$allocator@U?$pair@$$CBKPAUDP4Data@@@std@@@1@@Z$0 1001fb90 f   MessageManager.obj
 0001:0001eb90       __unwindfunclet$??0?$list@PAVHistoryItem@@V?$allocator@PAVHistoryItem@@@std@@@std@@QAE@XZ$0 1001fb90 f   MessageManager.obj
 0001:0001eb90       __unwindfunclet$??0?$list@PAVCServerListEntry@@V?$allocator@PAVCServerListEntry@@@std@@@std@@QAE@XZ$0 1001fb90 f   MessageManager.obj
 0001:0001eb90       __unwindfunclet$??0?$_Tree@V?$_Tmap_traits@HHU?$less@H@std@@V?$allocator@U?$pair@$$CBHH@std@@@2@$0A@@std@@@std@@QAE@ABU?$less@H@1@ABV?$allocator@U?$pair@$$CBHH@std@@@1@@Z$0 1001fb90 f   MessageManager.obj
 0001:0001eb90       __unwindfunclet$??0?$list@PAVMessage@@V?$allocator@PAVMessage@@@std@@@std@@QAE@XZ$0 1001fb90 f   MessageManager.obj
 0001:0001eb98       __ehhandler$??0?$_Tree@V?$_Tmap_traits@HHU?$less@H@std@@V?$allocator@U?$pair@$$CBHH@std@@@2@$0A@@std@@@std@@QAE@ABU?$less@H@1@ABV?$allocator@U?$pair@$$CBHH@std@@@1@@Z 1001fb98 f   MessageManager.obj
 0001:0001eb98       __ehhandler$??0?$list@PAVCServerListEntry@@V?$allocator@PAVCServerListEntry@@@std@@@std@@QAE@XZ 1001fb98 f   MessageManager.obj
 0001:0001eb98       __ehhandler$??0?$_Tree@V?$_Tmap_traits@KPAUDP4Data@@U?$less@K@std@@V?$allocator@U?$pair@$$CBKPAUDP4Data@@@std@@@3@$0A@@std@@@std@@QAE@ABU?$less@K@1@ABV?$allocator@U?$pair@$$CBKPAUDP4Data@@@std@@@1@@Z 1001fb98 f   MessageManager.obj
 0001:0001eb98       __ehhandler$??0?$list@PAVMessage@@V?$allocator@PAVMessage@@@std@@@std@@QAE@XZ 1001fb98 f   MessageManager.obj
 0001:0001eb98       __ehhandler$??0?$list@PAVHistoryItem@@V?$allocator@PAVHistoryItem@@@std@@@std@@QAE@XZ 1001fb98 f   MessageManager.obj
 0001:0001ebb0       __unwindfunclet$??0MessageMgr@@QAE@XZ$0 1001fbb0 f   MessageManager.obj
 0001:0001ebbb       __ehhandler$??0MessageMgr@@QAE@XZ 1001fbbb f   MessageManager.obj
 0001:0001ebd0       __unwindfunclet$?TimeString@@YA?AVNString@@H@Z$0 1001fbd0 f   Tools.obj
 0001:0001ebe9       __ehhandler$?TimeString@@YA?AVNString@@H@Z 1001fbe9 f   Tools.obj
 0001:0001ec00       __unwindfunclet$?GetMissionName@@YA?AVcAnsiStr@@H@Z$0 1001fc00 f   Tools.obj
 0001:0001ec08       __ehhandler$?GetMissionName@@YA?AVcAnsiStr@@H@Z 1001fc08 f   Tools.obj
 0001:0001ec20       __unwindfunclet$?HandlePingResponse@CServerBrowser@@UAEXPAX@Z$0 1001fc20 f   ServerBrowser.obj
 0001:0001ec2b       __ehhandler$?HandlePingResponse@CServerBrowser@@UAEXPAX@Z 1001fc2b f   ServerBrowser.obj
 0001:0001ec40       __unwindfunclet$??1CServerBrowser@@UAE@XZ$0 1001fc40 f   ServerBrowser.obj
 0001:0001ec4b       __unwindfunclet$??1CServerBrowser@@UAE@XZ$1 1001fc4b f   ServerBrowser.obj
 0001:0001ec56       __ehhandler$??1CServerBrowser@@UAE@XZ 1001fc56 f   ServerBrowser.obj
 0001:0001ec60       __unwindfunclet$??0CServerBrowser@@QAE@XZ$2 1001fc60 f   ServerBrowser.obj
 0001:0001ec6b       __unwindfunclet$??0CServerBrowser@@QAE@XZ$3 1001fc6b f   ServerBrowser.obj
 0001:0001ec76       __ehhandler$??0CServerBrowser@@QAE@XZ 1001fc76 f   ServerBrowser.obj
 0001:0001ec80       __ehhandler$?HookCollisionStickReceiveMessage@@YGXPAVCollisionStickScript@@PAUsScrMsg@@PAVcMultiParm@@W4eScrTraceAction@@@Z 1001fc80 f   ScriptHooks.obj
 0001:0001ec90       __unwindfunclet$?UpdatePlayers@PlayersOverlay@@QAEXXZ$0 1001fc90 f   DarkOverlay.obj
 0001:0001ec9b       __ehhandler$?UpdatePlayers@PlayersOverlay@@QAEXXZ 1001fc9b f   DarkOverlay.obj
 0001:0001ecb0       __unwindfunclet$?LoadBook@BookOverlay@@QAEXPBD0@Z$0 1001fcb0 f   DarkOverlay.obj
 0001:0001ecb8       __ehhandler$?LoadBook@BookOverlay@@QAEXPBD0@Z 1001fcb8 f   DarkOverlay.obj
 0001:0001ecd0       __unwindfunclet$?Draw@SimOverlay@@UAEXXZ$0 1001fcd0 f   DarkOverlay.obj
 0001:0001ecd8       __ehhandler$?Draw@SimOverlay@@UAEXXZ 1001fcd8 f   DarkOverlay.obj
 0001:0001ecf0       __unwindfunclet$?Init@ObjectivesOverlay@@UAE_NXZ$0 1001fcf0 f   DarkOverlay.obj
 0001:0001ecf8       __ehhandler$?Init@ObjectivesOverlay@@UAE_NXZ 1001fcf8 f   DarkOverlay.obj
 0001:0001ed10       __unwindfunclet$?SetApplicationDesc@CDarkSessionManager@@QAEXPBU_DPN_APPLICATION_DESC@@@Z$0 1001fd10 f   DarkOverlay.obj
 0001:0001ed10       __unwindfunclet$?SetSessionInfo@CDarkSessionManager@@QAEXPBU_DPN_APPLICATION_DESC@@@Z$0 1001fd10 f   DarkOverlay.obj
 0001:0001ed10       __unwindfunclet$?DrawGoalStatus@ObjectivesOverlay@@IAEXHPAUgrs_font@@H@Z$0 1001fd10 f   DarkOverlay.obj
 0001:0001ed10       __unwindfunclet$?HandleCrcRequest@PacketHandler@@IAEXXZ$0 1001fd10 f   DarkOverlay.obj
 0001:0001ed10       __unwindfunclet$?HandleCrcResponse@PacketHandler@@IAEXXZ$0 1001fd10 f   DarkOverlay.obj
 0001:0001ed10       __unwindfunclet$?DebugDrawVisibility@CClient@@QAEXXZ$0 1001fd10 f   DarkOverlay.obj
 0001:0001ed10       __unwindfunclet$?OnEnumerationResponse@CDarkPeer@@IAEXPAU_DPNMSG_ENUM_HOSTS_RESPONSE@@@Z$0 1001fd10 f   DarkOverlay.obj
 0001:0001ed10       __unwindfunclet$?UpdateServerCount@CServerBrowser@@QAEXXZ$0 1001fd10 f   DarkOverlay.obj
 0001:0001ed18       __ehhandler$?HandleCrcRequest@PacketHandler@@IAEXXZ 1001fd18 f   DarkOverlay.obj
 0001:0001ed18       __ehhandler$?DebugDrawVisibility@CClient@@QAEXXZ 1001fd18 f   DarkOverlay.obj
 0001:0001ed18       __ehhandler$?OnEnumerationResponse@CDarkPeer@@IAEXPAU_DPNMSG_ENUM_HOSTS_RESPONSE@@@Z 1001fd18 f   DarkOverlay.obj
 0001:0001ed18       __ehhandler$?SetSessionInfo@CDarkSessionManager@@QAEXPBU_DPN_APPLICATION_DESC@@@Z 1001fd18 f   DarkOverlay.obj
 0001:0001ed18       __ehhandler$?HandleCrcResponse@PacketHandler@@IAEXXZ 1001fd18 f   DarkOverlay.obj
 0001:0001ed18       __ehhandler$?DrawGoalStatus@ObjectivesOverlay@@IAEXHPAUgrs_font@@H@Z 1001fd18 f   DarkOverlay.obj
 0001:0001ed18       __ehhandler$?UpdateServerCount@CServerBrowser@@QAEXXZ 1001fd18 f   DarkOverlay.obj
 0001:0001ed18       __ehhandler$?SetApplicationDesc@CDarkSessionManager@@QAEXPBU_DPN_APPLICATION_DESC@@@Z 1001fd18 f   DarkOverlay.obj
 0001:0001ed30       __unwindfunclet$?Draw@ObjectivesOverlay@@UAEXXZ$0 1001fd30 f   DarkOverlay.obj
 0001:0001ed3b       __unwindfunclet$?Draw@ObjectivesOverlay@@UAEXXZ$1 1001fd3b f   DarkOverlay.obj
 0001:0001ed46       __ehhandler$?Draw@ObjectivesOverlay@@UAEXXZ 1001fd46 f   DarkOverlay.obj
 0001:0001ed50       __unwindfunclet$?UpdateSettings@StagingOverlay@@IAEXXZ$0 1001fd50 f   DarkOverlay.obj
 0001:0001ed58       __unwindfunclet$?UpdateSettings@StagingOverlay@@IAEXXZ$1 1001fd58 f   DarkOverlay.obj
 0001:0001ed60       __ehhandler$?UpdateSettings@StagingOverlay@@IAEXXZ 1001fd60 f   DarkOverlay.obj
 0001:0001ed70       __unwindfunclet$??0DarkOverlay@@QAE@PBD@Z$1 1001fd70 f   DarkOverlay.obj
 0001:0001ed78       __unwindfunclet$??0DarkOverlay@@QAE@PBD@Z$0 1001fd78 f   DarkOverlay.obj
 0001:0001ed83       __ehhandler$??0DarkOverlay@@QAE@PBD@Z 1001fd83 f   DarkOverlay.obj
 0001:0001ed90       __unwindfunclet$??0MapOverlay@@QAE@PBD@Z$0 1001fd90 f   DarkOverlay.obj
 0001:0001ed98       __unwindfunclet$??0MapOverlay@@QAE@PBD@Z$1 1001fd98 f   DarkOverlay.obj
 0001:0001eda3       __ehhandler$??0MapOverlay@@QAE@PBD@Z 1001fda3 f   DarkOverlay.obj
 0001:0001edb0       __unwindfunclet$??0ObjectivesOverlay@@QAE@PBD@Z$0 1001fdb0 f   DarkOverlay.obj
 0001:0001edb8       __unwindfunclet$??0ObjectivesOverlay@@QAE@PBD@Z$1 1001fdb8 f   DarkOverlay.obj
 0001:0001edc3       __ehhandler$??0ObjectivesOverlay@@QAE@PBD@Z 1001fdc3 f   DarkOverlay.obj
 0001:0001edd0       __unwindfunclet$??1BookOverlay@@UAE@XZ$0 1001fdd0 f   DarkOverlay.obj
 0001:0001edd0       __unwindfunclet$??1SimOverlay@@UAE@XZ$0 1001fdd0 f   DarkOverlay.obj
 0001:0001edd0       __unwindfunclet$??1ObjectivesOverlay@@UAE@XZ$0 1001fdd0 f   DarkOverlay.obj
 0001:0001edd0       __unwindfunclet$??1MapOverlay@@UAE@XZ$0 1001fdd0 f   DarkOverlay.obj
 0001:0001edd0       __unwindfunclet$??0SimOverlay@@QAE@PBD@Z$0 1001fdd0 f   DarkOverlay.obj
 0001:0001edd8       __ehhandler$??0SimOverlay@@QAE@PBD@Z 1001fdd8 f   DarkOverlay.obj
 0001:0001edd8       __ehhandler$??1BookOverlay@@UAE@XZ 1001fdd8 f   DarkOverlay.obj
 0001:0001edd8       __ehhandler$??1MapOverlay@@UAE@XZ 1001fdd8 f   DarkOverlay.obj
 0001:0001edd8       __ehhandler$??1SimOverlay@@UAE@XZ 1001fdd8 f   DarkOverlay.obj
 0001:0001edd8       __ehhandler$??1ObjectivesOverlay@@UAE@XZ 1001fdd8 f   DarkOverlay.obj
 0001:0001edf0       __unwindfunclet$??0DarkOverlayManager@@QAE@XZ$0 1001fdf0 f   DarkOverlay.obj
 0001:0001edfb       __unwindfunclet$??0DarkOverlayManager@@QAE@XZ$1 1001fdfb f   DarkOverlay.obj
 0001:0001ee06       __unwindfunclet$??0DarkOverlayManager@@QAE@XZ$2 1001fe06 f   DarkOverlay.obj
 0001:0001ee11       __unwindfunclet$??0DarkOverlayManager@@QAE@XZ$3 1001fe11 f   DarkOverlay.obj
 0001:0001ee1c       __unwindfunclet$??0DarkOverlayManager@@QAE@XZ$4 1001fe1c f   DarkOverlay.obj
 0001:0001ee27       __unwindfunclet$??0DarkOverlayManager@@QAE@XZ$5 1001fe27 f   DarkOverlay.obj
 0001:0001ee32       __ehhandler$??0DarkOverlayManager@@QAE@XZ 1001fe32 f   DarkOverlay.obj
 0001:0001ee40       __unwindfunclet$?StringHashInit@@YAXXZ$0 1001fe40 f   DarkOverlay.obj
 0001:0001ee40       __unwindfunclet$?OverlayInit@@YAXXZ$0 1001fe40 f   DarkOverlay.obj
 0001:0001ee40       __unwindfunclet$?AddButton@DarkOverlay@@QAEPAVElement_Button@@PBDMMKKPAUgrs_font@@P6AXPAVDialogElement@@UPoint@@@Z@Z$0 1001fe40 f   DarkOverlay.obj
 0001:0001ee40       __unwindfunclet$?AddServer@CServerList@@QAEPAVCServerListEntry@@PBD00GGEE@Z$0 1001fe40 f   DarkOverlay.obj
 0001:0001ee40       __unwindfunclet$?SaveManagerInit@@YAXXZ$0 1001fe40 f   DarkOverlay.obj
 0001:0001ee40       __unwindfunclet$?AddText@DarkOverlay@@QAEPAVElement_Text@@PBDMMKKPAUgrs_font@@@Z$0 1001fe40 f   DarkOverlay.obj
 0001:0001ee40       __unwindfunclet$?AddImage@DarkOverlay@@QAEPAVElement_Image@@PBD0MMKP6AXPAVDialogElement@@UPoint@@@Z@Z$0 1001fe40 f   DarkOverlay.obj
 0001:0001ee40       __unwindfunclet$?AddLine@MessageMgr@@QAEX_NPBD@Z$0 1001fe40 f   DarkOverlay.obj
 0001:0001ee40       __unwindfunclet$?Get@MessageMgr@@SAPAV1@XZ$0 1001fe40 f   DarkOverlay.obj
 0001:0001ee4b       __ehhandler$?Get@MessageMgr@@SAPAV1@XZ 1001fe4b f   DarkOverlay.obj
 0001:0001ee4b       __ehhandler$?AddLine@MessageMgr@@QAEX_NPBD@Z 1001fe4b f   DarkOverlay.obj
 0001:0001ee4b       __ehhandler$?AddImage@DarkOverlay@@QAEPAVElement_Image@@PBD0MMKP6AXPAVDialogElement@@UPoint@@@Z@Z 1001fe4b f   DarkOverlay.obj
 0001:0001ee4b       __ehhandler$?SaveManagerInit@@YAXXZ 1001fe4b f   DarkOverlay.obj
 0001:0001ee4b       __ehhandler$?AddText@DarkOverlay@@QAEPAVElement_Text@@PBDMMKKPAUgrs_font@@@Z 1001fe4b f   DarkOverlay.obj
 0001:0001ee4b       __ehhandler$?AddServer@CServerList@@QAEPAVCServerListEntry@@PBD00GGEE@Z 1001fe4b f   DarkOverlay.obj
 0001:0001ee4b       __ehhandler$?OverlayInit@@YAXXZ 1001fe4b f   DarkOverlay.obj
 0001:0001ee4b       __ehhandler$?AddButton@DarkOverlay@@QAEPAVElement_Button@@PBDMMKKPAUgrs_font@@P6AXPAVDialogElement@@UPoint@@@Z@Z 1001fe4b f   DarkOverlay.obj
 0001:0001ee4b       __ehhandler$?StringHashInit@@YAXXZ 1001fe4b f   DarkOverlay.obj
 0001:0001ee60       __unwindfunclet$?Init@StagingOverlay@@UAE_NXZ$0 1001fe60 f   DarkOverlay.obj
 0001:0001ee60       __unwindfunclet$?Init@PlayersOverlay@@UAE_NXZ$0 1001fe60 f   DarkOverlay.obj
 0001:0001ee68       __unwindfunclet$?Init@StagingOverlay@@UAE_NXZ$1 1001fe68 f   DarkOverlay.obj
 0001:0001ee68       __unwindfunclet$?Init@PlayersOverlay@@UAE_NXZ$1 1001fe68 f   DarkOverlay.obj
 0001:0001ee70       __unwindfunclet$?Init@StagingOverlay@@UAE_NXZ$2 1001fe70 f   DarkOverlay.obj
 0001:0001ee70       __unwindfunclet$?Init@PlayersOverlay@@UAE_NXZ$2 1001fe70 f   DarkOverlay.obj
 0001:0001ee78       __unwindfunclet$?Init@StagingOverlay@@UAE_NXZ$3 1001fe78 f   DarkOverlay.obj
 0001:0001ee78       __unwindfunclet$?Init@PlayersOverlay@@UAE_NXZ$3 1001fe78 f   DarkOverlay.obj
 0001:0001ee80       __unwindfunclet$?Init@StagingOverlay@@UAE_NXZ$4 1001fe80 f   DarkOverlay.obj
 0001:0001ee80       __unwindfunclet$?Init@PlayersOverlay@@UAE_NXZ$4 1001fe80 f   DarkOverlay.obj
 0001:0001ee88       __ehhandler$?Init@StagingOverlay@@UAE_NXZ 1001fe88 f   DarkOverlay.obj
 0001:0001ee88       __ehhandler$?Init@PlayersOverlay@@UAE_NXZ 1001fe88 f   DarkOverlay.obj
 0001:0001eea0       __unwindfunclet$??1Element_Text@@UAE@XZ$0 1001fea0 f   DialogElement.obj
 0001:0001eea8       __ehhandler$??1Element_Text@@UAE@XZ 1001fea8 f   DialogElement.obj
 0001:0001eec0       __unwindfunclet$??1Element_Image@@UAE@XZ$0 1001fec0 f   DialogElement.obj
 0001:0001eec8       __unwindfunclet$??1Element_Image@@UAE@XZ$1 1001fec8 f   DialogElement.obj
 0001:0001eed3       __ehhandler$??1Element_Image@@UAE@XZ 1001fed3 f   DialogElement.obj
 0001:0001eee0       __unwindfunclet$??0Element_Image@@QAE@PAUIDarkOverlay@@PBD1MMKP6AXPAVDialogElement@@UPoint@@@Z@Z$0 1001fee0 f   DialogElement.obj
 0001:0001eee8       __unwindfunclet$??0Element_Image@@QAE@PAUIDarkOverlay@@PBD1MMKP6AXPAVDialogElement@@UPoint@@@Z@Z$1 1001fee8 f   DialogElement.obj
 0001:0001eef3       __unwindfunclet$??0Element_Image@@QAE@PAUIDarkOverlay@@PBD1MMKP6AXPAVDialogElement@@UPoint@@@Z@Z$2 1001fef3 f   DialogElement.obj
 0001:0001eefe       __ehhandler$??0Element_Image@@QAE@PAUIDarkOverlay@@PBD1MMKP6AXPAVDialogElement@@UPoint@@@Z@Z 1001fefe f   DialogElement.obj
 0001:0001ef10       __unwindfunclet$??0Element_Text@@QAE@PAUIDarkOverlay@@PBDMMKKPAUgrs_font@@@Z$0 1001ff10 f   DialogElement.obj
 0001:0001ef18       __unwindfunclet$??0Element_Text@@QAE@PAUIDarkOverlay@@PBDMMKKPAUgrs_font@@@Z$1 1001ff18 f   DialogElement.obj
 0001:0001ef23       __unwindfunclet$??0Element_Text@@QAE@PAUIDarkOverlay@@PBDMMKKPAUgrs_font@@@Z$2 1001ff23 f   DialogElement.obj
 0001:0001ef2b       __ehhandler$??0Element_Text@@QAE@PAUIDarkOverlay@@PBDMMKKPAUgrs_font@@@Z 1001ff2b f   DialogElement.obj
 0001:0001ef40       $L61341                    1001ff40 f   Engine:ConfigManager.obj
 0001:0001ef40       $L61362                    1001ff40 f   Engine:ConfigManager.obj
 0001:0001ef40       $L61379                    1001ff40 f   Engine:ConfigManager.obj
 0001:0001ef40       $L61406                    1001ff40 f   Engine:ConfigManager.obj
 0001:0001ef40       $L62308                    1001ff40 f   Engine:ConfigManager.obj
 0001:0001ef4b       __ehhandler$?CreateFloatVar@ConfigManager@@IAEPAVConfigVar@@PBD@Z 1001ff4b f   Engine:ConfigManager.obj
 0001:0001ef4b       __ehhandler$?Initialize@EventManager@@SAXXZ 1001ff4b f   Engine:ConfigManager.obj
 0001:0001ef4b       __ehhandler$?CreateStringVar@ConfigManager@@IAEPAVConfigVar@@PBD@Z 1001ff4b f   Engine:ConfigManager.obj
 0001:0001ef4b       __ehhandler$?CreateIntVar@ConfigManager@@IAEPAVConfigVar@@PBD@Z 1001ff4b f   Engine:ConfigManager.obj
 0001:0001ef4b       __ehhandler$?SetIniFile@ConfigManager@@QAEXPBD@Z 1001ff4b f   Engine:ConfigManager.obj
 0001:0001ef60       $L59919                    1001ff60 f   Engine:Utilities.obj
 0001:0001ef69       $L59920                    1001ff69 f   Engine:Utilities.obj
 0001:0001ef72       $L59921                    1001ff72 f   Engine:Utilities.obj
 0001:0001ef8c       __ehhandler$?GetParam@@YA?AV?$basic_string@DU?$char_traits@D@std@@V?$allocator@D@2@@std@@V12@DI@Z 1001ff8c f   Engine:Utilities.obj
 0001:0001efa0       $L60765                    1001ffa0 f   Engine:EventManager.obj
 0001:0001efa0       $L61812                    1001ffa0 f   Engine:EventManager.obj
 0001:0001efa9       $L60769                    1001ffa9 f   Engine:EventManager.obj
 0001:0001efa9       $L61832                    1001ffa9 f   Engine:EventManager.obj
 0001:0001efb2       __ehhandler$?_Xlen@?$vector@VEventListener@@V?$allocator@VEventListener@@@std@@@std@@IBEXXZ 1001ffb2 f   Engine:EventManager.obj
 0001:0001efb2       __ehhandler$?_Incsize@?$list@PAVConfigVar@@V?$allocator@PAVConfigVar@@@std@@@std@@IAEXI@Z 1001ffb2 f   Engine:EventManager.obj
 0001:0001efc0       __ehhandler$?_Insert_n@?$vector@VEventListener@@V?$allocator@VEventListener@@@std@@@std@@IAEXViterator@12@IABVEventListener@@@Z 1001ffc0 f   Engine:EventManager.obj
 0001:0001efd0       $L59582                    1001ffd0 f   Engine:EngError.obj
 0001:0001efdc       __ehhandler$?ErrorMessageBox@@YAXPBD@Z 1001ffdc f   Engine:EngError.obj
 0001:0001eff0       ??__EcsReceive@@YAXXZ      1001fff0 f   DarkPeer.obj
 0001:0001f020       ??__ENewReceiveQueue@@YAXXZ 10020020 f   DarkPeer.obj
 0001:0001f030       ??__Eg_ConnectAttempt@@YAXXZ 10020030 f   DarkPeer.obj
 0001:0001f080       ??__EPlayers@@YAXXZ        10020080 f   PlayerDB.obj
 0001:0001f0a0       ??__ECfg@@YAXXZ            100200a0 f   Config.obj
 0001:0001f0c0       ??__EGamesys@@YAXXZ        100200c0 f   Gamesys.obj
 0001:0001f0f0       ??__ELog@@YAXXZ            100200f0 f   Main.obj
 0001:0001f110       ??__Eg_CoreThread@@YAXXZ   10020110 f   Main.obj
 0001:0001f140       ??__ENetworkedReactions@@YAXXZ 10020140 f   NetReactions.obj
 0001:0001f170       ??__FcsReceive@@YAXXZ      10020170 f   DarkPeer.obj
 0001:0001f180       ??__Fg_ConnectAttempt@@YAXXZ 10020180 f   DarkPeer.obj
 0001:0001f1d0       ??__FNewReceiveQueue@@YAXXZ 100201d0 f   DarkPeer.obj
 0001:0001f1e0       ??__FPlayers@@YAXXZ        100201e0 f   PlayerDB.obj
 0001:0001f200       ??__FCfg@@YAXXZ            10020200 f   Config.obj
 0001:0001f210       ??__FGamesys@@YAXXZ        10020210 f   Gamesys.obj
 0001:0001f220       ??__FLog@@YAXXZ            10020220 f   Main.obj
 0001:0001f230       ??__Fg_CoreThread@@YAXXZ   10020230 f   Main.obj
